Archive member included because of file (symbol)

cpu/arm920t/libarm920t.a(interrupts.o)
                              cpu/arm920t/start.o (do_undefined_instruction)
cpu/arm920t/s3c24x0/libs3c24x0.a(interrupts.o)
                              cpu/arm920t/libarm920t.a(interrupts.o) (reset_cpu)
cpu/arm920t/s3c24x0/libs3c24x0.a(speed.o)
                              cpu/arm920t/s3c24x0/libs3c24x0.a(interrupts.o) (get_PCLK)
lib_arm/libarm.a(_udivsi3.o)  cpu/arm920t/s3c24x0/libs3c24x0.a(interrupts.o) (__udivsi3)
lib_arm/libarm.a(board.o)     cpu/arm920t/s3c24x0/libs3c24x0.a(speed.o) (hang)
lib_arm/libarm.a(div0.o)      lib_arm/libarm.a(_udivsi3.o) (__div0)
net/libnet.a(net.o)           lib_arm/libarm.a(board.o) (copy_filename)
net/libnet.a(tftp.o)          net/libnet.a(net.o) (TftpStart)
net/libnet.a(bootp.o)         net/libnet.a(net.o) (BootpRequest)
net/libnet.a(rarp.o)          net/libnet.a(net.o) (RarpRequest)
net/libnet.a(eth.o)           lib_arm/libarm.a(board.o) (eth_initialize)
net/libnet.a(nfs.o)           net/libnet.a(net.o) (NfsStart)
drivers/libdrivers.a(dm9000x.o)
                              net/libnet.a(net.o) (eth_init)
drivers/nand/libnand.a(nand.o)
                              lib_arm/libarm.a(board.o) (nand_init)
drivers/nand/libnand.a(nand_base.o)
                              drivers/nand/libnand.a(nand.o) (nand_scan)
drivers/nand/libnand.a(nand_ids.o)
                              drivers/nand/libnand.a(nand_base.o) (nand_manuf_ids)
drivers/nand/libnand.a(nand_ecc.o)
                              drivers/nand/libnand.a(nand_base.o) (nand_calculate_ecc)
drivers/nand/libnand.a(nand_bbt.o)
                              drivers/nand/libnand.a(nand_base.o) (nand_update_bbt)
common/libcommon.a(main.o)    lib_arm/libarm.a(board.o) (main_loop)
common/libcommon.a(cmd_autoscript.o)
                              (__u_boot_cmd_autoscr)
common/libcommon.a(cmd_bdinfo.o)
                              (__u_boot_cmd_bdinfo)
common/libcommon.a(cmd_boot.o)
                              (__u_boot_cmd_reset)
common/libcommon.a(cmd_bootm.o)
                              (__u_boot_cmd_imls)
common/libcommon.a(cmd_cache.o)
                              (__u_boot_cmd_dcache)
common/libcommon.a(cmd_console.o)
                              (__u_boot_cmd_coninfo)
common/libcommon.a(cmd_date.o)
                              (__u_boot_cmd_date)
common/libcommon.a(cmd_elf.o)
                              (__u_boot_cmd_bootvx)
common/libcommon.a(cmd_flash.o)
                              (__u_boot_cmd_protect)
common/libcommon.a(cmd_itest.o)
                              (__u_boot_cmd_itest)
common/libcommon.a(cmd_jffs2.o)
                              (__u_boot_cmd_mtdparts)
common/libcommon.a(cmd_load.o)
                              (__u_boot_cmd_loady)
common/libcommon.a(cmd_mem.o)
                              (__u_boot_cmd_mtest)
common/libcommon.a(cmd_misc.o)
                              (__u_boot_cmd_sleep)
common/libcommon.a(cmd_nand.o)
                              (__u_boot_cmd_nboot)
common/libcommon.a(cmd_net.o)
                              (__u_boot_cmd_ping)
common/libcommon.a(cmd_nvedit.o)
                              (__u_boot_cmd_run)
common/libcommon.a(cmd_usbslave.o)
                              (__u_boot_cmd_usbslave)
common/libcommon.a(cmd_menu.o)
                              (__u_boot_cmd_menu)
common/libcommon.a(command.o)
                              (__u_boot_cmd_question_mark)
common/libcommon.a(console.o)
                              cpu/arm920t/libarm920t.a(interrupts.o) (printf)
common/libcommon.a(devices.o)
                              common/libcommon.a(cmd_console.o) (stdio_names)
common/libcommon.a(dlmalloc.o)
                              drivers/nand/libnand.a(nand_base.o) (free)
common/libcommon.a(env_common.o)
                              common/libcommon.a(cmd_nvedit.o) (env_get_char)
common/libcommon.a(env_nand.o)
                              common/libcommon.a(env_common.o) (env_ptr)
common/libcommon.a(exports.o)
                              lib_arm/libarm.a(board.o) (jumptable_init)
common/libcommon.a(flash.o)   common/libcommon.a(cmd_load.o) (addr2info)
common/libcommon.a(lists.o)   common/libcommon.a(devices.o) (ListCreate)
common/libcommon.a(s_record.o)
                              common/libcommon.a(cmd_load.o) (srec_decode)
common/libcommon.a(xyzModem.o)
                              common/libcommon.a(cmd_load.o) (xyzModem_stream_open)
common/libcommon.a(crc16.o)   common/libcommon.a(xyzModem.o) (cyg_crc16)
drivers/lcd/liblcd.a(embedsky_lcd.o)
                              common/libcommon.a(main.o) (embedsky_lcd_Init)
modules/usb.module(usbmain.o)
                              cpu/arm920t/s3c24x0/libs3c24x0.a(interrupts.o) (IsrUsbd)
modules/usb.module(usbout.o)  modules/usb.module(usbmain.o) (Ep3Handler)
modules/usb.module(usbsetup.o)
                              modules/usb.module(usbmain.o) (Ep0Handler)
modules/usb.module(usbinit.o)
[...]
Memory Configuration

Name             Origin             Length             Attributes
*default*        0x00000000         0xffffffff

Linker script and memory map

                0x00000000                . = 0x0
                0x00000000                . = ALIGN (0x4)

.text           0x33d00000    0x23c50
 cpu/arm920t/start.o(.text)
 .text          0x33d00000      0x3a0 cpu/arm920t/start.o
                0x33d00000                _start
                0x33d00044                _armboot_start
                0x33d00048                _bss_start
                0x33d00054                FREE_RAM_SIZE
                0x33d00050                FREE_RAM_END
                0x33d00058                IRQ_STACK_START
                0x33d0004c                _bss_end
                0x33d0005c                FIQ_STACK_START
 board/smdk2410/boot_init.o(.text)
 .text          0x33d003a0      0x564 board/smdk2410/boot_init.o
                0x33d00444                nand_init_ll
                0x33d0081c                CopyCode2Ram
                0x33d00474                NF_ReadID
                0x33d007f0                bBootFrmNORFlash
                0x33d008b0                clock_init
                0x33d004dc                nand_read_ll
                0x33d00634                nand_read_ll_lp
 board/smdk2410/lowlevel_init.o(.text)
 .text          0x33d00904       0x64 board/smdk2410/lowlevel_init.o
                0x33d00908                lowlevel_init
 *(.text)
 .text          0x33d00968      0x280 cpu/arm920t/libarm920t.a(interrupts.o)
                0x33d00bc4                do_irq
                0x33d00aec                do_undefined_instruction
                0x33d00ba0                do_fiq
                0x33d00994                bad_mode
                0x33d00968                enable_interrupts
                0x33d009b0                show_regs
                0x33d00978                disable_interrupts
                0x33d00b34                do_prefetch_abort
                0x33d00b10                do_software_interrupt
                0x33d00b58                do_data_abort
                0x33d00b7c                do_not_used
 .text          0x33d00be8      0x518 cpu/arm920t/s3c24x0/libs3c24x0.a(interrupts.o)
                0x33d00d88                udelay_masked
                0x33d00c68                reset_timer_masked
                0x33d01010                Isr_Init
                0x33d010b0                IRQ_Handle
                0x33d00e24                reset_cpu
                0x33d00e18                get_tbclk
                0x33d00eb4                Timer_StartEx
                0x33d00e04                get_ticks
                0x33d00f90                IsrWatchdog
                0x33d00f10                Timer_StopEx
                0x33d00be8                interrupt_init
                0x33d00e44                ClearPending
                0x33d00c98                reset_timer
                0x33d00d2c                udelay
                0x33d00d1c                set_timer
                0x33d00c9c                get_timer_masked
                0x33d00e60                Timer_InitEx
                0x33d00fc8                IsrTimer4
                0x33d00d08                get_timer
                0x33d00fe8                Dummy_isr
 .text          0x33d01100      0x170 cpu/arm920t/s3c24x0/libs3c24x0.a(speed.o)
                0x33d011e4                get_PCLK
                0x33d01268                get_UCLK
                0x33d01168                get_HCLK
                0x33d01160                get_FCLK
 .text          0x33d01270       0x98 lib_arm/libarm.a(_udivsi3.o)
                0x33d01270                __udivsi3
 .text          0x33d01308      0x3bc lib_arm/libarm.a(board.o)
                0x33d01308                sbrk
                0x33d01400                start_armboot
                0x33d013f0                hang
 .text          0x33d016c4        0x4 lib_arm/libarm.a(div0.o)
                0x33d016c4                __div0
 .text          0x33d016c8     0x14f8 net/libnet.a(net.o)
                0x33d0273c                getenv_VLAN
                0x33d0191c                NetSetHandler
                0x33d01a38                NetCksum
                0x33d01d2c                PingSend
                0x33d02688                VLAN_to_string
                0x33d02050                NetReceive
                0x33d01bc4                NetSendUDPPacket
                0x33d01a84                NetSetIP
                0x33d01f80                copy_filename
                0x33d016c8                NetSetEther
                0x33d01788                ArpRequest
                0x33d02754                NetLoop
                0x33d019ac                ArpTimeoutCheck
                0x33d01a34                NetSendPacket
                0x33d0202c                print_IPaddr
                0x33d026e4                string_to_VLAN
                0x33d01f18                NetCksumOk
                0x33d01fd4                ip_to_string
                0x33d025f8                string_to_ip
                0x33d01f3c                NetEthHdrSize
                0x33d0192c                NetStartAgain
                0x33d02678                getenv_IPaddr
                0x33d018e0                NetSetTimeout
 .text          0x33d02bc0      0x6b8 net/libnet.a(tftp.o)
                0x33d03054                TftpStart
 .text          0x33d03278      0x65c net/libnet.a(bootp.o)
                0x33d03628                BootpRequest
 .text          0x33d038d4      0x1a0 net/libnet.a(rarp.o)
                0x33d0392c                RarpRequest
 .text          0x33d03a74        0x8 net/libnet.a(eth.o)
                0x33d03a74                eth_initialize
 .text          0x33d03a7c      0xef0 net/libnet.a(nfs.o)
                0x33d04710                NfsStart
 .text          0x33d0496c      0x850 drivers/libdrivers.a(dm9000x.o)
                0x33d04a6c                eth_init
                0x33d04f7c                eth_send
                0x33d05054                eth_halt
                0x33d0508c                eth_rx
 .text          0x33d051bc       0x94 drivers/nand/libnand.a(nand.o)
                0x33d051bc                nand_init
 .text          0x33d05250     0x2d20 drivers/nand/libnand.a(nand_base.o)
                0x33d06ef4                nand_write_calmecc
                0x33d07520                nand_scan
                0x33d06620                nand_read_raw
                0x33d07f34                nand_release
                0x33d07290                nand_erase_nand
 .text          0x33d07f70      0x298 drivers/nand/libnand.a(nand_ecc.o)
                0x33d07f70                nand_calculate_ecc
                0x33d08084                nand_correct_data
 .text          0x33d08208     0x15ec drivers/nand/libnand.a(nand_bbt.o)
                0x33d0978c                nand_isbad_bbt
                0x33d096b8                nand_default_bbt
                0x33d09260                nand_scan_bbt
                0x33d08f6c                nand_update_bbt
 .text          0x33d097f4      0x92c common/libcommon.a(main.o)
                0x33d09aac                run_command
                0x33d0a0a4                do_run
                0x33d098d0                readline
                0x33d09efc                main_loop
 .text          0x33d0a120      0x260 common/libcommon.a(cmd_autoscript.o)
                0x33d0a120                autoscript
                0x33d0a340                do_autoscript
 .text          0x33d0a380       0xe4 common/libcommon.a(cmd_bdinfo.o)
                0x33d0a394                do_bdinfo
 .text          0x33d0a464       0x88 common/libcommon.a(cmd_boot.o)
                0x33d0a464                do_go
 .text          0x33d0a4ec      0xffc common/libcommon.a(cmd_bootm.o)
                0x33d0ac2c                do_iminfo
                0x33d0ae04                do_bootm
                0x33d0a4ec                do_bootd
                0x33d0aca8                gunzip
                0x33d0a510                print_image_hdr
 .text          0x33d0b4e8      0x154 common/libcommon.a(cmd_cache.o)
                0x33d0b5b4                do_icache
                0x33d0b52c                do_dcache
 .text          0x33d0b63c       0xd8 common/libcommon.a(cmd_console.o)
                0x33d0b63c                do_coninfo
 .text          0x33d0b714      0x33c common/libcommon.a(cmd_date.o)
                0x33d0b944                do_date
                0x33d0b75c                mk_date
 .text          0x33d0ba50      0x394 common/libcommon.a(cmd_elf.o)
                0x33d0bbc0                do_bootvx
                0x33d0bd3c                do_bootelf
                0x33d0baa4                load_elf_image
                0x33d0ba50                valid_elf_image
 .text          0x33d0bde4      0xd50 common/libcommon.a(cmd_flash.o)
                0x33d0c350                flash_sect_erase
                0x33d0c794                do_protect
                0x33d0c2b4                do_flinfo
                0x33d0c434                do_flerase
                0x33d0c6a4                flash_sect_protect
 .text          0x33d0cb34      0x2f0 common/libcommon.a(cmd_itest.o)
                0x33d0cb9c                binary_test
                0x33d0cd78                do_itest
 .text          0x33d0ce24     0x21fc common/libcommon.a(cmd_jffs2.o)
                0x33d0df10                find_dev_and_part
                0x33d0e720                do_jffs2_fsload
                0x33d0e0b4                mtdparts_init
                0x33d0e92c                do_jffs2_fsinfo
                0x33d0e8ac                do_jffs2_ls
                0x33d0db6c                id_parse
                0x33d0ea84                do_jffs2_mtdparts
                0x33d0e9c0                do_jffs2_chpart
 .text          0x33d0f020      0xe4c common/libcommon.a(cmd_load.o)
                0x33d0f314                send_pad
                0x33d0f60c                k_data_char
                0x33d0f51c                k_data_init
                0x33d0f43c                send_nack
                0x33d0f8b4                do_load_serial_bin
                0x33d0f5a8                k_data_restore
                0x33d0f544                k_data_save
                0x33d0f350                ktrans
                0x33d0f020                do_load_serial
                0x33d0f37c                chk1
                0x33d0f3d8                send_ack
                0x33d0f680                handle_send_packet
                0x33d0f3ac                s1_sendpacket
 .text          0x33d0fe6c      0xb28 common/libcommon.a(cmd_mem.o)
                0x33d101c0                do_mem_cmp
                0x33d1037c                do_mem_cp
                0x33d0fee0                do_mem_md
                0x33d108dc                do_mem_crc
                0x33d108b4                do_mem_mm
                0x33d104b0                do_mem_base
                0x33d1088c                do_mem_nm
                0x33d100f4                do_mem_mw
                0x33d104f4                do_mem_loop
                0x33d0fe6c                cmd_get_data_size
                0x33d105f8                do_mem_mtest
 .text          0x33d10994       0x9c common/libcommon.a(cmd_misc.o)
                0x33d10994                do_sleep
 .text          0x33d10a30     0x1288 common/libcommon.a(cmd_nand.o)
                0x33d10c6c                do_nand
                0x33d11a94                do_nandboot
 .text          0x33d11cb8      0x388 common/libcommon.a(cmd_net.o)
                0x33d11f84                do_rarpb
                0x33d11f9c                do_bootp
                0x33d11fa8                do_ping
                0x33d11f90                do_tftpb
                0x33d11f78                do_nfs
 .text          0x33d12040      0x8b8 common/libcommon.a(cmd_nvedit.o)
                0x33d1278c                getenv
                0x33d12714                setenv
                0x33d12270                _do_setenv
                0x33d120b4                do_printenv
                0x33d1274c                do_setenv
                0x33d128cc                do_saveenv
                0x33d12808                getenv_r
 .text          0x33d128f8      0x1d4 common/libcommon.a(cmd_usbslave.o)
                0x33d128f8                do_usbslave
 .text          0x33d12acc      0xef0 common/libcommon.a(cmd_menu.o)
                0x33d12de4                lcd_menu_usage
                0x33d12b40                param_menu_shell
                0x33d136b8                menu_shell
                0x33d13058                main_menu_usage
                0x33d131fc                tftp_menu_shell
                0x33d12e70                lcd_menu_shell
                0x33d12acc                param_menu_usage
                0x33d139ac                do_menu
 .text          0x33d139bc      0x308 common/libcommon.a(command.o)
                0x33d13a5c                find_cmd
                0x33d139dc                do_echo
                0x33d139bc                do_version
                0x33d13b04                do_help
 .text          0x33d13cc4      0x570 common/libcommon.a(console.o)
                0x33d14098                console_init_f
                0x33d13d6c                serial_printf
                0x33d13fd8                had_ctrlc
                0x33d13f68                ctrlc
                0x33d140a8                console_init_r
                0x33d13fe8                clear_ctrlc
                0x33d13da4                fgetc
                0x33d13f3c                vprintf
                0x33d13df4                fputc
                0x33d13fc0                disable_ctrlc
                0x33d13e24                fputs
                0x33d13e50                fprintf
                0x33d13ffc                dbg
                0x33d14008                console_assign
                0x33d13ea8                tstc
                0x33d13e90                getc
                0x33d13f04                printf
                0x33d13ee8                puts
                0x33d13ec0                putc
                0x33d13dcc                ftstc
 .text          0x33d14234       0xf0 common/libcommon.a(devices.o)
                0x33d14234                device_register
                0x33d14258                devices_init
                0x33d14308                devices_done
 .text          0x33d14324     0x108c common/libcommon.a(dlmalloc.o)
                0x33d152f8                malloc_usable_size
                0x33d14358                malloc_trim
                0x33d15224                calloc
                0x33d14c88                realloc
                0x33d14644                malloc
                0x33d14324                malloc_bin_reloc
                0x33d150f0                memalign
                0x33d15338                mallopt
                0x33d152f4                cfree
                0x33d1520c                pvalloc
                0x33d14430                free
                0x33d15200                valloc
 .text          0x33d153b0      0x124 common/libcommon.a(env_common.o)
                0x33d15404                env_get_char_memory
                0x33d15444                env_relocate
                0x33d15424                env_get_addr
                0x33d153b0                env_crc_update
 .text          0x33d154d4      0x204 common/libcommon.a(env_nand.o)
                0x33d154fc                saveenv
                0x33d15650                env_relocate_spec
                0x33d154d4                env_get_char_spec
                0x33d154e0                env_init
 .text          0x33d156d8       0xc0 common/libcommon.a(exports.o)
                0x33d156e4                jumptable_init
                0x33d156dc                get_version
 .text          0x33d15798      0x3b8 common/libcommon.a(flash.o)
                0x33d15a70                flash_perror
                0x33d158a0                addr2info
                0x33d15798                flash_protect
                0x33d158e8                flash_write
 .text          0x33d15b50      0x3c8 common/libcommon.a(lists.o)
                0x33d15ca8                ListSetAllocationPolicy
                0x33d15cc0                ListInsertItems
                0x33d15bb0                DisposeHandle
                0x33d15bd8                SetHandleSize
                0x33d15ef4                ListGetDataPtr
                0x33d15e7c                ListGetItems
                0x33d15f00                ListGetItemSize
                0x33d15c48                ListCreate
                0x33d15ec4                ListGetPtrToItem
                0x33d15cbc                ListDispose
                0x33d15f0c                ListNumItems
                0x33d15e74                ListInsertItem
                0x33d15bd0                GetHandleSize
                0x33d15b50                NewHandle
 .text          0x33d15f18      0x2f8 common/libcommon.a(s_record.o)
                0x33d15f8c                srec_decode
 .text          0x33d16210      0xa98 common/libcommon.a(xyzModem.o)
                0x33d16c0c                xyzModem_error
                0x33d16278                parse_num
                0x33d16834                xyzModem_stream_read
                0x33d166c0                xyzModem_stream_open
                0x33d16210                CYGACC_COMM_IF_GETC_TIMEOUT
                0x33d1626c                CYGACC_COMM_IF_PUTC
                0x33d16b34                xyzModem_stream_terminate
                0x33d16adc                xyzModem_stream_close
 .text          0x33d16ca8       0x4c common/libcommon.a(crc16.o)
                0x33d16ca8                cyg_crc16
 .text          0x33d16cf4      0xa48 drivers/lcd/liblcd.a(embedsky_lcd.o)
                0x33d16cf4                embedsky_lcd_ClearScr
                0x33d16f94                embedsky_lcd_PowerEnable
                0x33d172f4                embedsky_user_logo
                0x33d1727c                embedsky_tq_logo
                0x33d16d40                embedsky_lcd_ClearScr_Rectangle
                0x33d16e38                putPixel
                0x33d16e5c                drawProcessBar
                0x33d173e0                nand_read_ll_lcd
                0x33d16dac                embedsky_paint_Bmp
                0x33d17560                nand_read_ll_lp_lcd
                0x33d16fe4                embedsky_lcd_EnvidOnOff
                0x33d17008                embedsky_lcd_Init
 .text          0x33d1773c      0x11c modules/usb.module(usbmain.o)
                0x33d17824                _WrDbgStrFifo
                0x33d1773c                UsbdMain
                0x33d17750                DbgPrintf
                0x33d1775c                IsrUsbd
 .text          0x33d17858      0x3c4 modules/usb.module(usbout.o)
                0x33d17a58                IsrDma2
                0x33d17bf4                ClearEp3OutPktReady
                0x33d178a8                Ep3Handler
 .text          0x33d17c1c      0xc58 modules/usb.module(usbsetup.o)
                0x33d17c60                Ep0Handler
                0x33d17c1c                PrintEp0Pkt
                0x33d18728                InitDescriptorTable
 .text          0x33d18874      0x5f8 modules/usb.module(usbinit.o)
                0x33d1895c                Clk1_Disable
                0x33d18df0                HaltDabort
                0x33d18e38                Clk1_Enable
                0x33d18940                Clk0_Disable
                0x33d18874                awaitkey
                0x33d18db4                HaltUndef
                0x33d18ddc                HaltPabort
                0x33d188e4                Port_Init
                0x33d18978                usb_init
                0x33d18dc8                HaltSwi
                0x33d18e04                Clk0_Enable
                0x33d18aec                usb_receive
 .text          0x33d18e6c       0xd8 modules/usb.module(usbin.o)
                0x33d18ed8                Ep1Handler
                0x33d18e6c                PrepareEp1Fifo
 .text          0x33d18f44      0x3f4 modules/usb.module(usblib.o)
                0x33d18f44                ReconfigUsbd
                0x33d192d8                ConfigEp3IntMode
                0x33d19150                WrPktEp2
                0x33d190c0                RdPktEp0
                0x33d191b0                RdPktEp4
                0x33d1909c                ConfigUsbd
                0x33d19120                WrPktEp1
                0x33d191e0                ConfigEp3DmaMode
                0x33d190f0                WrPktEp0
                0x33d19180                RdPktEp3
 .text          0x33d19338      0x1f0 lib_generic/libgeneric.a(crc32.o)
                0x33d19434                crc32_no_comp
                0x33d19338                crc32
 .text          0x33d19528       0xb4 lib_generic/libgeneric.a(display_options.o)
                0x33d19548                print_size
                0x33d19528                display_options
 .text          0x33d195dc      0x5a0 lib_generic/libgeneric.a(string.o)
                0x33d19a04                memcpy
                0x33d199d8                bcopy
                0x33d197fc                strspn
                0x33d1961c                strcat
                0x33d19754                strrchr
                0x33d196b8                strncmp
                0x33d19730                strlen
                0x33d19a2c                memmove
                0x33d19920                strsep
                0x33d19648                strncat
                0x33d1989c                strtok
                0x33d195f8                strncpy
                0x33d199b4                memset
                0x33d19a8c                memcmp
                0x33d1978c                strnlen
                0x33d19b4c                memchr
                0x33d19ae4                strstr
                0x33d19688                strcmp
                0x33d19958                strswab
                0x33d1985c                strpbrk
                0x33d19700                strchr
                0x33d19ac0                memscan
                0x33d197c4                strdup
                0x33d195dc                strcpy
 .text          0x33d19b7c      0x7a4 lib_generic/libgeneric.a(vsprintf.o)
                0x33d19c30                simple_strtol
                0x33d19ed0                vsprintf
                0x33d1a2b8                sprintf
                0x33d19b7c                simple_strtoul
                0x33d1a2d8                panic
 .text          0x33d1a320     0x2be8 lib_generic/libgeneric.a(zlib.o)
                0x33d1a4f0                inflateReset
                0x33d1a450                inflateEnd
                0x33d1a7c4                inflateInit
                0x33d1b0ec                inflate
                0x33d1a81c                inflateIncomp
                0x33d1a558                inflateSync
                0x33d1a664                inflateInit2
                0x33d1cd94                adler32
 .text          0x33d1cf08       0xfc board/smdk2410/libsmdk2410.a(smdk2410.o)
                0x33d1cfe4                dram_init
                0x33d1cf08                board_init
 .text          0x33d1d004      0x71c board/smdk2410/libsmdk2410.a(flash.o)
                0x33d1d004                flash_init
                0x33d1d594                write_buff
                0x33d1d270                flash_erase
                0x33d1d15c                flash_print_info
 .text          0x33d1d720      0x148 cpu/arm920t/libarm920t.a(cpu.o)
                0x33d1d808                icache_status
                0x33d1d7d0                icache_enable
                0x33d1d7ec                icache_disable
                0x33d1d81c                dcache_enable
                0x33d1d790                cleanup_before_linux
                0x33d1d7b8                do_reset
                0x33d1d758                cpu_init
                0x33d1d838                dcache_disable
                0x33d1d854                dcache_status
 .text          0x33d1d868      0x178 cpu/arm920t/s3c24x0/libs3c24x0.a(serial.o)
                0x33d1d9d0                awaitkey2
                0x33d1d90c                serial_tstc
                0x33d1d91c                serial_puts
                0x33d1d944                do_getc
                0x33d1d8bc                serial_init
                0x33d1d8e4                serial_putc
                0x33d1d8cc                serial_getc
                0x33d1d868                serial_setbrg
 .text          0x33d1d9e0      0x128 cpu/arm920t/s3c24x0/libs3c24x0.a(nand_flash.o)
                0x33d1da74                board_nand_init
 .text          0x33d1db08       0x1c lib_arm/libarm.a(_ashldi3.o)
                0x33d1db08                __ashldi3
 .text          0x33d1db24       0x1c lib_arm/libarm.a(_ashrdi3.o)
                0x33d1db24                __ashrdi3
 .text          0x33d1db40      0x140 lib_arm/libarm.a(_divsi3.o)
                0x33d1db40                __divsi3
 .text          0x33d1dc80      0x100 lib_arm/libarm.a(_modsi3.o)
                0x33d1dc80                __modsi3
 .text          0x33d1dd80       0xb4 lib_arm/libarm.a(_umodsi3.o)
                0x33d1dd80                __umodsi3
 .text          0x33d1de34      0x3b8 lib_arm/libarm.a(armlinux.o)
                0x33d1de34                do_bootm_linux
 .text          0x33d1e1ec        0x4 lib_arm/libarm.a(cache.o)
                0x33d1e1ec                flush_cache
 .text          0x33d1e1f0      0x7d8 fs/cramfs/libcramfs.a(cramfs.o)
                0x33d1e72c                cramfs_ls
                0x33d1e95c                cramfs_check
                0x33d1e4f8                cramfs_load
                0x33d1e894                cramfs_info
 .text          0x33d1e9c8       0xdc fs/cramfs/libcramfs.a(uncompress.o)
                0x33d1ea8c                cramfs_uncompress_exit
                0x33d1e9e0                cramfs_uncompress_block
                0x33d1ea2c                cramfs_uncompress_init
 .text          0x33d1eaa4     0x1f64 fs/jffs2/libjffs2.a(jffs2_1pass.o)
                0x33d1f5a8                jffs2_1pass_rescan_needed
                0x33d20470                jffs2_1pass_load
                0x33d1f340                mkmodestr
                0x33d1edec                jffs2_free_cache
                0x33d1fbcc                jffs2_1pass_ls
                0x33d20860                jffs2_1pass_info
 .text          0x33d20a08       0xd0 fs/jffs2/libjffs2.a(compr_rtime.o)
                0x33d20a08                rtime_decompress
 .text          0x33d20ad8      0x128 fs/jffs2/libjffs2.a(compr_rubin.o)
                0x33d20ad8                rubin_do_decompress
                0x33d20bb8                dynrubin_decompress
 .text          0x33d20c00       0x18 fs/jffs2/libjffs2.a(compr_zlib.o)
                0x33d20c00                zlib_decompress
 .text          0x33d20c18      0xdd0 fs/jffs2/libjffs2.a(mini_inflate.o)
                0x33d210f8                decompress_block
                0x33d20c18                cramfs_memset
                0x33d20c94                pull_bit
                0x33d20c2c                pull_bits
 .text          0x33d219e8      0x2b8 rtc/librtc.a(date.o)
                0x33d219e8                GregorianDay
                0x33d21c00                mktime
                0x33d21ad8                to_tm
 .text          0x33d21ca0      0x214 rtc/librtc.a(s3c24x0_rtc.o)
                0x33d21dd8                rtc_set
                0x33d21cec                rtc_get
                0x33d21e90                rtc_reset
 .text          0x33d21eb4      0xed0 drivers/nand/libnand.a(nand_util.o)
                0x33d22778                nand_read_opts
                0x33d22c54                nand_unlock
                0x33d22bc8                nand_get_lock_status
                0x33d21ebc                nand_erase_opts
                0x33d2224c                nand_write_opts
                0x33d22b54                nand_lock
 .text          0x33d22d84      0x388 /opt/EmbedSky/crosstools_3.4.5_softfloat/gcc-3.4.5-glibc-2.3.6/arm-linux/lib/gcc/arm-linux/3.4.5/libgcc.a(_addsubdf3.oS)
                0x33d23094                __floatsidf
                0x33d2306c                __floatunsidf
                0x33d22d84                __subdf3
                0x33d22d88                __adddf3
                0x33d230c0                __extendsfdf2
 .text          0x33d2310c      0x580 /opt/EmbedSky/crosstools_3.4.5_softfloat/gcc-3.4.5-glibc-2.3.6/arm-linux/lib/gcc/arm-linux/3.4.5/libgcc.a(_muldivdf3.oS)
                0x33d2310c                __muldf3
                0x33d23420                __divdf3
 .text          0x33d2368c       0x80 /opt/EmbedSky/crosstools_3.4.5_softfloat/gcc-3.4.5-glibc-2.3.6/arm-linux/lib/gcc/arm-linux/3.4.5/libgcc.a(_fixdfsi.oS)
                0x33d2368c                __fixdfsi
 .text          0x33d2370c      0x544 /opt/EmbedSky/crosstools_3.4.5_softfloat/gcc-3.4.5-glibc-2.3.6/arm-linux/lib/gcc/arm-linux/3.4.5/libgcc.a(_udivdi3.oS)
                0x33d2370c                __udivdi3

.glue_7         0x33d23c50        0x0

.glue_7t        0x33d23c50        0x0
                0x33d23c50                . = ALIGN (0x4)

.rodata         0x33d23c50      0xa24
 *(.rodata)
 .rodata        0x33d23c50       0x80 cpu/arm920t/libarm920t.a(interrupts.o)
 .rodata        0x33d23cd0       0x38 lib_arm/libarm.a(board.o)
                0x33d23cd0                version_string
 .rodata        0x33d23d08        0x8 net/libnet.a(net.o)
 .rodata        0x33d23d10        0x8 drivers/nand/libnand.a(nand.o)
 .rodata        0x33d23d18       0x14 drivers/nand/libnand.a(nand_base.o)
 .rodata        0x33d23d2c      0x100 drivers/nand/libnand.a(nand_ecc.o)
 .rodata        0x33d23e2c       0x14 common/libcommon.a(cmd_nvedit.o)
 .rodata        0x33d23e40      0x200 common/libcommon.a(crc16.o)
 .rodata        0x33d24040       0x46 modules/usb.module(usbsetup.o)
 *fill*         0x33d24086        0x2 00
 .rodata        0x33d24088      0x400 lib_generic/libgeneric.a(crc32.o)
 .rodata        0x33d24488       0x18 cpu/arm920t/s3c24x0/libs3c24x0.a(nand_flash.o)
 .rodata        0x33d244a0       0xa4 fs/jffs2/libjffs2.a(jffs2_1pass.o)
 .rodata        0x33d24544       0x30 rtc/librtc.a(date.o)
 .rodata        0x33d24574      0x100 /opt/EmbedSky/crosstools_3.4.5_softfloat/gcc-3.4.5-glibc-2.3.6/arm-linux/lib/gcc/arm-linux/3.4.5/libgcc.a(_clz.oS)
                0x33d24574                __clz_tab

.rodata.str1.4  0x33d24674     0x867f
 .rodata.str1.4
                0x33d24674      0x293 cpu/arm920t/libarm920t.a(interrupts.o)
                                0x29c (size before relaxing)
 *fill*         0x33d24907        0x1 00
 .rodata.str1.4
                0x33d24908       0x46 cpu/arm920t/s3c24x0/libs3c24x0.a(interrupts.o)
                                 0x48 (size before relaxing)
 *fill*         0x33d2494e        0x2 00
 .rodata.str1.4
                0x33d24950       0x9d lib_arm/libarm.a(board.o)
                                 0xa4 (size before relaxing)
 *fill*         0x33d249ed        0x3 00
 .rodata.str1.4
                0x33d249f0      0x1ed net/libnet.a(net.o)
                                0x1f0 (size before relaxing)
 *fill*         0x33d24bdd        0x3 00
 .rodata.str1.4
                0x33d24be0      0x1c7 net/libnet.a(tftp.o)
                                0x1d4 (size before relaxing)
 *fill*         0x33d24da7        0x1 00
 .rodata.str1.4
                0x33d24da8       0x84 net/libnet.a(bootp.o)
                                 0xb8 (size before relaxing)
 .rodata.str1.4
                0x33d24e2c       0x13 net/libnet.a(rarp.o)
                                 0x4c (size before relaxing)
 *fill*         0x33d24e3f        0x1 00
 .rodata.str1.4
                0x33d24e40      0x101 net/libnet.a(nfs.o)
                                0x18c (size before relaxing)
 *fill*         0x33d24f41        0x3 00
 .rodata.str1.4
                0x33d24f44      0x15f drivers/libdrivers.a(dm9000x.o)
                                0x160 (size before relaxing)
 *fill*         0x33d250a3        0x1 00
 .rodata.str1.4
                0x33d250a4        0x9 drivers/nand/libnand.a(nand.o)
                                  0xc (size before relaxing)
 *fill*         0x33d250ad        0x3 00
 .rodata.str1.4
                0x33d250b0      0x316 drivers/nand/libnand.a(nand_base.o)
                                0x31c (size before relaxing)
 *fill*         0x33d253c6        0x2 00
 .rodata.str1.4
                0x33d253c8      0x43a drivers/nand/libnand.a(nand_ids.o)
                                0x43c (size before relaxing)
 *fill*         0x33d25802        0x2 00
 .rodata.str1.4
                0x33d25804      0x308 drivers/nand/libnand.a(nand_bbt.o)
 .rodata.str1.4
                0x33d25b0c      0x13c common/libcommon.a(main.o)
                                0x140 (size before relaxing)
 .rodata.str1.4
                0x33d25c48       0xf6 common/libcommon.a(cmd_autoscript.o)
                                 0xf8 (size before relaxing)
 *fill*         0x33d25d3e        0x2 00
 .rodata.str1.4
                0x33d25d40       0xbf common/libcommon.a(cmd_bdinfo.o)
                                 0xc0 (size before relaxing)
 *fill*         0x33d25dff        0x1 00
 .rodata.str1.4
                0x33d25e00      0x10b common/libcommon.a(cmd_boot.o)
                                0x118 (size before relaxing)
 *fill*         0x33d25f0b        0x1 00
 .rodata.str1.4
                0x33d25f0c      0x8c5 common/libcommon.a(cmd_bootm.o)
                                0x908 (size before relaxing)
 *fill*         0x33d267d1        0x3 00
 .rodata.str1.4
                0x33d267d4      0x125 common/libcommon.a(cmd_cache.o)
                                0x13c (size before relaxing)
 *fill*         0x33d268f9        0x3 00
 .rodata.str1.4
                0x33d268fc       0x70 common/libcommon.a(cmd_console.o)
                                 0x74 (size before relaxing)
 .rodata.str1.4
                0x33d2696c      0x16c common/libcommon.a(cmd_date.o)
                                0x180 (size before relaxing)
 .rodata.str1.4
                0x33d26ad8      0x2d7 common/libcommon.a(cmd_elf.o)
                                0x2f0 (size before relaxing)
 *fill*         0x33d26daf        0x1 00
 .rodata.str1.4
                0x33d26db0      0x8ab common/libcommon.a(cmd_flash.o)
                                0x8c4 (size before relaxing)
 *fill*         0x33d2765b        0x1 00
 .rodata.str1.4
                0x33d2765c       0xce common/libcommon.a(cmd_itest.o)
                                 0xdc (size before relaxing)
 *fill*         0x33d2772a        0x2 00
 .rodata.str1.4
                0x33d2772c      0xfc0 common/libcommon.a(cmd_jffs2.o)
                               0x1018 (size before relaxing)
 .rodata.str1.4
                0x33d286ec      0x378 common/libcommon.a(cmd_load.o)
                                0x398 (size before relaxing)
 .rodata.str1.4
                0x33d28a64      0x629 common/libcommon.a(cmd_mem.o)
                                0x648 (size before relaxing)
 *fill*         0x33d2908d        0x3 00
 .rodata.str1.4
                0x33d29090       0x70 common/libcommon.a(cmd_misc.o)
                                 0x7c (size before relaxing)
 .rodata.str1.4
                0x33d29100      0xbb9 common/libcommon.a(cmd_nand.o)
                                0xc00 (size before relaxing)
 *fill*         0x33d29cb9        0x3 00
 .rodata.str1.4
                0x33d29cbc      0x22a common/libcommon.a(cmd_net.o)
                                0x27c (size before relaxing)
 *fill*         0x33d29ee6        0x2 00
 .rodata.str1.4
                0x33d29ee8      0x31d common/libcommon.a(cmd_nvedit.o)
                                0x3b0 (size before relaxing)
 *fill*         0x33d2a205        0x3 00
 .rodata.str1.4
                0x33d2a208       0xaf common/libcommon.a(cmd_usbslave.o)
                                 0xdc (size before relaxing)
 *fill*         0x33d2a2b7        0x1 00
 .rodata.str1.4
                0x33d2a2b8     0x11e3 common/libcommon.a(cmd_menu.o)
                               0x122c (size before relaxing)
 *fill*         0x33d2b49b        0x1 00
 .rodata.str1.4
                0x33d2b49c      0x27e common/libcommon.a(command.o)
                                0x280 (size before relaxing)
 *fill*         0x33d2b71a        0x2 00
 .rodata.str1.4
                0x33d2b71c       0x75 common/libcommon.a(console.o)
                                 0x7c (size before relaxing)
 *fill*         0x33d2b791        0x3 00
 .rodata.str1.4
                0x33d2b794       0x2f common/libcommon.a(devices.o)
                                 0x48 (size before relaxing)
 *fill*         0x33d2b7c3        0x1 00
 .rodata.str1.4
                0x33d2b7c4       0x33 common/libcommon.a(env_common.o)
                                 0x34 (size before relaxing)
 *fill*         0x33d2b7f7        0x1 00
 .rodata.str1.4
                0x33d2b7f8       0x97 common/libcommon.a(env_nand.o)
                                 0xa0 (size before relaxing)
 *fill*         0x33d2b88f        0x1 00
 .rodata.str1.4
                0x33d2b890      0x11d common/libcommon.a(flash.o)
                                0x120 (size before relaxing)
 *fill*         0x33d2b9ad        0x3 00
 .rodata.str1.4
                0x33d2b9b0       0xf2 common/libcommon.a(xyzModem.o)
                                 0xf8 (size before relaxing)
 *fill*         0x33d2baa2        0x2 00
 .rodata.str1.4
                0x33d2baa4       0x62 drivers/lcd/liblcd.a(embedsky_lcd.o)
                                 0x64 (size before relaxing)
 *fill*         0x33d2bb06        0x2 00
 .rodata.str1.4
                0x33d2bb08       0x18 modules/usb.module(usbout.o)
 .rodata.str1.4
                0x33d2bb20      0x12b modules/usb.module(usbsetup.o)
                                0x138 (size before relaxing)
 *fill*         0x33d2bc4b        0x1 00
 .rodata.str1.4
                0x33d2bc4c      0x15d modules/usb.module(usbinit.o)
                                0x160 (size before relaxing)
 *fill*         0x33d2bda9        0x3 00
 .rodata.str1.4
                0x33d2bdac       0x17 lib_generic/libgeneric.a(display_options.o)
                                 0x20 (size before relaxing)
 *fill*         0x33d2bdc3        0x1 00
 .rodata.str1.4
                0x33d2bdc4       0x57 lib_generic/libgeneric.a(vsprintf.o)
                                 0x58 (size before relaxing)
 *fill*         0x33d2be1b        0x1 00
 .rodata.str1.4
                0x33d2be1c      0x20d lib_generic/libgeneric.a(zlib.o)
                                0x214 (size before relaxing)
 *fill*         0x33d2c029        0x3 00
 .rodata.str1.4
                0x33d2c02c      0x125 board/smdk2410/libsmdk2410.a(flash.o)
                                0x12c (size before relaxing)
 *fill*         0x33d2c151        0x3 00
 .rodata.str1.4
                0x33d2c154       0x14 cpu/arm920t/s3c24x0/libs3c24x0.a(nand_flash.o)
 .rodata.str1.4
                0x33d2c168       0x5b lib_arm/libarm.a(armlinux.o)
                                 0xc4 (size before relaxing)
 *fill*         0x33d2c1c3        0x1 00
 .rodata.str1.4
                0x33d2c1c4      0x1ac fs/cramfs/libcramfs.a(cramfs.o)
                                0x1b4 (size before relaxing)
 .rodata.str1.4
                0x33d2c370      0x42b fs/jffs2/libjffs2.a(jffs2_1pass.o)
                                0x450 (size before relaxing)
 *fill*         0x33d2c79b        0x1 00
 .rodata.str1.4
                0x33d2c79c      0x557 drivers/nand/libnand.a(nand_util.o)
                                0x55c (size before relaxing)
                0x33d2ccf4                . = ALIGN (0x4)

.data           0x33d2ccf4     0x8e5c
 *(.data)
 .data          0x33d2ccf4       0x2c lib_arm/libarm.a(board.o)
                0x33d2ccf4                init_sequence
 .data          0x33d2cd20        0xa net/libnet.a(net.o)
                0x33d2cd22                NetOurVLAN
                0x33d2cd20                NetOurNativeVLAN
                0x33d2cd24                NetBcastAddr
 *fill*         0x33d2cd2a        0x2 00
 .data          0x33d2cd2c        0x4 net/libnet.a(nfs.o)
 .data          0x33d2cd30        0x4 drivers/libdrivers.a(dm9000x.o)
 .data          0x33d2cd34        0x4 drivers/nand/libnand.a(nand.o)
                0x33d2cd34                nand_curr_device
 .data          0x33d2cd38      0x298 drivers/nand/libnand.a(nand_base.o)
 .data          0x33d2cfd0      0x548 drivers/nand/libnand.a(nand_ids.o)
                0x33d2cfd0                nand_manuf_ids
                0x33d2d008                nand_flash_ids
 .data          0x33d2d518      0x110 drivers/nand/libnand.a(nand_bbt.o)
 .data          0x33d2d628       0x10 common/libcommon.a(main.o)
 .data          0x33d2d638        0x4 common/libcommon.a(cmd_bootm.o)
                0x33d2d638                load_addr
 .data          0x33d2d63c       0x1c common/libcommon.a(cmd_date.o)
                0x33d2d63c                weekdays
 .data          0x33d2d658       0x68 common/libcommon.a(cmd_itest.o)
                0x33d2d658                op_table
 .data          0x33d2d6c0        0x4 common/libcommon.a(cmd_load.o)
 .data          0x33d2d6c4        0x4 common/libcommon.a(cmd_mem.o)
                0x33d2d6c4                dp_last_length
 .data          0x33d2d6c8        0x4 common/libcommon.a(cmd_usbslave.o)
                0x33d2d6c8                g_bUSBWait
 .data          0x33d2d6cc        0xc common/libcommon.a(devices.o)
                0x33d2d6cc                stdio_names
 .data          0x33d2d6d8      0x414 common/libcommon.a(dlmalloc.o)
 .data          0x33d2daec       0xd8 common/libcommon.a(env_common.o)
                0x33d2daf0                default_environment
                0x33d2dbc0                env_get_char
                0x33d2daec                default_environment_size
 .data          0x33d2dbc4        0x4 common/libcommon.a(env_nand.o)
                0x33d2dbc4                env_name_spec
 .data          0x33d2dbc8     0x791f drivers/lcd/liblcd.a(embedsky_lcd.o)
                0x33d2dbcf                down_mode
                0x33d2dbcc                vspw
                0x33d2dbcb                hbpd
                0x33d2dbca                hfpd
                0x33d337af                logo_net
                0x33d2f7ef                logo_tqkj
                0x33d2dbce                vbpd
                0x33d2dbc9                hspw
                0x33d2dbc8                clkval_tft
                0x33d2dbcd                vfpd
 .data          0x33d354e7        0x2 modules/usb.module(usbsetup.o)
                0x33d354e7                Selfpwr
                0x33d354e8                Configuration
 .data          0x33d354e9      0x100 lib_generic/libgeneric.a(ctype.o)
                0x33d354e9                _ctype
 *fill*         0x33d355e9        0x3 00
 .data          0x33d355ec      0x2a0 lib_generic/libgeneric.a(zlib.o)
                0x33d355ec                z_errmsg
                0x33d3560c                zlib_version
 .data          0x33d3588c       0x28 fs/jffs2/libjffs2.a(jffs2_1pass.o)
 .data          0x33d358b4       0x13 fs/jffs2/libjffs2.a(mini_inflate.o)
 *fill*         0x33d358c7        0x1 00
 .data          0x33d358c8       0x30 rtc/librtc.a(date.o)
 .data          0x33d358f8      0x258 drivers/nand/libnand.a(nand_util.o)

.got.plt        0x33d35b50        0xc
 .got.plt       0x33d35b50        0xc /opt/EmbedSky/crosstools_3.4.5_softfloat/gcc-3.4.5-glibc-2.3.6/arm-linux/lib/gcc/arm-linux/3.4.5/libgcc.a(_udivdi3.oS)
                0x33d35b50                _GLOBAL_OFFSET_TABLE_
                0x33d35b5c                . = ALIGN (0x4)

.got            0x33d35b5c        0x4
 *(.got)
 .got           0x33d35b5c        0x4 /opt/EmbedSky/crosstools_3.4.5_softfloat/gcc-3.4.5-glibc-2.3.6/arm-linux/lib/gcc/arm-linux/3.4.5/libgcc.a(_udivdi3.oS)
                0x33d35b60                . = .
                0x33d35b60                __u_boot_cmd_start = .

.u_boot_cmd     0x33d35b60      0x528
 *(.u_boot_cmd)
 .u_boot_cmd    0x33d35b60       0x18 common/libcommon.a(cmd_autoscript.o)
                0x33d35b60                __u_boot_cmd_autoscr
 .u_boot_cmd    0x33d35b78       0x18 common/libcommon.a(cmd_bdinfo.o)
                0x33d35b78                __u_boot_cmd_bdinfo
 .u_boot_cmd    0x33d35b90       0x30 common/libcommon.a(cmd_boot.o)
                0x33d35b90                __u_boot_cmd_reset
                0x33d35ba8                __u_boot_cmd_go
 .u_boot_cmd    0x33d35bc0       0x78 common/libcommon.a(cmd_bootm.o)
                0x33d35c20                __u_boot_cmd_bootm
                0x33d35bd8                __u_boot_cmd_iminfo
                0x33d35bc0                __u_boot_cmd_imls
                0x33d35bf0                __u_boot_cmd_bootd
                0x33d35c08                __u_boot_cmd_boot
 .u_boot_cmd    0x33d35c38       0x30 common/libcommon.a(cmd_cache.o)
                0x33d35c38                __u_boot_cmd_dcache
                0x33d35c50                __u_boot_cmd_icache
 .u_boot_cmd    0x33d35c68       0x18 common/libcommon.a(cmd_console.o)
                0x33d35c68                __u_boot_cmd_coninfo
 .u_boot_cmd    0x33d35c80       0x18 common/libcommon.a(cmd_date.o)
                0x33d35c80                __u_boot_cmd_date
 .u_boot_cmd    0x33d35c98       0x30 common/libcommon.a(cmd_elf.o)
                0x33d35cb0                __u_boot_cmd_bootelf
                0x33d35c98                __u_boot_cmd_bootvx
 .u_boot_cmd    0x33d35cc8       0x48 common/libcommon.a(cmd_flash.o)
                0x33d35cf8                __u_boot_cmd_flinfo
                0x33d35cc8                __u_boot_cmd_protect
                0x33d35ce0                __u_boot_cmd_erase
 .u_boot_cmd    0x33d35d10       0x18 common/libcommon.a(cmd_itest.o)
                0x33d35d10                __u_boot_cmd_itest
 .u_boot_cmd    0x33d35d28       0x78 common/libcommon.a(cmd_jffs2.o)
                0x33d35d58                __u_boot_cmd_fsinfo
                0x33d35d40                __u_boot_cmd_chpart
                0x33d35d28                __u_boot_cmd_mtdparts
                0x33d35d70                __u_boot_cmd_ls
                0x33d35d88                __u_boot_cmd_fsload
 .u_boot_cmd    0x33d35da0       0x48 common/libcommon.a(cmd_load.o)
                0x33d35da0                __u_boot_cmd_loady
                0x33d35dd0                __u_boot_cmd_loads
                0x33d35db8                __u_boot_cmd_loadb
 .u_boot_cmd    0x33d35de8       0xf0 common/libcommon.a(cmd_mem.o)
                0x33d35ea8                __u_boot_cmd_mm
                0x33d35e60                __u_boot_cmd_cp
                0x33d35e00                __u_boot_cmd_loop
                0x33d35e18                __u_boot_cmd_base
                0x33d35e78                __u_boot_cmd_mw
                0x33d35e48                __u_boot_cmd_cmp
                0x33d35e90                __u_boot_cmd_nm
                0x33d35de8                __u_boot_cmd_mtest
                0x33d35e30                __u_boot_cmd_crc32
                0x33d35ec0                __u_boot_cmd_md
 .u_boot_cmd    0x33d35ed8       0x18 common/libcommon.a(cmd_misc.o)
                0x33d35ed8                __u_boot_cmd_sleep
 .u_boot_cmd    0x33d35ef0       0x30 common/libcommon.a(cmd_nand.o)
                0x33d35f08                __u_boot_cmd_nand
                0x33d35ef0                __u_boot_cmd_nboot
 .u_boot_cmd    0x33d35f20       0x78 common/libcommon.a(cmd_net.o)
                0x33d35f20                __u_boot_cmd_ping
                0x33d35f38                __u_boot_cmd_nfs
                0x33d35f50                __u_boot_cmd_rarpboot
                0x33d35f80                __u_boot_cmd_bootp
                0x33d35f68                __u_boot_cmd_tftpboot
 .u_boot_cmd    0x33d35f98       0x60 common/libcommon.a(cmd_nvedit.o)
                0x33d35fc8                __u_boot_cmd_setenv
                0x33d35fe0                __u_boot_cmd_printenv
                0x33d35fb0                __u_boot_cmd_saveenv
                0x33d35f98                __u_boot_cmd_run
 .u_boot_cmd    0x33d35ff8       0x18 common/libcommon.a(cmd_usbslave.o)
                0x33d35ff8                __u_boot_cmd_usbslave
 .u_boot_cmd    0x33d36010       0x18 common/libcommon.a(cmd_menu.o)
                0x33d36010                __u_boot_cmd_menu
 .u_boot_cmd    0x33d36028       0x60 common/libcommon.a(command.o)
                0x33d36070                __u_boot_cmd_version
                0x33d36058                __u_boot_cmd_echo
                0x33d36040                __u_boot_cmd_help
                0x33d36028                __u_boot_cmd_question_mark
                0x33d36088                __u_boot_cmd_end = .
                0x33d36088                . = ALIGN (0x4)
                0x33d36088                __bss_start = .

.bss            0x33d36088    0x46488
 *(.bss)
 .bss           0x33d36088        0x2 board/smdk2410/boot_init.o
                0x33d36088                bLARGEBLOCK
                0x33d36089                b128MB
 *fill*         0x33d3608a        0x2 00
 .bss           0x33d3608c       0xe0 cpu/arm920t/s3c24x0/libs3c24x0.a(interrupts.o)
                0x33d36090                isr_handle_array
                0x33d36158                intregs
                0x33d3615c                g_TimerIntHappen
                0x33d3608c                timer_load_val
 .bss           0x33d3616c       0x10 lib_arm/libarm.a(board.o)
                0x33d3616c                monitor_flash_len
 .bss           0x33d3617c     0x25d0 net/libnet.a(net.o)
                0x33d362d4                PktBuf
                0x33d36210                NetOurDNSIP
                0x33d36230                NetRxPackets
                0x33d361ce                NetOurHostName
                0x33d36228                NetOurIP
                0x33d36214                NetOurGatewayIP
                0x33d36250                BootFile
                0x33d3617c                NetTxPacket
                0x33d38108                NetArpWaitPacketBuf
                0x33d361ee                NetOurNISDomain
                0x33d3618e                NetOurRootPath
                0x33d36186                NetServerEther
                0x33d3624c                NetState
                0x33d36218                NetOurSubnetMask
                0x33d380f4                NetArpWaitPacketIP
                0x33d38728                NetArpWaitTimerStart
                0x33d3622c                NetServerIP
                0x33d36180                NetEtherNullAddr
                0x33d380f8                NetArpWaitReplyIP
                0x33d380fc                NetArpWaitPacketMAC
                0x33d36220                NetOurEther
                0x33d36248                NetIPID
                0x33d38104                NetArpWaitTxPacketSize
                0x33d38100                NetArpWaitTxPacket
                0x33d3618c                NetBootFileSize
                0x33d3872c                NetArpWaitTry
                0x33d362d0                NetPingIP
                0x33d36244                NetRxPktLen
                0x33d3621c                NetBootFileXferSize
                0x33d36240                NetRxPkt
 .bss           0x33d3874c       0x34 net/libnet.a(tftp.o)
 .bss           0x33d38780        0x8 net/libnet.a(bootp.o)
                0x33d38784                BootpTry
                0x33d38780                BootpID
 .bss           0x33d38788        0x4 net/libnet.a(rarp.o)
                0x33d38788                RarpTry
 .bss           0x33d3878c      0x8b0 net/libnet.a(nfs.o)
 .bss           0x33d3903c       0xa4 drivers/libdrivers.a(dm9000x.o)
                0x33d3903c                dmfe_info
 .bss           0x33d390e0      0x208 drivers/nand/libnand.a(nand.o)
                0x33d390e0                nand_info
 .bss           0x33d392e8      0x200 common/libcommon.a(main.o)
                0x33d392e8                console_buffer
 .bss           0x33d394e8       0x40 common/libcommon.a(cmd_bootm.o)
                0x33d394e8                header
 .bss           0x33d39528      0x2ac common/libcommon.a(cmd_jffs2.o)
                0x33d39528                mtdids
                0x33d39530                devices
 .bss           0x33d397d4       0x88 common/libcommon.a(cmd_load.o)
                0x33d397f8                his_eol
                0x33d39804                os_data_init
                0x33d397d4                os_data_count
                0x33d39800                his_pad_char
                0x33d39820                send_ptr
                0x33d39801                his_quote
                0x33d3980c                send_parms
                0x33d39808                os_data_char
                0x33d397fc                his_pad_count
                0x33d397d8                os_data_header
 .bss           0x33d3985c       0x14 common/libcommon.a(cmd_mem.o)
                0x33d39860                dp_last_size
                0x33d39868                mm_last_size
                0x33d39864                mm_last_addr
                0x33d3985c                dp_last_addr
 .bss           0x33d39870        0x4 common/libcommon.a(cmd_usbslave.o)
                0x33d39870                g_dwDownloadLen
 .bss           0x33d39874        0x8 common/libcommon.a(console.o)
 .bss           0x33d3987c       0x10 common/libcommon.a(devices.o)
                0x33d3987c                stdio_devices
                0x33d39888                devlist
 .bss           0x33d3988c       0x3c common/libcommon.a(dlmalloc.o)
 .bss           0x33d398c8        0x4 common/libcommon.a(env_nand.o)
                0x33d398c8                env_ptr
 .bss           0x33d398cc      0x43c common/libcommon.a(xyzModem.o)
 .bss           0x33d39d08    0x3fc04 drivers/lcd/liblcd.a(embedsky_lcd.o)
                0x33d39d08                currWidth
                0x33d39d0c                embedsky_LCD_BUFFER
 .bss           0x33d7990c     0x1008 modules/usb.module(usbmain.o)
                0x33d7990c                dbgStrWrPt
                0x33d79910                dbgStrRdPt
                0x33d79914                dbgStrFifo
 .bss           0x33d7a914       0x61 modules/usb.module(usbout.o)
                0x33d7a914                ep3Buf
 *fill*         0x33d7a975        0x3 00
 .bss           0x33d7a978       0x68 modules/usb.module(usbsetup.o)
                0x33d7a9a4                descConf
                0x33d7a988                descSetup
                0x33d7a97c                ep0SubState
                0x33d7a986                endpoint3_status
                0x33d7a9bc                descEndpt0
                0x33d7a981                AlterSetting
                0x33d7a9d0                InterfaceGet
                0x33d7a983                interface_status
                0x33d7a9b0                descIf
                0x33d7a990                descDev
                0x33d7a985                endpoint1_status
                0x33d7a978                ep0State
                0x33d7a980                Rwuen
                0x33d7a9d4                StatusGet
                0x33d7a982                device_status
                0x33d7a984                endpoint0_status
                0x33d7a9c4                descEndpt1
                0x33d7a9cc                ConfigSet
 .bss           0x33d7a9e0       0x5c modules/usb.module(usbinit.o)
                0x33d7aa08                downPt
                0x33d7aa00                downloadAddress
                0x33d7a9f0                usbdevregs
                0x33d7aa14                totalDmaCount
                0x33d7a9e4                download_run
                0x33d7aa1c                tempDownloadAddress
                0x33d7a9ec                restart
                0x33d7a9fc                gpioregs
                0x33d7aa38                consoleNum
                0x33d7a9f4                dmaregs
                0x33d7aa18                isUsbdSetConfiguration
                0x33d7a9e8                err
                0x33d7aa10                checkSum
                0x33d7aa0c                downloadFileSize
                0x33d7aa04                run
                0x33d7aa34                dwUSBBufSize
                0x33d7aa24                dwUSBBufWritePtr
                0x33d7a9f8                clk_powerregs
                0x33d7aa28                dwWillDMACnt
                0x33d7aa20                dwUSBBufReadPtr
                0x33d7aa30                dwUSBBufBase
                0x33d7aa2c                bDMAPending
                0x33d7a9e0                menuUsed
 .bss           0x33d7aa3c       0x24 modules/usb.module(usbin.o)
                0x33d7aa3c                transferIndex
                0x33d7aa40                ep1Buf
 .bss           0x33d7aa60        0x4 lib_generic/libgeneric.a(string.o)
                0x33d7aa60                ___strtok
 .bss           0x33d7aa64     0x10a8 lib_generic/libgeneric.a(zlib.o)
 .bss           0x33d7bb0c       0x6c board/smdk2410/libsmdk2410.a(flash.o)
                0x33d7bb0c                flash_info
 .bss           0x33d7bb78        0x4 cpu/arm920t/s3c24x0/libs3c24x0.a(serial.o)
                0x33d7bb78                getc_errno
 .bss           0x33d7bb7c        0x4 lib_arm/libarm.a(armlinux.o)
 .bss           0x33d7bb80       0x4c fs/cramfs/libcramfs.a(cramfs.o)
                0x33d7bb80                super
 .bss           0x33d7bbcc       0x34 fs/cramfs/libcramfs.a(uncompress.o)
 .bss           0x33d7bc00        0x8 fs/jffs2/libjffs2.a(jffs2_1pass.o)
 .bss           0x33d7bc08      0x908 drivers/nand/libnand.a(nand_util.o)

.rel.dyn
                0x33d7c510                _end = .
Address of section .text set to 0x33d00000
LOAD cpu/arm920t/start.o
START GROUP
LOAD lib_generic/libgeneric.a
LOAD board/smdk2410/libsmdk2410.a
LOAD cpu/arm920t/libarm920t.a
LOAD cpu/arm920t/s3c24x0/libs3c24x0.a
LOAD lib_arm/libarm.a
LOAD fs/cramfs/libcramfs.a
LOAD fs/fat/libfat.a
LOAD fs/fdos/libfdos.a
LOAD fs/jffs2/libjffs2.a
LOAD fs/reiserfs/libreiserfs.a
LOAD fs/ext2/libext2fs.a
LOAD net/libnet.a
LOAD disk/libdisk.a
LOAD rtc/librtc.a
LOAD dtt/libdtt.a
LOAD drivers/libdrivers.a
LOAD drivers/nand/libnand.a
LOAD drivers/nand_legacy/libnand_legacy.a
LOAD drivers/sk98lin/libsk98lin.a
LOAD post/libpost.a
LOAD post/cpu/libcpu.a
LOAD common/libcommon.a
LOAD drivers/lcd/liblcd.a
LOAD modules/usb.module
END GROUP
LOAD /opt/EmbedSky/crosstools_3.4.5_softfloat/gcc-3.4.5-glibc-2.3.6/arm-linux/lib/gcc/arm-linux/3.4.5/libgcc.a
OUTPUT(u-boot elf32-littlearm)

.debug_line     0x00000000     0xa2fa
 .debug_line    0x00000000       0xa1 cpu/arm920t/start.o
 .debug_line    0x000000a1      0x149 board/smdk2410/boot_init.o
 .debug_line    0x000001ea       0x46 board/smdk2410/lowlevel_init.o
 .debug_line    0x00000230       0xb6 cpu/arm920t/libarm920t.a(interrupts.o)
 .debug_line    0x000002e6      0x198 cpu/arm920t/s3c24x0/libs3c24x0.a(interrupts.o)
 .debug_line    0x0000047e       0xfc cpu/arm920t/s3c24x0/libs3c24x0.a(speed.o)
 .debug_line    0x0000057a       0x5c lib_arm/libarm.a(_udivsi3.o)
 .debug_line    0x000005d6      0x1cf lib_arm/libarm.a(board.o)
 .debug_line    0x000007a5       0x33 lib_arm/libarm.a(div0.o)
 .debug_line    0x000007d8      0x6ad net/libnet.a(net.o)
 .debug_line    0x00000e85      0x25e net/libnet.a(tftp.o)
 .debug_line    0x000010e3      0x2a1 net/libnet.a(bootp.o)
 .debug_line    0x00001384       0xe0 net/libnet.a(rarp.o)
 .debug_line    0x00001464       0xa1 net/libnet.a(eth.o)
 .debug_line    0x00001505      0x47a net/libnet.a(nfs.o)
 .debug_line    0x0000197f      0x238 drivers/libdrivers.a(dm9000x.o)
 .debug_line    0x00001bb7      0x152 drivers/nand/libnand.a(nand.o)
 .debug_line    0x00001d09      0x821 drivers/nand/libnand.a(nand_base.o)
 .debug_line    0x0000252a       0x62 drivers/nand/libnand.a(nand_ids.o)
 .debug_line    0x0000258c      0x19a drivers/nand/libnand.a(nand_ecc.o)
 .debug_line    0x00002726      0x457 drivers/nand/libnand.a(nand_bbt.o)
 .debug_line    0x00002b7d      0x1db common/libcommon.a(main.o)
 .debug_line    0x00002d58      0x1ce common/libcommon.a(cmd_autoscript.o)
 .debug_line    0x00002f26      0x101 common/libcommon.a(cmd_bdinfo.o)
 .debug_line    0x00003027       0xbb common/libcommon.a(cmd_boot.o)
 .debug_line    0x000030e2      0x4cd common/libcommon.a(cmd_bootm.o)
 .debug_line    0x000035af       0x9f common/libcommon.a(cmd_cache.o)
 .debug_line    0x0000364e       0x9a common/libcommon.a(cmd_console.o)
 .debug_line    0x000036e8      0x142 common/libcommon.a(cmd_date.o)
 .debug_line    0x0000382a      0x18a common/libcommon.a(cmd_elf.o)
 .debug_line    0x000039b4      0x2d7 common/libcommon.a(cmd_flash.o)
 .debug_line    0x00003c8b      0x100 common/libcommon.a(cmd_itest.o)
 .debug_line    0x00003d8b      0x913 common/libcommon.a(cmd_jffs2.o)
 .debug_line    0x0000469e      0x378 common/libcommon.a(cmd_load.o)
 .debug_line    0x00004a16      0x284 common/libcommon.a(cmd_mem.o)
 .debug_line    0x00004c9a       0xb4 common/libcommon.a(cmd_misc.o)
 .debug_line    0x00004d4e      0x407 common/libcommon.a(cmd_nand.o)
 .debug_line    0x00005155      0x123 common/libcommon.a(cmd_net.o)
 .debug_line    0x00005278      0x27b common/libcommon.a(cmd_nvedit.o)
 .debug_line    0x000054f3      0x139 common/libcommon.a(cmd_usbslave.o)
 .debug_line    0x0000562c      0x1bc common/libcommon.a(cmd_menu.o)
 .debug_line    0x000057e8      0x104 common/libcommon.a(command.o)
 .debug_line    0x000058ec      0x255 common/libcommon.a(console.o)
 .debug_line    0x00005b41      0x126 common/libcommon.a(devices.o)
 .debug_line    0x00005c67      0x37c common/libcommon.a(dlmalloc.o)
 .debug_line    0x00005fe3      0x125 common/libcommon.a(env_common.o)
 .debug_line    0x00006108      0x1f2 common/libcommon.a(env_nand.o)
 .debug_line    0x000062fa       0xc1 common/libcommon.a(exports.o)
 .debug_line    0x000063bb      0x12b common/libcommon.a(flash.o)
 .debug_line    0x000064e6       0xf8 common/libcommon.a(lists.o)
 .debug_line    0x000065de       0xfa common/libcommon.a(s_record.o)
 .debug_line    0x000066d8      0x21b common/libcommon.a(xyzModem.o)
 .debug_line    0x000068f3       0xa9 common/libcommon.a(crc16.o)
 .debug_line    0x0000699c      0x2c9 drivers/lcd/liblcd.a(embedsky_lcd.o)
 .debug_line    0x00006c65       0x99 modules/usb.module(usbmain.o)
 .debug_line    0x00006cfe       0xf2 modules/usb.module(usbout.o)
 .debug_line    0x00006df0      0x1f1 modules/usb.module(usbsetup.o)
 .debug_line    0x00006fe1      0x224 modules/usb.module(usbinit.o)
 .debug_line    0x00007205       0x7d modules/usb.module(usbin.o)
 .debug_line    0x00007282       0xea modules/usb.module(usblib.o)
 .debug_line    0x0000736c       0x8b lib_generic/libgeneric.a(crc32.o)
 .debug_line    0x000073f7       0x25 lib_generic/libgeneric.a(ctype.o)
 .debug_line    0x0000741c       0x92 lib_generic/libgeneric.a(display_options.o)
 .debug_line    0x000074ae      0x1a0 lib_generic/libgeneric.a(string.o)
 .debug_line    0x0000764e      0x1ee lib_generic/libgeneric.a(vsprintf.o)
 .debug_line    0x0000783c      0x5c6 lib_generic/libgeneric.a(zlib.o)
 .debug_line    0x00007e02      0x125 board/smdk2410/libsmdk2410.a(smdk2410.o)
 .debug_line    0x00007f27      0x1f4 board/smdk2410/libsmdk2410.a(flash.o)
 .debug_line    0x0000811b      0x124 cpu/arm920t/libarm920t.a(cpu.o)
 .debug_line    0x0000823f      0x16c cpu/arm920t/s3c24x0/libs3c24x0.a(serial.o)
 .debug_line    0x000083ab      0x1ae cpu/arm920t/s3c24x0/libs3c24x0.a(nand_flash.o)
 .debug_line    0x00008559       0x3d lib_arm/libarm.a(_ashldi3.o)
 .debug_line    0x00008596       0x3d lib_arm/libarm.a(_ashrdi3.o)
 .debug_line    0x000085d3       0x63 lib_arm/libarm.a(_divsi3.o)
 .debug_line    0x00008636       0x51 lib_arm/libarm.a(_modsi3.o)
 .debug_line    0x00008687       0x63 lib_arm/libarm.a(_umodsi3.o)
 .debug_line    0x000086ea      0x20a lib_arm/libarm.a(armlinux.o)
 .debug_line    0x000088f4       0x34 lib_arm/libarm.a(cache.o)
 .debug_line    0x00008928      0x237 fs/cramfs/libcramfs.a(cramfs.o)
 .debug_line    0x00008b5f       0x95 fs/cramfs/libcramfs.a(uncompress.o)
 .debug_line    0x00008bf4      0x6ad fs/jffs2/libjffs2.a(jffs2_1pass.o)
 .debug_line    0x000092a1       0x90 fs/jffs2/libjffs2.a(compr_rtime.o)
 .debug_line    0x00009331       0xbb fs/jffs2/libjffs2.a(compr_rubin.o)
 .debug_line    0x000093ec       0x6f fs/jffs2/libjffs2.a(compr_zlib.o)
 .debug_line    0x0000945b      0x3b4 fs/jffs2/libjffs2.a(mini_inflate.o)
 .debug_line    0x0000980f       0xb7 rtc/librtc.a(date.o)
 .debug_line    0x000098c6      0x128 rtc/librtc.a(s3c24x0_rtc.o)
 .debug_line    0x000099ee      0x392 drivers/nand/libnand.a(nand_util.o)
 .debug_line    0x00009d80      0x1ef /opt/EmbedSky/crosstools_3.4.5_softfloat/gcc-3.4.5-glibc-2.3.6/arm-linux/lib/gcc/arm-linux/3.4.5/libgcc.a(_addsubdf3.oS)
 .debug_line    0x00009f6f      0x287 /opt/EmbedSky/crosstools_3.4.5_softfloat/gcc-3.4.5-glibc-2.3.6/arm-linux/lib/gcc/arm-linux/3.4.5/libgcc.a(_muldivdf3.oS)
 .debug_line    0x0000a1f6       0xd0 /opt/EmbedSky/crosstools_3.4.5_softfloat/gcc-3.4.5-glibc-2.3.6/arm-linux/lib/gcc/arm-linux/3.4.5/libgcc.a(_fixdfsi.oS)
 .debug_line    0x0000a2c6       0x1a /opt/EmbedSky/crosstools_3.4.5_softfloat/gcc-3.4.5-glibc-2.3.6/arm-linux/lib/gcc/arm-linux/3.4.5/libgcc.a(_udivdi3.oS)
 .debug_line    0x0000a2e0       0x1a /opt/EmbedSky/crosstools_3.4.5_softfloat/gcc-3.4.5-glibc-2.3.6/arm-linux/lib/gcc/arm-linux/3.4.5/libgcc.a(_clz.oS)

.debug_info     0x00000000    0x28683
 .debug_info    0x00000000       0x58 cpu/arm920t/start.o
 .debug_info    0x00000058      0x81e board/smdk2410/boot_init.o
 .debug_info    0x00000876       0x63 board/smdk2410/lowlevel_init.o
 .debug_info    0x000008d9      0x273 cpu/arm920t/libarm920t.a(interrupts.o)
 .debug_info    0x00000b4c      0x9c1 cpu/arm920t/s3c24x0/libs3c24x0.a(interrupts.o)
 .debug_info    0x0000150d      0x268 cpu/arm920t/s3c24x0/libs3c24x0.a(speed.o)
 .debug_info    0x00001775       0x57 lib_arm/libarm.a(_udivsi3.o)
 .debug_info    0x000017cc      0x51c lib_arm/libarm.a(board.o)
 .debug_info    0x00001ce8       0x44 lib_arm/libarm.a(div0.o)
 .debug_info    0x00001d2c     0x168e net/libnet.a(net.o)
 .debug_info    0x000033ba      0x41a net/libnet.a(tftp.o)
 .debug_info    0x000037d4      0x8c2 net/libnet.a(bootp.o)
 .debug_info    0x00004096      0x245 net/libnet.a(rarp.o)
 .debug_info    0x000042db      0x17d net/libnet.a(eth.o)
 .debug_info    0x00004458      0xe3a net/libnet.a(nfs.o)
 .debug_info    0x00005292      0x6d4 drivers/libdrivers.a(dm9000x.o)
 .debug_info    0x00005966      0xc63 drivers/nand/libnand.a(nand.o)
 .debug_info    0x000065c9     0x2346 drivers/nand/libnand.a(nand_base.o)
 .debug_info    0x0000890f      0x156 drivers/nand/libnand.a(nand_ids.o)
 .debug_info    0x00008a65      0x7e4 drivers/nand/libnand.a(nand_ecc.o)
 .debug_info    0x00009249     0x1794 drivers/nand/libnand.a(nand_bbt.o)
 .debug_info    0x0000a9dd      0x6d2 common/libcommon.a(main.o)
 .debug_info    0x0000b0af      0x3fc common/libcommon.a(cmd_autoscript.o)
 .debug_info    0x0000b4ab      0x368 common/libcommon.a(cmd_bdinfo.o)
 .debug_info    0x0000b813      0x1c8 common/libcommon.a(cmd_boot.o)
 .debug_info    0x0000b9db     0x1364 common/libcommon.a(cmd_bootm.o)
 .debug_info    0x0000cd3f      0x218 common/libcommon.a(cmd_cache.o)
 .debug_info    0x0000cf57      0x37d common/libcommon.a(cmd_console.o)
 .debug_info    0x0000d2d4      0x4fb common/libcommon.a(cmd_date.o)
 .debug_info    0x0000d7cf      0x506 common/libcommon.a(cmd_elf.o)
 .debug_info    0x0000dcd5      0x9bb common/libcommon.a(cmd_flash.o)
 .debug_info    0x0000e690      0x42a common/libcommon.a(cmd_itest.o)
 .debug_info    0x0000eaba     0x201b common/libcommon.a(cmd_jffs2.o)
 .debug_info    0x00010ad5      0xd34 common/libcommon.a(cmd_load.o)
 .debug_info    0x00011809      0xa16 common/libcommon.a(cmd_mem.o)
 .debug_info    0x0001221f      0x1aa common/libcommon.a(cmd_misc.o)
 .debug_info    0x000123c9     0x1861 common/libcommon.a(cmd_nand.o)
 .debug_info    0x00013c2a      0x533 common/libcommon.a(cmd_net.o)
 .debug_info    0x0001415d      0x827 common/libcommon.a(cmd_nvedit.o)
 .debug_info    0x00014984      0x24b common/libcommon.a(cmd_usbslave.o)
 .debug_info    0x00014bcf      0x4aa common/libcommon.a(cmd_menu.o)
 .debug_info    0x00015079      0x3f4 common/libcommon.a(command.o)
 .debug_info    0x0001546d      0x855 common/libcommon.a(console.o)
 .debug_info    0x00015cc2      0x485 common/libcommon.a(devices.o)
 .debug_info    0x00016147      0xb59 common/libcommon.a(dlmalloc.o)
 .debug_info    0x00016ca0      0x378 common/libcommon.a(env_common.o)
 .debug_info    0x00017018      0xa33 common/libcommon.a(env_nand.o)
 .debug_info    0x00017a4b      0x255 common/libcommon.a(exports.o)
 .debug_info    0x00017ca0      0x2f4 common/libcommon.a(flash.o)
 .debug_info    0x00017f94      0x4df common/libcommon.a(lists.o)
 .debug_info    0x00018473      0x17a common/libcommon.a(s_record.o)
 .debug_info    0x000185ed      0x625 common/libcommon.a(xyzModem.o)
 .debug_info    0x00018c12      0x10f common/libcommon.a(crc16.o)
 .debug_info    0x00018d21      0xe01 drivers/lcd/liblcd.a(embedsky_lcd.o)
 .debug_info    0x00019b22      0x611 modules/usb.module(usbmain.o)
 .debug_info    0x0001a133      0x769 modules/usb.module(usbout.o)
 .debug_info    0x0001a89c      0xb09 modules/usb.module(usbsetup.o)
 .debug_info    0x0001b3a5      0xe64 modules/usb.module(usbinit.o)
 .debug_info    0x0001c209      0x589 modules/usb.module(usbin.o)
 .debug_info    0x0001c792      0x882 modules/usb.module(usblib.o)
 .debug_info    0x0001d014      0x16d lib_generic/libgeneric.a(crc32.o)
 .debug_info    0x0001d181       0x56 lib_generic/libgeneric.a(ctype.o)
 .debug_info    0x0001d1d7      0x120 lib_generic/libgeneric.a(display_options.o)
 .debug_info    0x0001d2f7      0x828 lib_generic/libgeneric.a(string.o)
 .debug_info    0x0001db1f      0x401 lib_generic/libgeneric.a(vsprintf.o)
 .debug_info    0x0001df20     0x16ca lib_generic/libgeneric.a(zlib.o)
 .debug_info    0x0001f5ea      0x5c2 board/smdk2410/libsmdk2410.a(smdk2410.o)
 .debug_info    0x0001fbac      0x3e4 board/smdk2410/libsmdk2410.a(flash.o)
 .debug_info    0x0001ff90      0x49b cpu/arm920t/libarm920t.a(cpu.o)
 .debug_info    0x0002042b      0x555 cpu/arm920t/s3c24x0/libs3c24x0.a(serial.o)
 .debug_info    0x00020980      0xfca cpu/arm920t/s3c24x0/libs3c24x0.a(nand_flash.o)
 .debug_info    0x0002194a       0x57 lib_arm/libarm.a(_ashldi3.o)
 .debug_info    0x000219a1       0x57 lib_arm/libarm.a(_ashrdi3.o)
 .debug_info    0x000219f8       0x56 lib_arm/libarm.a(_divsi3.o)
 .debug_info    0x00021a4e       0x56 lib_arm/libarm.a(_modsi3.o)
 .debug_info    0x00021aa4       0x57 lib_arm/libarm.a(_umodsi3.o)
 .debug_info    0x00021afb      0xa94 lib_arm/libarm.a(armlinux.o)
 .debug_info    0x0002258f       0xa8 lib_arm/libarm.a(cache.o)
 .debug_info    0x00022637      0x770 fs/cramfs/libcramfs.a(cramfs.o)
 .debug_info    0x00022da7      0x35c fs/cramfs/libcramfs.a(uncompress.o)
 .debug_info    0x00023103     0x260f fs/jffs2/libjffs2.a(jffs2_1pass.o)
 .debug_info    0x00025712      0x139 fs/jffs2/libjffs2.a(compr_rtime.o)
 .debug_info    0x0002584b      0x1e8 fs/jffs2/libjffs2.a(compr_rubin.o)
 .debug_info    0x00025a33       0xd7 fs/jffs2/libjffs2.a(compr_zlib.o)
 .debug_info    0x00025b0a      0xc25 fs/jffs2/libjffs2.a(mini_inflate.o)
 .debug_info    0x0002672f      0x253 rtc/librtc.a(date.o)
 .debug_info    0x00026982      0x6ac rtc/librtc.a(s3c24x0_rtc.o)
 .debug_info    0x0002702e     0x13af drivers/nand/libnand.a(nand_util.o)
 .debug_info    0x000283dd       0xe2 /opt/EmbedSky/crosstools_3.4.5_softfloat/gcc-3.4.5-glibc-2.3.6/arm-linux/lib/gcc/arm-linux/3.4.5/libgcc.a(_addsubdf3.oS)
 .debug_info    0x000284bf       0xe2 /opt/EmbedSky/crosstools_3.4.5_softfloat/gcc-3.4.5-glibc-2.3.6/arm-linux/lib/gcc/arm-linux/3.4.5/libgcc.a(_muldivdf3.oS)
 .debug_info    0x000285a1       0xe2 /opt/EmbedSky/crosstools_3.4.5_softfloat/gcc-3.4.5-glibc-2.3.6/arm-linux/lib/gcc/arm-linux/3.4.5/libgcc.a(_fixdfsi.oS)

.debug_abbrev   0x00000000     0x7f7b
 .debug_abbrev  0x00000000       0x14 cpu/arm920t/start.o
 .debug_abbrev  0x00000014      0x274 board/smdk2410/boot_init.o
 .debug_abbrev  0x00000288       0x14 board/smdk2410/lowlevel_init.o
 .debug_abbrev  0x0000029c       0xf1 cpu/arm920t/libarm920t.a(interrupts.o)
 .debug_abbrev  0x0000038d      0x250 cpu/arm920t/s3c24x0/libs3c24x0.a(interrupts.o)
 .debug_abbrev  0x000005dd      0x107 cpu/arm920t/s3c24x0/libs3c24x0.a(speed.o)
 .debug_abbrev  0x000006e4       0x14 lib_arm/libarm.a(_udivsi3.o)
 .debug_abbrev  0x000006f8      0x20b lib_arm/libarm.a(board.o)
 .debug_abbrev  0x00000903       0x3a lib_arm/libarm.a(div0.o)
 .debug_abbrev  0x0000093d      0x2fc net/libnet.a(net.o)
 .debug_abbrev  0x00000c39      0x19e net/libnet.a(tftp.o)
 .debug_abbrev  0x00000dd7      0x261 net/libnet.a(bootp.o)
 .debug_abbrev  0x00001038      0x108 net/libnet.a(rarp.o)
 .debug_abbrev  0x00001140       0xac net/libnet.a(eth.o)
 .debug_abbrev  0x000011ec      0x2e3 net/libnet.a(nfs.o)
 .debug_abbrev  0x000014cf      0x23d drivers/libdrivers.a(dm9000x.o)
 .debug_abbrev  0x0000170c      0x17d drivers/nand/libnand.a(nand.o)
 .debug_abbrev  0x00001889      0x32a drivers/nand/libnand.a(nand_base.o)
 .debug_abbrev  0x00001bb3       0x83 drivers/nand/libnand.a(nand_ids.o)
 .debug_abbrev  0x00001c36      0x171 drivers/nand/libnand.a(nand_ecc.o)
 .debug_abbrev  0x00001da7      0x2b1 drivers/nand/libnand.a(nand_bbt.o)
 .debug_abbrev  0x00002058      0x259 common/libcommon.a(main.o)
 .debug_abbrev  0x000022b1      0x141 common/libcommon.a(cmd_autoscript.o)
 .debug_abbrev  0x000023f2      0x119 common/libcommon.a(cmd_bdinfo.o)
 .debug_abbrev  0x0000250b       0xd6 common/libcommon.a(cmd_boot.o)
 .debug_abbrev  0x000025e1      0x2c2 common/libcommon.a(cmd_bootm.o)
 .debug_abbrev  0x000028a3       0xe5 common/libcommon.a(cmd_cache.o)
 .debug_abbrev  0x00002988      0x134 common/libcommon.a(cmd_console.o)
 .debug_abbrev  0x00002abc      0x15a common/libcommon.a(cmd_date.o)
 .debug_abbrev  0x00002c16      0x178 common/libcommon.a(cmd_elf.o)
 .debug_abbrev  0x00002d8e      0x1b8 common/libcommon.a(cmd_flash.o)
 .debug_abbrev  0x00002f46      0x17f common/libcommon.a(cmd_itest.o)
 .debug_abbrev  0x000030c5      0x342 common/libcommon.a(cmd_jffs2.o)
 .debug_abbrev  0x00003407      0x301 common/libcommon.a(cmd_load.o)
 .debug_abbrev  0x00003708      0x1c0 common/libcommon.a(cmd_mem.o)
 .debug_abbrev  0x000038c8       0xc7 common/libcommon.a(cmd_misc.o)
 .debug_abbrev  0x0000398f      0x2d3 common/libcommon.a(cmd_nand.o)
 .debug_abbrev  0x00003c62      0x17b common/libcommon.a(cmd_net.o)
 .debug_abbrev  0x00003ddd      0x22e common/libcommon.a(cmd_nvedit.o)
 .debug_abbrev  0x0000400b       0xfe common/libcommon.a(cmd_usbslave.o)
 .debug_abbrev  0x00004109      0x1a1 common/libcommon.a(cmd_menu.o)
 .debug_abbrev  0x000042aa      0x18b common/libcommon.a(command.o)
 .debug_abbrev  0x00004435      0x23a common/libcommon.a(console.o)
 .debug_abbrev  0x0000466f      0x15b common/libcommon.a(devices.o)
 .debug_abbrev  0x000047ca      0x1d6 common/libcommon.a(dlmalloc.o)
 .debug_abbrev  0x000049a0      0x149 common/libcommon.a(env_common.o)
 .debug_abbrev  0x00004ae9      0x22a common/libcommon.a(env_nand.o)
 .debug_abbrev  0x00004d13       0xf3 common/libcommon.a(exports.o)
 .debug_abbrev  0x00004e06      0x116 common/libcommon.a(flash.o)
 .debug_abbrev  0x00004f1c      0x18e common/libcommon.a(lists.o)
 .debug_abbrev  0x000050aa       0xac common/libcommon.a(s_record.o)
 .debug_abbrev  0x00005156      0x214 common/libcommon.a(xyzModem.o)
 .debug_abbrev  0x0000536a       0x9f common/libcommon.a(crc16.o)
 .debug_abbrev  0x00005409      0x27c drivers/lcd/liblcd.a(embedsky_lcd.o)
 .debug_abbrev  0x00005685      0x159 modules/usb.module(usbmain.o)
 .debug_abbrev  0x000057de      0x167 modules/usb.module(usbout.o)
 .debug_abbrev  0x00005945      0x17e modules/usb.module(usbsetup.o)
 .debug_abbrev  0x00005ac3      0x1e6 modules/usb.module(usbinit.o)
 .debug_abbrev  0x00005ca9      0x13a modules/usb.module(usbin.o)
 .debug_abbrev  0x00005de3      0x140 modules/usb.module(usblib.o)
 .debug_abbrev  0x00005f23       0x90 lib_generic/libgeneric.a(crc32.o)
 .debug_abbrev  0x00005fb3       0x42 lib_generic/libgeneric.a(ctype.o)
 .debug_abbrev  0x00005ff5       0xc3 lib_generic/libgeneric.a(display_options.o)
 .debug_abbrev  0x000060b8      0x136 lib_generic/libgeneric.a(string.o)
 .debug_abbrev  0x000061ee      0x1ad lib_generic/libgeneric.a(vsprintf.o)
 .debug_abbrev  0x0000639b      0x271 lib_generic/libgeneric.a(zlib.o)
 .debug_abbrev  0x0000660c      0x13b board/smdk2410/libsmdk2410.a(smdk2410.o)
 .debug_abbrev  0x00006747      0x18e board/smdk2410/libsmdk2410.a(flash.o)
 .debug_abbrev  0x000068d5      0x164 cpu/arm920t/libarm920t.a(cpu.o)
 .debug_abbrev  0x00006a39      0x19c cpu/arm920t/s3c24x0/libs3c24x0.a(serial.o)
 .debug_abbrev  0x00006bd5      0x1ef cpu/arm920t/s3c24x0/libs3c24x0.a(nand_flash.o)
 .debug_abbrev  0x00006dc4       0x14 lib_arm/libarm.a(_ashldi3.o)
 .debug_abbrev  0x00006dd8       0x14 lib_arm/libarm.a(_ashrdi3.o)
 .debug_abbrev  0x00006dec       0x14 lib_arm/libarm.a(_divsi3.o)
 .debug_abbrev  0x00006e00       0x14 lib_arm/libarm.a(_modsi3.o)
 .debug_abbrev  0x00006e14       0x14 lib_arm/libarm.a(_umodsi3.o)
 .debug_abbrev  0x00006e28      0x1f7 lib_arm/libarm.a(armlinux.o)
 .debug_abbrev  0x0000701f       0x4e lib_arm/libarm.a(cache.o)
 .debug_abbrev  0x0000706d      0x1ac fs/cramfs/libcramfs.a(cramfs.o)
 .debug_abbrev  0x00007219      0x150 fs/cramfs/libcramfs.a(uncompress.o)
 .debug_abbrev  0x00007369      0x31a fs/jffs2/libjffs2.a(jffs2_1pass.o)
 .debug_abbrev  0x00007683       0x9d fs/jffs2/libjffs2.a(compr_rtime.o)
 .debug_abbrev  0x00007720       0xc4 fs/jffs2/libjffs2.a(compr_rubin.o)
 .debug_abbrev  0x000077e4       0x66 fs/jffs2/libjffs2.a(compr_zlib.o)
 .debug_abbrev  0x0000784a      0x253 fs/jffs2/libjffs2.a(mini_inflate.o)
 .debug_abbrev  0x00007a9d       0xdc rtc/librtc.a(date.o)
 .debug_abbrev  0x00007b79      0x1c0 rtc/librtc.a(s3c24x0_rtc.o)
 .debug_abbrev  0x00007d39      0x206 drivers/nand/libnand.a(nand_util.o)
 .debug_abbrev  0x00007f3f       0x14 /opt/EmbedSky/crosstools_3.4.5_softfloat/gcc-3.4.5-glibc-2.3.6/arm-linux/lib/gcc/arm-linux/3.4.5/libgcc.a(_addsubdf3.oS)
 .debug_abbrev  0x00007f53       0x14 /opt/EmbedSky/crosstools_3.4.5_softfloat/gcc-3.4.5-glibc-2.3.6/arm-linux/lib/gcc/arm-linux/3.4.5/libgcc.a(_muldivdf3.oS)
 .debug_abbrev  0x00007f67       0x14 /opt/EmbedSky/crosstools_3.4.5_softfloat/gcc-3.4.5-glibc-2.3.6/arm-linux/lib/gcc/arm-linux/3.4.5/libgcc.a(_fixdfsi.oS)

.debug_aranges  0x00000000      0xb20
 .debug_aranges
                0x00000000       0x20 cpu/arm920t/start.o
 .debug_aranges
                0x00000020       0x20 board/smdk2410/boot_init.o
 .debug_aranges
                0x00000040       0x20 board/smdk2410/lowlevel_init.o
 .debug_aranges
                0x00000060       0x20 cpu/arm920t/libarm920t.a(interrupts.o)
 .debug_aranges
                0x00000080       0x20 cpu/arm920t/s3c24x0/libs3c24x0.a(interrupts.o)
 .debug_aranges
                0x000000a0       0x20 cpu/arm920t/s3c24x0/libs3c24x0.a(speed.o)
 .debug_aranges
                0x000000c0       0x20 lib_arm/libarm.a(_udivsi3.o)
 .debug_aranges
                0x000000e0       0x20 lib_arm/libarm.a(board.o)
 .debug_aranges
                0x00000100       0x20 lib_arm/libarm.a(div0.o)
 .debug_aranges
                0x00000120       0x20 net/libnet.a(net.o)
 .debug_aranges
                0x00000140       0x20 net/libnet.a(tftp.o)
 .debug_aranges
                0x00000160       0x20 net/libnet.a(bootp.o)
 .debug_aranges
                0x00000180       0x20 net/libnet.a(rarp.o)
 .debug_aranges
                0x000001a0       0x20 net/libnet.a(eth.o)
 .debug_aranges
                0x000001c0       0x20 net/libnet.a(nfs.o)
 .debug_aranges
                0x000001e0       0x20 drivers/libdrivers.a(dm9000x.o)
 .debug_aranges
                0x00000200       0x20 drivers/nand/libnand.a(nand.o)
 .debug_aranges
                0x00000220       0x20 drivers/nand/libnand.a(nand_base.o)
 .debug_aranges
                0x00000240       0x20 drivers/nand/libnand.a(nand_ecc.o)
 .debug_aranges
                0x00000260       0x20 drivers/nand/libnand.a(nand_bbt.o)
 .debug_aranges
                0x00000280       0x20 common/libcommon.a(main.o)
 .debug_aranges
                0x000002a0       0x20 common/libcommon.a(cmd_autoscript.o)
 .debug_aranges
                0x000002c0       0x20 common/libcommon.a(cmd_bdinfo.o)
 .debug_aranges
                0x000002e0       0x20 common/libcommon.a(cmd_boot.o)
 .debug_aranges
                0x00000300       0x20 common/libcommon.a(cmd_bootm.o)
 .debug_aranges
                0x00000320       0x20 common/libcommon.a(cmd_cache.o)
 .debug_aranges
                0x00000340       0x20 common/libcommon.a(cmd_console.o)
 .debug_aranges
                0x00000360       0x20 common/libcommon.a(cmd_date.o)
 .debug_aranges
                0x00000380       0x20 common/libcommon.a(cmd_elf.o)
 .debug_aranges
                0x000003a0       0x20 common/libcommon.a(cmd_flash.o)
 .debug_aranges
                0x000003c0       0x20 common/libcommon.a(cmd_itest.o)
 .debug_aranges
                0x000003e0       0x20 common/libcommon.a(cmd_jffs2.o)
 .debug_aranges
                0x00000400       0x20 common/libcommon.a(cmd_load.o)
 .debug_aranges
                0x00000420       0x20 common/libcommon.a(cmd_mem.o)
 .debug_aranges
                0x00000440       0x20 common/libcommon.a(cmd_misc.o)
 .debug_aranges
                0x00000460       0x20 common/libcommon.a(cmd_nand.o)
 .debug_aranges
                0x00000480       0x20 common/libcommon.a(cmd_net.o)
 .debug_aranges
                0x000004a0       0x20 common/libcommon.a(cmd_nvedit.o)
 .debug_aranges
                0x000004c0       0x20 common/libcommon.a(cmd_usbslave.o)
 .debug_aranges
                0x000004e0       0x20 common/libcommon.a(cmd_menu.o)
 .debug_aranges
                0x00000500       0x20 common/libcommon.a(command.o)
 .debug_aranges
                0x00000520       0x20 common/libcommon.a(console.o)
 .debug_aranges
                0x00000540       0x20 common/libcommon.a(devices.o)
 .debug_aranges
                0x00000560       0x20 common/libcommon.a(dlmalloc.o)
 .debug_aranges
                0x00000580       0x20 common/libcommon.a(env_common.o)
 .debug_aranges
                0x000005a0       0x20 common/libcommon.a(env_nand.o)
 .debug_aranges
                0x000005c0       0x20 common/libcommon.a(exports.o)
 .debug_aranges
                0x000005e0       0x20 common/libcommon.a(flash.o)
 .debug_aranges
                0x00000600       0x20 common/libcommon.a(lists.o)
 .debug_aranges
                0x00000620       0x20 common/libcommon.a(s_record.o)
 .debug_aranges
                0x00000640       0x20 common/libcommon.a(xyzModem.o)
 .debug_aranges
                0x00000660       0x20 common/libcommon.a(crc16.o)
 .debug_aranges
                0x00000680       0x20 drivers/lcd/liblcd.a(embedsky_lcd.o)
 .debug_aranges
                0x000006a0       0x20 modules/usb.module(usbmain.o)
 .debug_aranges
                0x000006c0       0x20 modules/usb.module(usbout.o)
 .debug_aranges
                0x000006e0       0x20 modules/usb.module(usbsetup.o)
 .debug_aranges
                0x00000700       0x20 modules/usb.module(usbinit.o)
 .debug_aranges
                0x00000720       0x20 modules/usb.module(usbin.o)
 .debug_aranges
                0x00000740       0x20 modules/usb.module(usblib.o)
 .debug_aranges
                0x00000760       0x20 lib_generic/libgeneric.a(crc32.o)
 .debug_aranges
                0x00000780       0x20 lib_generic/libgeneric.a(display_options.o)
 .debug_aranges
                0x000007a0       0x20 lib_generic/libgeneric.a(string.o)
 .debug_aranges
                0x000007c0       0x20 lib_generic/libgeneric.a(vsprintf.o)
 .debug_aranges
                0x000007e0       0x20 lib_generic/libgeneric.a(zlib.o)
 .debug_aranges
                0x00000800       0x20 board/smdk2410/libsmdk2410.a(smdk2410.o)
 .debug_aranges
                0x00000820       0x20 board/smdk2410/libsmdk2410.a(flash.o)
 .debug_aranges
                0x00000840       0x20 cpu/arm920t/libarm920t.a(cpu.o)
 .debug_aranges
                0x00000860       0x20 cpu/arm920t/s3c24x0/libs3c24x0.a(serial.o)
 .debug_aranges
                0x00000880       0x20 cpu/arm920t/s3c24x0/libs3c24x0.a(nand_flash.o)
 .debug_aranges
                0x000008a0       0x20 lib_arm/libarm.a(_ashldi3.o)
 .debug_aranges
                0x000008c0       0x20 lib_arm/libarm.a(_ashrdi3.o)
 .debug_aranges
                0x000008e0       0x20 lib_arm/libarm.a(_divsi3.o)
 .debug_aranges
                0x00000900       0x20 lib_arm/libarm.a(_modsi3.o)
 .debug_aranges
                0x00000920       0x20 lib_arm/libarm.a(_umodsi3.o)
 .debug_aranges
                0x00000940       0x20 lib_arm/libarm.a(armlinux.o)
 .debug_aranges
                0x00000960       0x20 lib_arm/libarm.a(cache.o)
 .debug_aranges
                0x00000980       0x20 fs/cramfs/libcramfs.a(cramfs.o)
 .debug_aranges
                0x000009a0       0x20 fs/cramfs/libcramfs.a(uncompress.o)
 .debug_aranges
                0x000009c0       0x20 fs/jffs2/libjffs2.a(jffs2_1pass.o)
 .debug_aranges
                0x000009e0       0x20 fs/jffs2/libjffs2.a(compr_rtime.o)
 .debug_aranges
                0x00000a00       0x20 fs/jffs2/libjffs2.a(compr_rubin.o)
 .debug_aranges
                0x00000a20       0x20 fs/jffs2/libjffs2.a(compr_zlib.o)
 .debug_aranges
                0x00000a40       0x20 fs/jffs2/libjffs2.a(mini_inflate.o)
 .debug_aranges
                0x00000a60       0x20 rtc/librtc.a(date.o)
 .debug_aranges
                0x00000a80       0x20 rtc/librtc.a(s3c24x0_rtc.o)
 .debug_aranges
                0x00000aa0       0x20 drivers/nand/libnand.a(nand_util.o)
 .debug_aranges
                0x00000ac0       0x20 /opt/EmbedSky/crosstools_3.4.5_softfloat/gcc-3.4.5-glibc-2.3.6/arm-linux/lib/gcc/arm-linux/3.4.5/libgcc.a(_addsubdf3.oS)
 .debug_aranges
                0x00000ae0       0x20 /opt/EmbedSky/crosstools_3.4.5_softfloat/gcc-3.4.5-glibc-2.3.6/arm-linux/lib/gcc/arm-linux/3.4.5/libgcc.a(_muldivdf3.oS)
 .debug_aranges
                0x00000b00       0x20 /opt/EmbedSky/crosstools_3.4.5_softfloat/gcc-3.4.5-glibc-2.3.6/arm-linux/lib/gcc/arm-linux/3.4.5/libgcc.a(_fixdfsi.oS)

.debug_frame    0x00000000     0x3f84
 .debug_frame   0x00000000      0x15c board/smdk2410/boot_init.o
 .debug_frame   0x0000015c      0x110 cpu/arm920t/libarm920t.a(interrupts.o)
 .debug_frame   0x0000026c      0x1cc cpu/arm920t/s3c24x0/libs3c24x0.a(interrupts.o)
 .debug_frame   0x00000438       0x7c cpu/arm920t/s3c24x0/libs3c24x0.a(speed.o)
 .debug_frame   0x000004b4       0x9c lib_arm/libarm.a(board.o)
 .debug_frame   0x00000550       0x20 lib_arm/libarm.a(div0.o)
 .debug_frame   0x00000570      0x2c0 net/libnet.a(net.o)
 .debug_frame   0x00000830       0x8c net/libnet.a(tftp.o)
 .debug_frame   0x000008bc       0x8c net/libnet.a(bootp.o)
 .debug_frame   0x00000948       0x60 net/libnet.a(rarp.o)
 .debug_frame   0x000009a8       0x20 net/libnet.a(eth.o)
 .debug_frame   0x000009c8      0x14c net/libnet.a(nfs.o)
 .debug_frame   0x00000b14       0xf4 drivers/libdrivers.a(dm9000x.o)
 .debug_frame   0x00000c08       0x28 drivers/nand/libnand.a(nand.o)
 .debug_frame   0x00000c30      0x460 drivers/nand/libnand.a(nand_base.o)
 .debug_frame   0x00001090       0x54 drivers/nand/libnand.a(nand_ecc.o)
 .debug_frame   0x000010e4      0x1a0 drivers/nand/libnand.a(nand_bbt.o)
 .debug_frame   0x00001284       0xb4 common/libcommon.a(main.o)
 .debug_frame   0x00001338       0x4c common/libcommon.a(cmd_autoscript.o)
 .debug_frame   0x00001384       0x3c common/libcommon.a(cmd_bdinfo.o)
 .debug_frame   0x000013c0       0x2c common/libcommon.a(cmd_boot.o)
 .debug_frame   0x000013ec      0x120 common/libcommon.a(cmd_bootm.o)
 .debug_frame   0x0000150c       0x58 common/libcommon.a(cmd_cache.o)
 .debug_frame   0x00001564       0x30 common/libcommon.a(cmd_console.o)
 .debug_frame   0x00001594       0x64 common/libcommon.a(cmd_date.o)
 .debug_frame   0x000015f8       0x88 common/libcommon.a(cmd_elf.o)
 .debug_frame   0x00001680      0x124 common/libcommon.a(cmd_flash.o)
 .debug_frame   0x000017a4       0x74 common/libcommon.a(cmd_itest.o)
 .debug_frame   0x00001818      0x2ac common/libcommon.a(cmd_jffs2.o)
 .debug_frame   0x00001ac4      0x198 common/libcommon.a(cmd_load.o)
 .debug_frame   0x00001c5c      0x184 common/libcommon.a(cmd_mem.o)
 .debug_frame   0x00001de0       0x30 common/libcommon.a(cmd_misc.o)
 .debug_frame   0x00001e10       0xac common/libcommon.a(cmd_nand.o)
 .debug_frame   0x00001ebc       0x90 common/libcommon.a(cmd_net.o)
 .debug_frame   0x00001f4c      0x108 common/libcommon.a(cmd_nvedit.o)
 .debug_frame   0x00002054       0x30 common/libcommon.a(cmd_usbslave.o)
 .debug_frame   0x00002084       0xf0 common/libcommon.a(cmd_menu.o)
 .debug_frame   0x00002174       0x98 common/libcommon.a(command.o)
 .debug_frame   0x0000220c      0x214 common/libcommon.a(console.o)
 .debug_frame   0x00002420       0x5c common/libcommon.a(devices.o)
 .debug_frame   0x0000247c      0x13c common/libcommon.a(dlmalloc.o)
 .debug_frame   0x000025b8       0x7c common/libcommon.a(env_common.o)
 .debug_frame   0x00002634       0x88 common/libcommon.a(env_nand.o)
 .debug_frame   0x000026bc       0x48 common/libcommon.a(exports.o)
 .debug_frame   0x00002704       0x80 common/libcommon.a(flash.o)
 .debug_frame   0x00002784      0x134 common/libcommon.a(lists.o)
 .debug_frame   0x000028b8       0x64 common/libcommon.a(s_record.o)
 .debug_frame   0x0000291c      0x128 common/libcommon.a(xyzModem.o)
 .debug_frame   0x00002a44       0x28 common/libcommon.a(crc16.o)
 .debug_frame   0x00002a6c      0x1ac drivers/lcd/liblcd.a(embedsky_lcd.o)
 .debug_frame   0x00002c18       0x70 modules/usb.module(usbmain.o)
 .debug_frame   0x00002c88       0x80 modules/usb.module(usbout.o)
 .debug_frame   0x00002d08       0x70 modules/usb.module(usbsetup.o)
 .debug_frame   0x00002d78      0x128 modules/usb.module(usbinit.o)
 .debug_frame   0x00002ea0       0x48 modules/usb.module(usbin.o)
 .debug_frame   0x00002ee8       0xd0 modules/usb.module(usblib.o)
 .debug_frame   0x00002fb8       0x40 lib_generic/libgeneric.a(crc32.o)
 .debug_frame   0x00002ff8       0x48 lib_generic/libgeneric.a(display_options.o)
 .debug_frame   0x00003040      0x1dc lib_generic/libgeneric.a(string.o)
 .debug_frame   0x0000321c       0xe4 lib_generic/libgeneric.a(vsprintf.o)
 .debug_frame   0x00003300      0x1f4 lib_generic/libgeneric.a(zlib.o)
 .debug_frame   0x000034f4       0x38 board/smdk2410/libsmdk2410.a(smdk2410.o)
 .debug_frame   0x0000352c       0xc0 board/smdk2410/libsmdk2410.a(flash.o)
 .debug_frame   0x000035ec      0x114 cpu/arm920t/libarm920t.a(cpu.o)
 .debug_frame   0x00003700       0xb8 cpu/arm920t/s3c24x0/libs3c24x0.a(serial.o)
 .debug_frame   0x000037b8       0x58 cpu/arm920t/s3c24x0/libs3c24x0.a(nand_flash.o)
 .debug_frame   0x00003810       0x38 lib_arm/libarm.a(armlinux.o)
 .debug_frame   0x00003848       0x20 lib_arm/libarm.a(cache.o)
 .debug_frame   0x00003868      0x118 fs/cramfs/libcramfs.a(cramfs.o)
 .debug_frame   0x00003980       0x80 fs/cramfs/libcramfs.a(uncompress.o)
 .debug_frame   0x00003a00      0x208 fs/jffs2/libjffs2.a(jffs2_1pass.o)
 .debug_frame   0x00003c08       0x34 fs/jffs2/libjffs2.a(compr_rtime.o)
 .debug_frame   0x00003c3c       0x4c fs/jffs2/libjffs2.a(compr_rubin.o)
 .debug_frame   0x00003c88       0x20 fs/jffs2/libjffs2.a(compr_zlib.o)
 .debug_frame   0x00003ca8       0xe8 fs/jffs2/libjffs2.a(mini_inflate.o)
 .debug_frame   0x00003d90       0x6c rtc/librtc.a(date.o)
 .debug_frame   0x00003dfc       0x94 rtc/librtc.a(s3c24x0_rtc.o)
 .debug_frame   0x00003e90       0xf4 drivers/nand/libnand.a(nand_util.o)

.debug_pubnames
                0x00000000     0x2d4c
 .debug_pubnames
                0x00000000       0xa6 board/smdk2410/boot_init.o
 .debug_pubnames
                0x000000a6       0xdf cpu/arm920t/libarm920t.a(interrupts.o)
 .debug_pubnames
                0x00000185      0x19a cpu/arm920t/s3c24x0/libs3c24x0.a(interrupts.o)
 .debug_pubnames
                0x0000031f       0x46 cpu/arm920t/s3c24x0/libs3c24x0.a(speed.o)
 .debug_pubnames
                0x00000365       0x71 lib_arm/libarm.a(board.o)
 .debug_pubnames
                0x000003d6       0x1d lib_arm/libarm.a(div0.o)
 .debug_pubnames
                0x000003f3      0x3f2 net/libnet.a(net.o)
 .debug_pubnames
                0x000007e5       0x20 net/libnet.a(tftp.o)
 .debug_pubnames
                0x00000805       0x3c net/libnet.a(bootp.o)
 .debug_pubnames
                0x00000841       0x2e net/libnet.a(rarp.o)
 .debug_pubnames
                0x0000086f       0x25 net/libnet.a(eth.o)
 .debug_pubnames
                0x00000894       0x1f net/libnet.a(nfs.o)
 .debug_pubnames
                0x000008b3       0x52 drivers/libdrivers.a(dm9000x.o)
 .debug_pubnames
                0x00000905       0x43 drivers/nand/libnand.a(nand.o)
 .debug_pubnames
                0x00000948       0x6e drivers/nand/libnand.a(nand_base.o)
 .debug_pubnames
                0x000009b6       0x38 drivers/nand/libnand.a(nand_ids.o)
 .debug_pubnames
                0x000009ee       0x3f drivers/nand/libnand.a(nand_ecc.o)