Archive member included because of file (symbol)

cpu/arm920t/libarm920t.a(interrupts.o)
                              cpu/arm920t/start.o (do_undefined_instruction)
cpu/arm920t/s3c24x0/libs3c24x0.a(interrupts.o)
                              cpu/arm920t/libarm920t.a(interrupts.o) (reset_cpu)
cpu/arm920t/s3c24x0/libs3c24x0.a(speed.o)
                              cpu/arm920t/s3c24x0/libs3c24x0.a(interrupts.o) (get_PCLK)
lib_arm/libarm.a(_udivsi3.o)  cpu/arm920t/s3c24x0/libs3c24x0.a(interrupts.o) (__udivsi3)
lib_arm/libarm.a(board.o)     cpu/arm920t/s3c24x0/libs3c24x0.a(speed.o) (hang)
lib_arm/libarm.a(div0.o)      lib_arm/libarm.a(_udivsi3.o) (__div0)
lib_arm/libarm.a(boot_zImage.o)
                              (__u_boot_cmd_boot_noos)
net/libnet.a(net.o)           lib_arm/libarm.a(board.o) (copy_filename)
net/libnet.a(tftp.o)          net/libnet.a(net.o) (TftpStart)
net/libnet.a(bootp.o)         net/libnet.a(net.o) (BootpRequest)
net/libnet.a(rarp.o)          net/libnet.a(net.o) (RarpRequest)
net/libnet.a(eth.o)           lib_arm/libarm.a(board.o) (eth_initialize)
net/libnet.a(nfs.o)           net/libnet.a(net.o) (NfsStart)
drivers/libdrivers.a(dm9000x.o)
                              net/libnet.a(net.o) (eth_init)
drivers/nand/libnand.a(nand.o)
                              lib_arm/libarm.a(board.o) (nand_init)
drivers/nand/libnand.a(nand_base.o)
                              drivers/nand/libnand.a(nand.o) (nand_scan)
drivers/nand/libnand.a(nand_ids.o)
                              drivers/nand/libnand.a(nand_base.o) (nand_manuf_ids)
drivers/nand/libnand.a(nand_ecc.o)
                              drivers/nand/libnand.a(nand_base.o) (nand_calculate_ecc)
drivers/nand/libnand.a(nand_bbt.o)
                              drivers/nand/libnand.a(nand_base.o) (nand_update_bbt)
common/libcommon.a(main.o)    lib_arm/libarm.a(boot_zImage.o) (run_command)
common/libcommon.a(cmd_autoscript.o)
                              (__u_boot_cmd_autoscr)
common/libcommon.a(cmd_bdinfo.o)
                              (__u_boot_cmd_bdinfo)
common/libcommon.a(cmd_boot.o)
                              (__u_boot_cmd_reset)
common/libcommon.a(cmd_bootm.o)
                              (__u_boot_cmd_imls)
common/libcommon.a(cmd_cache.o)
                              (__u_boot_cmd_dcache)
common/libcommon.a(cmd_console.o)
                              (__u_boot_cmd_coninfo)
common/libcommon.a(cmd_date.o)
                              (__u_boot_cmd_date)
common/libcommon.a(cmd_elf.o)
                              (__u_boot_cmd_bootvx)
common/libcommon.a(cmd_flash.o)
                              (__u_boot_cmd_protect)
common/libcommon.a(cmd_itest.o)
                              (__u_boot_cmd_itest)
common/libcommon.a(cmd_jffs2.o)
                              (__u_boot_cmd_mtdparts)
common/libcommon.a(cmd_load.o)
                              (__u_boot_cmd_loady)
common/libcommon.a(cmd_mem.o)
                              (__u_boot_cmd_mtest)
common/libcommon.a(cmd_misc.o)
                              (__u_boot_cmd_sleep)
common/libcommon.a(cmd_nand.o)
                              (__u_boot_cmd_nboot)
common/libcommon.a(cmd_net.o)
                              (__u_boot_cmd_ping)
common/libcommon.a(cmd_nvedit.o)
                              (__u_boot_cmd_run)
common/libcommon.a(cmd_usbslave.o)
                              (__u_boot_cmd_usbslave)
common/libcommon.a(cmd_menu.o)
                              (__u_boot_cmd_menu)
common/libcommon.a(command.o)
                              (__u_boot_cmd_question_mark)
common/libcommon.a(console.o)
                              cpu/arm920t/libarm920t.a(interrupts.o) (printf)
common/libcommon.a(devices.o)
                              common/libcommon.a(cmd_console.o) (stdio_names)
common/libcommon.a(dlmalloc.o)
                              drivers/nand/libnand.a(nand_base.o) (free)
common/libcommon.a(env_common.o)
                              common/libcommon.a(cmd_nvedit.o) (env_get_char)
common/libcommon.a(env_nand.o)
                              common/libcommon.a(env_common.o) (env_ptr)
common/libcommon.a(exports.o)
                              lib_arm/libarm.a(board.o) (jumptable_init)
common/libcommon.a(flash.o)   common/libcommon.a(cmd_load.o) (addr2info)
common/libcommon.a(lists.o)   common/libcommon.a(devices.o) (ListCreate)
common/libcommon.a(s_record.o)
                              common/libcommon.a(cmd_load.o) (srec_decode)
common/libcommon.a(xyzModem.o)
                              common/libcommon.a(cmd_load.o) (xyzModem_stream_open)
common/libcommon.a(crc16.o)   common/libcommon.a(xyzModem.o) (cyg_crc16)
drivers/lcd/liblcd.a(embedsky_lcd.o)
                              common/libcommon.a(main.o) (embedsky_lcd_Init)
modules/usb.module(usbmain.o)
                              cpu/arm920t/s3c24x0/libs3c24x0.a(interrupts.o) (IsrUsbd)
modules/usb.module(usbout.o)  modules/usb.module(usbmain.o) (Ep3Handler)
modules/usb.module(usbsetup.o)
[...]
Memory Configuration

Name             Origin             Length             Attributes
*default*        0x00000000         0xffffffff

Linker script and memory map

                0x00000000                . = 0x0
                0x00000000                . = ALIGN (0x4)

.text           0x33d00000    0x23fb0
 cpu/arm920t/start.o(.text)
 .text          0x33d00000      0x3a0 cpu/arm920t/start.o
                0x33d00000                _start
                0x33d00044                _armboot_start
                0x33d00048                _bss_start
                0x33d00054                FREE_RAM_SIZE
                0x33d00050                FREE_RAM_END
                0x33d00058                IRQ_STACK_START
                0x33d0004c                _bss_end
                0x33d0005c                FIQ_STACK_START
 board/smdk2410/boot_init.o(.text)
 .text          0x33d003a0      0x564 board/smdk2410/boot_init.o
                0x33d00444                nand_init_ll
                0x33d0081c                CopyCode2Ram
                0x33d00474                NF_ReadID
                0x33d007f0                bBootFrmNORFlash
                0x33d008b0                clock_init
                0x33d004dc                nand_read_ll
                0x33d00634                nand_read_ll_lp
 board/smdk2410/lowlevel_init.o(.text)
 .text          0x33d00904       0x64 board/smdk2410/lowlevel_init.o
                0x33d00908                lowlevel_init
 *(.text)
 .text          0x33d00968      0x280 cpu/arm920t/libarm920t.a(interrupts.o)
                0x33d00bc4                do_irq
                0x33d00aec                do_undefined_instruction
                0x33d00ba0                do_fiq
                0x33d00994                bad_mode
                0x33d00968                enable_interrupts
                0x33d009b0                show_regs
                0x33d00978                disable_interrupts
                0x33d00b34                do_prefetch_abort
                0x33d00b10                do_software_interrupt
                0x33d00b58                do_data_abort
                0x33d00b7c                do_not_used
 .text          0x33d00be8      0x518 cpu/arm920t/s3c24x0/libs3c24x0.a(interrupts.o)
                0x33d00d88                udelay_masked
                0x33d00c68                reset_timer_masked
                0x33d01010                Isr_Init
                0x33d010b0                IRQ_Handle
                0x33d00e24                reset_cpu
                0x33d00e18                get_tbclk
                0x33d00eb4                Timer_StartEx
                0x33d00e04                get_ticks
                0x33d00f90                IsrWatchdog
                0x33d00f10                Timer_StopEx
                0x33d00be8                interrupt_init
                0x33d00e44                ClearPending
                0x33d00c98                reset_timer
                0x33d00d2c                udelay
                0x33d00d1c                set_timer
                0x33d00c9c                get_timer_masked
                0x33d00e60                Timer_InitEx
                0x33d00fc8                IsrTimer4
                0x33d00d08                get_timer
                0x33d00fe8                Dummy_isr
 .text          0x33d01100      0x170 cpu/arm920t/s3c24x0/libs3c24x0.a(speed.o)
                0x33d011e4                get_PCLK
                0x33d01268                get_UCLK
                0x33d01168                get_HCLK
                0x33d01160                get_FCLK
 .text          0x33d01270       0x98 lib_arm/libarm.a(_udivsi3.o)
                0x33d01270                __udivsi3
 .text          0x33d01308      0x3bc lib_arm/libarm.a(board.o)
                0x33d01308                sbrk
                0x33d01400                start_armboot
                0x33d013f0                hang
 .text          0x33d016c4        0x4 lib_arm/libarm.a(div0.o)
                0x33d016c4                __div0
 .text          0x33d016c8      0x340 lib_arm/libarm.a(boot_zImage.o)
                0x33d0194c                boot_noos
                0x33d01704                call_linux
                0x33d018b4                do_boot_zImage
                0x33d018cc                test_zImage
                0x33d017c8                boot_zImage
                0x33d019f0                do_boot_noos
                0x33d0193c                do_test_zImage
                0x33d016f4                tlb_invalidate
                0x33d016c8                cache_clean_invalidate
 .text          0x33d01a08     0x14f8 net/libnet.a(net.o)
                0x33d02a7c                getenv_VLAN
                0x33d01c5c                NetSetHandler
                0x33d01d78                NetCksum
                0x33d0206c                PingSend
                0x33d029c8                VLAN_to_string
                0x33d02390                NetReceive
                0x33d01f04                NetSendUDPPacket
                0x33d01dc4                NetSetIP
                0x33d022c0                copy_filename
                0x33d01a08                NetSetEther
                0x33d01ac8                ArpRequest
                0x33d02a94                NetLoop
                0x33d01cec                ArpTimeoutCheck
                0x33d01d74                NetSendPacket
                0x33d0236c                print_IPaddr
                0x33d02a24                string_to_VLAN
                0x33d02258                NetCksumOk
                0x33d02314                ip_to_string
                0x33d02938                string_to_ip
                0x33d0227c                NetEthHdrSize
                0x33d01c6c                NetStartAgain
                0x33d029b8                getenv_IPaddr
                0x33d01c20                NetSetTimeout
 .text          0x33d02f00      0x6b8 net/libnet.a(tftp.o)
                0x33d03394                TftpStart
 .text          0x33d035b8      0x65c net/libnet.a(bootp.o)
                0x33d03968                BootpRequest
 .text          0x33d03c14      0x1a0 net/libnet.a(rarp.o)
                0x33d03c6c                RarpRequest
 .text          0x33d03db4        0x8 net/libnet.a(eth.o)
                0x33d03db4                eth_initialize
 .text          0x33d03dbc      0xef0 net/libnet.a(nfs.o)
                0x33d04a50                NfsStart
 .text          0x33d04cac      0x850 drivers/libdrivers.a(dm9000x.o)
                0x33d04dac                eth_init
                0x33d052bc                eth_send
                0x33d05394                eth_halt
                0x33d053cc                eth_rx
 .text          0x33d054fc       0x94 drivers/nand/libnand.a(nand.o)
                0x33d054fc                nand_init
 .text          0x33d05590     0x2d20 drivers/nand/libnand.a(nand_base.o)
                0x33d07234                nand_write_calmecc
                0x33d07860                nand_scan
                0x33d06960                nand_read_raw
                0x33d08274                nand_release
                0x33d075d0                nand_erase_nand
 .text          0x33d082b0      0x298 drivers/nand/libnand.a(nand_ecc.o)
                0x33d082b0                nand_calculate_ecc
                0x33d083c4                nand_correct_data
 .text          0x33d08548     0x15ec drivers/nand/libnand.a(nand_bbt.o)
                0x33d09acc                nand_isbad_bbt
                0x33d099f8                nand_default_bbt
                0x33d095a0                nand_scan_bbt
                0x33d092ac                nand_update_bbt
 .text          0x33d09b34      0x92c common/libcommon.a(main.o)
                0x33d09dec                run_command
                0x33d0a3e4                do_run
                0x33d09c10                readline
                0x33d0a23c                main_loop
 .text          0x33d0a460      0x260 common/libcommon.a(cmd_autoscript.o)
                0x33d0a460                autoscript
                0x33d0a680                do_autoscript
 .text          0x33d0a6c0       0xe4 common/libcommon.a(cmd_bdinfo.o)
                0x33d0a6d4                do_bdinfo
 .text          0x33d0a7a4       0x88 common/libcommon.a(cmd_boot.o)
                0x33d0a7a4                do_go
 .text          0x33d0a82c      0xffc common/libcommon.a(cmd_bootm.o)
                0x33d0af6c                do_iminfo
                0x33d0b144                do_bootm
                0x33d0a82c                do_bootd
                0x33d0afe8                gunzip
                0x33d0a850                print_image_hdr
 .text          0x33d0b828      0x154 common/libcommon.a(cmd_cache.o)
                0x33d0b8f4                do_icache
                0x33d0b86c                do_dcache
 .text          0x33d0b97c       0xd8 common/libcommon.a(cmd_console.o)
                0x33d0b97c                do_coninfo
 .text          0x33d0ba54      0x33c common/libcommon.a(cmd_date.o)
                0x33d0bc84                do_date
                0x33d0ba9c                mk_date
 .text          0x33d0bd90      0x394 common/libcommon.a(cmd_elf.o)
                0x33d0bf00                do_bootvx
                0x33d0c07c                do_bootelf
                0x33d0bde4                load_elf_image
                0x33d0bd90                valid_elf_image
 .text          0x33d0c124      0xd50 common/libcommon.a(cmd_flash.o)
                0x33d0c690                flash_sect_erase
                0x33d0cad4                do_protect
                0x33d0c5f4                do_flinfo
                0x33d0c774                do_flerase
                0x33d0c9e4                flash_sect_protect
 .text          0x33d0ce74      0x2f0 common/libcommon.a(cmd_itest.o)
                0x33d0cedc                binary_test
                0x33d0d0b8                do_itest
 .text          0x33d0d164     0x21fc common/libcommon.a(cmd_jffs2.o)
                0x33d0e250                find_dev_and_part
                0x33d0ea60                do_jffs2_fsload
                0x33d0e3f4                mtdparts_init
                0x33d0ec6c                do_jffs2_fsinfo
                0x33d0ebec                do_jffs2_ls
                0x33d0deac                id_parse
                0x33d0edc4                do_jffs2_mtdparts
                0x33d0ed00                do_jffs2_chpart
 .text          0x33d0f360      0xe4c common/libcommon.a(cmd_load.o)
                0x33d0f654                send_pad
                0x33d0f94c                k_data_char
                0x33d0f85c                k_data_init
                0x33d0f77c                send_nack
                0x33d0fbf4                do_load_serial_bin
                0x33d0f8e8                k_data_restore
                0x33d0f884                k_data_save
                0x33d0f690                ktrans
                0x33d0f360                do_load_serial
                0x33d0f6bc                chk1
                0x33d0f718                send_ack
                0x33d0f9c0                handle_send_packet
                0x33d0f6ec                s1_sendpacket
 .text          0x33d101ac      0xb28 common/libcommon.a(cmd_mem.o)
                0x33d10500                do_mem_cmp
                0x33d106bc                do_mem_cp
                0x33d10220                do_mem_md
                0x33d10c1c                do_mem_crc
                0x33d10bf4                do_mem_mm
                0x33d107f0                do_mem_base
                0x33d10bcc                do_mem_nm
                0x33d10434                do_mem_mw
                0x33d10834                do_mem_loop
                0x33d101ac                cmd_get_data_size
                0x33d10938                do_mem_mtest
 .text          0x33d10cd4       0x9c common/libcommon.a(cmd_misc.o)
                0x33d10cd4                do_sleep
 .text          0x33d10d70     0x1288 common/libcommon.a(cmd_nand.o)
                0x33d10fac                do_nand
                0x33d11dd4                do_nandboot
 .text          0x33d11ff8      0x388 common/libcommon.a(cmd_net.o)
                0x33d122c4                do_rarpb
                0x33d122dc                do_bootp
                0x33d122e8                do_ping
                0x33d122d0                do_tftpb
                0x33d122b8                do_nfs
 .text          0x33d12380      0x8b8 common/libcommon.a(cmd_nvedit.o)
                0x33d12acc                getenv
                0x33d12a54                setenv
                0x33d125b0                _do_setenv
                0x33d123f4                do_printenv
                0x33d12a8c                do_setenv
                0x33d12c0c                do_saveenv
                0x33d12b48                getenv_r
 .text          0x33d12c38      0x1d4 common/libcommon.a(cmd_usbslave.o)
                0x33d12c38                do_usbslave
 .text          0x33d12e0c      0xef0 common/libcommon.a(cmd_menu.o)
                0x33d13124                lcd_menu_usage
                0x33d12e80                param_menu_shell
                0x33d139f8                menu_shell
                0x33d13398                main_menu_usage
                0x33d1353c                tftp_menu_shell
                0x33d131b0                lcd_menu_shell
                0x33d12e0c                param_menu_usage
                0x33d13cec                do_menu
 .text          0x33d13cfc      0x308 common/libcommon.a(command.o)
                0x33d13d9c                find_cmd
                0x33d13d1c                do_echo
                0x33d13cfc                do_version
                0x33d13e44                do_help
 .text          0x33d14004      0x570 common/libcommon.a(console.o)
                0x33d143d8                console_init_f
                0x33d140ac                serial_printf
                0x33d14318                had_ctrlc
                0x33d142a8                ctrlc
                0x33d143e8                console_init_r
                0x33d14328                clear_ctrlc
                0x33d140e4                fgetc
                0x33d1427c                vprintf
                0x33d14134                fputc
                0x33d14300                disable_ctrlc
                0x33d14164                fputs
                0x33d14190                fprintf
                0x33d1433c                dbg
                0x33d14348                console_assign
                0x33d141e8                tstc
                0x33d141d0                getc
                0x33d14244                printf
                0x33d14228                puts
                0x33d14200                putc
                0x33d1410c                ftstc
 .text          0x33d14574       0xf0 common/libcommon.a(devices.o)
                0x33d14574                device_register
                0x33d14598                devices_init
                0x33d14648                devices_done
 .text          0x33d14664     0x108c common/libcommon.a(dlmalloc.o)
                0x33d15638                malloc_usable_size
                0x33d14698                malloc_trim
                0x33d15564                calloc
                0x33d14fc8                realloc
                0x33d14984                malloc
                0x33d14664                malloc_bin_reloc
                0x33d15430                memalign
                0x33d15678                mallopt
                0x33d15634                cfree
                0x33d1554c                pvalloc
                0x33d14770                free
                0x33d15540                valloc
 .text          0x33d156f0      0x124 common/libcommon.a(env_common.o)
                0x33d15744                env_get_char_memory
                0x33d15784                env_relocate
                0x33d15764                env_get_addr
                0x33d156f0                env_crc_update
 .text          0x33d15814      0x204 common/libcommon.a(env_nand.o)
                0x33d1583c                saveenv
                0x33d15990                env_relocate_spec
                0x33d15814                env_get_char_spec
                0x33d15820                env_init
 .text          0x33d15a18       0xc0 common/libcommon.a(exports.o)
                0x33d15a24                jumptable_init
                0x33d15a1c                get_version
 .text          0x33d15ad8      0x3b8 common/libcommon.a(flash.o)
                0x33d15db0                flash_perror
                0x33d15be0                addr2info
                0x33d15ad8                flash_protect
                0x33d15c28                flash_write
 .text          0x33d15e90      0x3c8 common/libcommon.a(lists.o)
                0x33d15fe8                ListSetAllocationPolicy
                0x33d16000                ListInsertItems
                0x33d15ef0                DisposeHandle
                0x33d15f18                SetHandleSize
                0x33d16234                ListGetDataPtr
                0x33d161bc                ListGetItems
                0x33d16240                ListGetItemSize
                0x33d15f88                ListCreate
                0x33d16204                ListGetPtrToItem
                0x33d15ffc                ListDispose
                0x33d1624c                ListNumItems
                0x33d161b4                ListInsertItem
                0x33d15f10                GetHandleSize
                0x33d15e90                NewHandle
 .text          0x33d16258      0x2f8 common/libcommon.a(s_record.o)
                0x33d162cc                srec_decode
 .text          0x33d16550      0xa98 common/libcommon.a(xyzModem.o)
                0x33d16f4c                xyzModem_error
                0x33d165b8                parse_num
                0x33d16b74                xyzModem_stream_read
                0x33d16a00                xyzModem_stream_open
                0x33d16550                CYGACC_COMM_IF_GETC_TIMEOUT
                0x33d165ac                CYGACC_COMM_IF_PUTC
                0x33d16e74                xyzModem_stream_terminate
                0x33d16e1c                xyzModem_stream_close
 .text          0x33d16fe8       0x4c common/libcommon.a(crc16.o)
                0x33d16fe8                cyg_crc16
 .text          0x33d17034      0xa48 drivers/lcd/liblcd.a(embedsky_lcd.o)
                0x33d17034                embedsky_lcd_ClearScr
                0x33d172d4                embedsky_lcd_PowerEnable
                0x33d17634                embedsky_user_logo
                0x33d175bc                embedsky_tq_logo
                0x33d17080                embedsky_lcd_ClearScr_Rectangle
                0x33d17178                putPixel
                0x33d1719c                drawProcessBar
                0x33d17720                nand_read_ll_lcd
                0x33d170ec                embedsky_paint_Bmp
                0x33d178a0                nand_read_ll_lp_lcd
                0x33d17324                embedsky_lcd_EnvidOnOff
                0x33d17348                embedsky_lcd_Init
 .text          0x33d17a7c      0x11c modules/usb.module(usbmain.o)
                0x33d17b64                _WrDbgStrFifo
                0x33d17a7c                UsbdMain
                0x33d17a90                DbgPrintf
                0x33d17a9c                IsrUsbd
 .text          0x33d17b98      0x3c4 modules/usb.module(usbout.o)
                0x33d17d98                IsrDma2
                0x33d17f34                ClearEp3OutPktReady
                0x33d17be8                Ep3Handler
 .text          0x33d17f5c      0xc58 modules/usb.module(usbsetup.o)
                0x33d17fa0                Ep0Handler
                0x33d17f5c                PrintEp0Pkt
                0x33d18a68                InitDescriptorTable
 .text          0x33d18bb4      0x5f8 modules/usb.module(usbinit.o)
                0x33d18c9c                Clk1_Disable
                0x33d19130                HaltDabort
                0x33d19178                Clk1_Enable
                0x33d18c80                Clk0_Disable
                0x33d18bb4                awaitkey
                0x33d190f4                HaltUndef
                0x33d1911c                HaltPabort
                0x33d18c24                Port_Init
                0x33d18cb8                usb_init
                0x33d19108                HaltSwi
                0x33d19144                Clk0_Enable
                0x33d18e2c                usb_receive
 .text          0x33d191ac       0xd8 modules/usb.module(usbin.o)
                0x33d19218                Ep1Handler
                0x33d191ac                PrepareEp1Fifo
 .text          0x33d19284      0x3f4 modules/usb.module(usblib.o)
                0x33d19284                ReconfigUsbd
                0x33d19618                ConfigEp3IntMode
                0x33d19490                WrPktEp2
                0x33d19400                RdPktEp0
                0x33d194f0                RdPktEp4
                0x33d193dc                ConfigUsbd
                0x33d19460                WrPktEp1
                0x33d19520                ConfigEp3DmaMode
                0x33d19430                WrPktEp0
                0x33d194c0                RdPktEp3
 .text          0x33d19678      0x1f0 lib_generic/libgeneric.a(crc32.o)
                0x33d19774                crc32_no_comp
                0x33d19678                crc32
 .text          0x33d19868       0xb4 lib_generic/libgeneric.a(display_options.o)
                0x33d19888                print_size
                0x33d19868                display_options
 .text          0x33d1991c      0x5a0 lib_generic/libgeneric.a(string.o)
                0x33d19d44                memcpy
                0x33d19d18                bcopy
                0x33d19b3c                strspn
                0x33d1995c                strcat
                0x33d19a94                strrchr
                0x33d199f8                strncmp
                0x33d19a70                strlen
                0x33d19d6c                memmove
                0x33d19c60                strsep
                0x33d19988                strncat
                0x33d19bdc                strtok
                0x33d19938                strncpy
                0x33d19cf4                memset
                0x33d19dcc                memcmp
                0x33d19acc                strnlen
                0x33d19e8c                memchr
                0x33d19e24                strstr
                0x33d199c8                strcmp
                0x33d19c98                strswab
                0x33d19b9c                strpbrk
                0x33d19a40                strchr
                0x33d19e00                memscan
                0x33d19b04                strdup
                0x33d1991c                strcpy
 .text          0x33d19ebc      0x7a4 lib_generic/libgeneric.a(vsprintf.o)
                0x33d19f70                simple_strtol
                0x33d1a210                vsprintf
                0x33d1a5f8                sprintf
                0x33d19ebc                simple_strtoul
                0x33d1a618                panic
 .text          0x33d1a660     0x2be8 lib_generic/libgeneric.a(zlib.o)
                0x33d1a830                inflateReset
                0x33d1a790                inflateEnd
                0x33d1ab04                inflateInit
                0x33d1b42c                inflate
                0x33d1ab5c                inflateIncomp
                0x33d1a898                inflateSync
                0x33d1a9a4                inflateInit2
                0x33d1d0d4                adler32
 .text          0x33d1d248      0x100 board/smdk2410/libsmdk2410.a(smdk2410.o)
                0x33d1d328                dram_init
                0x33d1d248                board_init
 .text          0x33d1d348      0x71c board/smdk2410/libsmdk2410.a(flash.o)
                0x33d1d348                flash_init
                0x33d1d8d8                write_buff
                0x33d1d5b4                flash_erase
                0x33d1d4a0                flash_print_info
 .text          0x33d1da64      0x148 cpu/arm920t/libarm920t.a(cpu.o)
                0x33d1db4c                icache_status
                0x33d1db14                icache_enable
                0x33d1db30                icache_disable
                0x33d1db60                dcache_enable
                0x33d1dad4                cleanup_before_linux
                0x33d1dafc                do_reset
                0x33d1da9c                cpu_init
                0x33d1db7c                dcache_disable
                0x33d1db98                dcache_status
 .text          0x33d1dbac      0x178 cpu/arm920t/s3c24x0/libs3c24x0.a(serial.o)
                0x33d1dd14                awaitkey2
                0x33d1dc50                serial_tstc
                0x33d1dc60                serial_puts
                0x33d1dc88                do_getc
                0x33d1dc00                serial_init
                0x33d1dc28                serial_putc
                0x33d1dc10                serial_getc
                0x33d1dbac                serial_setbrg
 .text          0x33d1dd24      0x130 cpu/arm920t/s3c24x0/libs3c24x0.a(nand_flash.o)
                0x33d1ddb8                board_nand_init
 .text          0x33d1de54       0x1c lib_arm/libarm.a(_ashldi3.o)
                0x33d1de54                __ashldi3
 .text          0x33d1de70       0x1c lib_arm/libarm.a(_ashrdi3.o)
                0x33d1de70                __ashrdi3
 *fill*         0x33d1de8c       0x14 00
 .text          0x33d1dea0      0x140 lib_arm/libarm.a(_divsi3.o)
                0x33d1dea0                __divsi3
 .text          0x33d1dfe0      0x100 lib_arm/libarm.a(_modsi3.o)
                0x33d1dfe0                __modsi3
 .text          0x33d1e0e0       0xb4 lib_arm/libarm.a(_umodsi3.o)
                0x33d1e0e0                __umodsi3
 .text          0x33d1e194      0x3b8 lib_arm/libarm.a(armlinux.o)
                0x33d1e194                do_bootm_linux
 .text          0x33d1e54c        0x4 lib_arm/libarm.a(cache.o)
                0x33d1e54c                flush_cache
 .text          0x33d1e550      0x7d8 fs/cramfs/libcramfs.a(cramfs.o)
                0x33d1ea8c                cramfs_ls
                0x33d1ecbc                cramfs_check
                0x33d1e858                cramfs_load
                0x33d1ebf4                cramfs_info
 .text          0x33d1ed28       0xdc fs/cramfs/libcramfs.a(uncompress.o)
                0x33d1edec                cramfs_uncompress_exit
                0x33d1ed40                cramfs_uncompress_block
                0x33d1ed8c                cramfs_uncompress_init
 .text          0x33d1ee04     0x1f64 fs/jffs2/libjffs2.a(jffs2_1pass.o)
                0x33d1f908                jffs2_1pass_rescan_needed
                0x33d207d0                jffs2_1pass_load
                0x33d1f6a0                mkmodestr
                0x33d1f14c                jffs2_free_cache
                0x33d1ff2c                jffs2_1pass_ls
                0x33d20bc0                jffs2_1pass_info
 .text          0x33d20d68       0xd0 fs/jffs2/libjffs2.a(compr_rtime.o)
                0x33d20d68                rtime_decompress
 .text          0x33d20e38      0x128 fs/jffs2/libjffs2.a(compr_rubin.o)
                0x33d20e38                rubin_do_decompress
                0x33d20f18                dynrubin_decompress
 .text          0x33d20f60       0x18 fs/jffs2/libjffs2.a(compr_zlib.o)
                0x33d20f60                zlib_decompress
 .text          0x33d20f78      0xdd0 fs/jffs2/libjffs2.a(mini_inflate.o)
                0x33d21458                decompress_block
                0x33d20f78                cramfs_memset
                0x33d20ff4                pull_bit
                0x33d20f8c                pull_bits
 .text          0x33d21d48      0x2b8 rtc/librtc.a(date.o)
                0x33d21d48                GregorianDay
                0x33d21f60                mktime
                0x33d21e38                to_tm
 .text          0x33d22000      0x214 rtc/librtc.a(s3c24x0_rtc.o)
                0x33d22138                rtc_set
                0x33d2204c                rtc_get
                0x33d221f0                rtc_reset
 .text          0x33d22214      0xed0 drivers/nand/libnand.a(nand_util.o)
                0x33d22ad8                nand_read_opts
                0x33d22fb4                nand_unlock
                0x33d22f28                nand_get_lock_status
                0x33d2221c                nand_erase_opts
                0x33d225ac                nand_write_opts
                0x33d22eb4                nand_lock
 .text          0x33d230e4      0x388 /opt/EmbedSky/crosstools_3.4.5_softfloat/gcc-3.4.5-glibc-2.3.6/arm-linux/lib/gcc/arm-linux/3.4.5/libgcc.a(_addsubdf3.oS)
                0x33d233f4                __floatsidf
                0x33d233cc                __floatunsidf
                0x33d230e4                __subdf3
                0x33d230e8                __adddf3
                0x33d23420                __extendsfdf2
 .text          0x33d2346c      0x580 /opt/EmbedSky/crosstools_3.4.5_softfloat/gcc-3.4.5-glibc-2.3.6/arm-linux/lib/gcc/arm-linux/3.4.5/libgcc.a(_muldivdf3.oS)
                0x33d2346c                __muldf3
                0x33d23780                __divdf3
 .text          0x33d239ec       0x80 /opt/EmbedSky/crosstools_3.4.5_softfloat/gcc-3.4.5-glibc-2.3.6/arm-linux/lib/gcc/arm-linux/3.4.5/libgcc.a(_fixdfsi.oS)
                0x33d239ec                __fixdfsi
 .text          0x33d23a6c      0x544 /opt/EmbedSky/crosstools_3.4.5_softfloat/gcc-3.4.5-glibc-2.3.6/arm-linux/lib/gcc/arm-linux/3.4.5/libgcc.a(_udivdi3.oS)
                0x33d23a6c                __udivdi3

.glue_7         0x33d23fb0        0x0

.glue_7t        0x33d23fb0        0x0
                0x33d23fb0                . = ALIGN (0x4)

.rodata         0x33d23fb0      0xa24
 *(.rodata)
 .rodata        0x33d23fb0       0x80 cpu/arm920t/libarm920t.a(interrupts.o)
 .rodata        0x33d24030       0x38 lib_arm/libarm.a(board.o)
                0x33d24030                version_string
 .rodata        0x33d24068        0x8 net/libnet.a(net.o)
 .rodata        0x33d24070        0x8 drivers/nand/libnand.a(nand.o)
 .rodata        0x33d24078       0x14 drivers/nand/libnand.a(nand_base.o)
 .rodata        0x33d2408c      0x100 drivers/nand/libnand.a(nand_ecc.o)
 .rodata        0x33d2418c       0x14 common/libcommon.a(cmd_nvedit.o)
 .rodata        0x33d241a0      0x200 common/libcommon.a(crc16.o)
 .rodata        0x33d243a0       0x46 modules/usb.module(usbsetup.o)
 *fill*         0x33d243e6        0x2 00
 .rodata        0x33d243e8      0x400 lib_generic/libgeneric.a(crc32.o)
 .rodata        0x33d247e8       0x18 cpu/arm920t/s3c24x0/libs3c24x0.a(nand_flash.o)
 .rodata        0x33d24800       0xa4 fs/jffs2/libjffs2.a(jffs2_1pass.o)
 .rodata        0x33d248a4       0x30 rtc/librtc.a(date.o)
 .rodata        0x33d248d4      0x100 /opt/EmbedSky/crosstools_3.4.5_softfloat/gcc-3.4.5-glibc-2.3.6/arm-linux/lib/gcc/arm-linux/3.4.5/libgcc.a(_clz.oS)
                0x33d248d4                __clz_tab

.rodata.str1.4  0x33d249d4     0x88bb
 .rodata.str1.4
                0x33d249d4      0x293 cpu/arm920t/libarm920t.a(interrupts.o)
                                0x29c (size before relaxing)
 *fill*         0x33d24c67        0x1 00
 .rodata.str1.4
                0x33d24c68       0x46 cpu/arm920t/s3c24x0/libs3c24x0.a(interrupts.o)
                                 0x48 (size before relaxing)
 *fill*         0x33d24cae        0x2 00
 .rodata.str1.4
                0x33d24cb0       0x9d lib_arm/libarm.a(board.o)
                                 0xa4 (size before relaxing)
 *fill*         0x33d24d4d        0x3 00
 .rodata.str1.4
                0x33d24d50      0x252 lib_arm/libarm.a(boot_zImage.o)
                                0x268 (size before relaxing)
 *fill*         0x33d24fa2        0x2 00
 .rodata.str1.4
                0x33d24fa4      0x1ed net/libnet.a(net.o)
                                0x1f0 (size before relaxing)
 *fill*         0x33d25191        0x3 00
 .rodata.str1.4
                0x33d25194      0x1c7 net/libnet.a(tftp.o)
                                0x1d4 (size before relaxing)
 *fill*         0x33d2535b        0x1 00
 .rodata.str1.4
                0x33d2535c       0x84 net/libnet.a(bootp.o)
                                 0xb8 (size before relaxing)
 .rodata.str1.4
                0x33d253e0       0x13 net/libnet.a(rarp.o)
                                 0x4c (size before relaxing)
 *fill*         0x33d253f3        0x1 00
 .rodata.str1.4
                0x33d253f4      0x101 net/libnet.a(nfs.o)
                                0x18c (size before relaxing)
 *fill*         0x33d254f5        0x3 00
 .rodata.str1.4
                0x33d254f8      0x15f drivers/libdrivers.a(dm9000x.o)
                                0x160 (size before relaxing)
 *fill*         0x33d25657        0x1 00
 .rodata.str1.4
                0x33d25658        0x9 drivers/nand/libnand.a(nand.o)
                                  0xc (size before relaxing)
 *fill*         0x33d25661        0x3 00
 .rodata.str1.4
                0x33d25664      0x316 drivers/nand/libnand.a(nand_base.o)
                                0x31c (size before relaxing)
 *fill*         0x33d2597a        0x2 00
 .rodata.str1.4
                0x33d2597c      0x43a drivers/nand/libnand.a(nand_ids.o)
                                0x43c (size before relaxing)
 *fill*         0x33d25db6        0x2 00
 .rodata.str1.4
                0x33d25db8      0x308 drivers/nand/libnand.a(nand_bbt.o)
 .rodata.str1.4
                0x33d260c0      0x130 common/libcommon.a(main.o)
                                0x140 (size before relaxing)
 .rodata.str1.4
                0x33d261f0       0xf6 common/libcommon.a(cmd_autoscript.o)
                                 0xf8 (size before relaxing)
 *fill*         0x33d262e6        0x2 00
 .rodata.str1.4
                0x33d262e8       0xbf common/libcommon.a(cmd_bdinfo.o)
                                 0xc0 (size before relaxing)
 *fill*         0x33d263a7        0x1 00
 .rodata.str1.4
                0x33d263a8      0x10b common/libcommon.a(cmd_boot.o)
                                0x118 (size before relaxing)
 *fill*         0x33d264b3        0x1 00
 .rodata.str1.4
                0x33d264b4      0x8ba common/libcommon.a(cmd_bootm.o)
                                0x908 (size before relaxing)
 *fill*         0x33d26d6e        0x2 00
 .rodata.str1.4
                0x33d26d70      0x125 common/libcommon.a(cmd_cache.o)
                                0x13c (size before relaxing)
 *fill*         0x33d26e95        0x3 00
 .rodata.str1.4
                0x33d26e98       0x70 common/libcommon.a(cmd_console.o)
                                 0x74 (size before relaxing)
 .rodata.str1.4
                0x33d26f08      0x16c common/libcommon.a(cmd_date.o)
                                0x180 (size before relaxing)
 .rodata.str1.4
                0x33d27074      0x2d7 common/libcommon.a(cmd_elf.o)
                                0x2f0 (size before relaxing)
 *fill*         0x33d2734b        0x1 00
 .rodata.str1.4
                0x33d2734c      0x8ab common/libcommon.a(cmd_flash.o)
                                0x8c4 (size before relaxing)
 *fill*         0x33d27bf7        0x1 00
 .rodata.str1.4
                0x33d27bf8       0xce common/libcommon.a(cmd_itest.o)
                                 0xdc (size before relaxing)
 *fill*         0x33d27cc6        0x2 00
 .rodata.str1.4
                0x33d27cc8      0xfc0 common/libcommon.a(cmd_jffs2.o)
                               0x1018 (size before relaxing)
 .rodata.str1.4
                0x33d28c88      0x378 common/libcommon.a(cmd_load.o)
                                0x398 (size before relaxing)
 .rodata.str1.4
                0x33d29000      0x629 common/libcommon.a(cmd_mem.o)
                                0x648 (size before relaxing)
 *fill*         0x33d29629        0x3 00
 .rodata.str1.4
                0x33d2962c       0x70 common/libcommon.a(cmd_misc.o)
                                 0x7c (size before relaxing)
 .rodata.str1.4
                0x33d2969c      0xbb9 common/libcommon.a(cmd_nand.o)
                                0xc00 (size before relaxing)
 *fill*         0x33d2a255        0x3 00
 .rodata.str1.4
                0x33d2a258      0x22a common/libcommon.a(cmd_net.o)
                                0x27c (size before relaxing)
 *fill*         0x33d2a482        0x2 00
 .rodata.str1.4
                0x33d2a484      0x31d common/libcommon.a(cmd_nvedit.o)
                                0x3b0 (size before relaxing)
 *fill*         0x33d2a7a1        0x3 00
 .rodata.str1.4
                0x33d2a7a4       0xaf common/libcommon.a(cmd_usbslave.o)
                                 0xdc (size before relaxing)
 *fill*         0x33d2a853        0x1 00
 .rodata.str1.4
                0x33d2a854     0x11e3 common/libcommon.a(cmd_menu.o)
                               0x122c (size before relaxing)
 *fill*         0x33d2ba37        0x1 00
 .rodata.str1.4
                0x33d2ba38      0x27e common/libcommon.a(command.o)
                                0x280 (size before relaxing)
 *fill*         0x33d2bcb6        0x2 00
 .rodata.str1.4
                0x33d2bcb8       0x75 common/libcommon.a(console.o)
                                 0x7c (size before relaxing)
 *fill*         0x33d2bd2d        0x3 00
 .rodata.str1.4
                0x33d2bd30       0x2f common/libcommon.a(devices.o)
                                 0x48 (size before relaxing)
 *fill*         0x33d2bd5f        0x1 00
 .rodata.str1.4
                0x33d2bd60       0x33 common/libcommon.a(env_common.o)
                                 0x34 (size before relaxing)
 *fill*         0x33d2bd93        0x1 00
 .rodata.str1.4
                0x33d2bd94       0x97 common/libcommon.a(env_nand.o)
                                 0xa0 (size before relaxing)
 *fill*         0x33d2be2b        0x1 00
 .rodata.str1.4
                0x33d2be2c      0x11d common/libcommon.a(flash.o)
                                0x120 (size before relaxing)
 *fill*         0x33d2bf49        0x3 00
 .rodata.str1.4
                0x33d2bf4c       0xf2 common/libcommon.a(xyzModem.o)
                                 0xf8 (size before relaxing)
 *fill*         0x33d2c03e        0x2 00
 .rodata.str1.4
                0x33d2c040       0x62 drivers/lcd/liblcd.a(embedsky_lcd.o)
                                 0x64 (size before relaxing)
 *fill*         0x33d2c0a2        0x2 00
 .rodata.str1.4
                0x33d2c0a4       0x18 modules/usb.module(usbout.o)
 .rodata.str1.4
                0x33d2c0bc      0x12b modules/usb.module(usbsetup.o)
                                0x138 (size before relaxing)
 *fill*         0x33d2c1e7        0x1 00
 .rodata.str1.4
                0x33d2c1e8      0x15d modules/usb.module(usbinit.o)
                                0x160 (size before relaxing)
 *fill*         0x33d2c345        0x3 00
 .rodata.str1.4
                0x33d2c348       0x17 lib_generic/libgeneric.a(display_options.o)
                                 0x20 (size before relaxing)
 *fill*         0x33d2c35f        0x1 00
 .rodata.str1.4
                0x33d2c360       0x57 lib_generic/libgeneric.a(vsprintf.o)
                                 0x58 (size before relaxing)
 *fill*         0x33d2c3b7        0x1 00
 .rodata.str1.4
                0x33d2c3b8      0x20d lib_generic/libgeneric.a(zlib.o)
                                0x214 (size before relaxing)
 *fill*         0x33d2c5c5        0x3 00
 .rodata.str1.4
                0x33d2c5c8      0x125 board/smdk2410/libsmdk2410.a(flash.o)
                                0x12c (size before relaxing)
 *fill*         0x33d2c6ed        0x3 00
 .rodata.str1.4
                0x33d2c6f0       0x14 cpu/arm920t/s3c24x0/libs3c24x0.a(nand_flash.o)
 .rodata.str1.4
                0x33d2c704       0x5b lib_arm/libarm.a(armlinux.o)
                                 0xc4 (size before relaxing)
 *fill*         0x33d2c75f        0x1 00
 .rodata.str1.4
                0x33d2c760      0x1ac fs/cramfs/libcramfs.a(cramfs.o)
                                0x1b4 (size before relaxing)
 .rodata.str1.4
                0x33d2c90c      0x42b fs/jffs2/libjffs2.a(jffs2_1pass.o)
                                0x450 (size before relaxing)
 *fill*         0x33d2cd37        0x1 00
 .rodata.str1.4
                0x33d2cd38      0x557 drivers/nand/libnand.a(nand_util.o)
                                0x55c (size before relaxing)
                0x33d2d290                . = ALIGN (0x4)

.data           0x33d2d290     0x8e5c
 *(.data)
 .data          0x33d2d290       0x2c lib_arm/libarm.a(board.o)
                0x33d2d290                init_sequence
 .data          0x33d2d2bc        0xa net/libnet.a(net.o)
                0x33d2d2be                NetOurVLAN
                0x33d2d2bc                NetOurNativeVLAN
                0x33d2d2c0                NetBcastAddr
 *fill*         0x33d2d2c6        0x2 00
 .data          0x33d2d2c8        0x4 net/libnet.a(nfs.o)
 .data          0x33d2d2cc        0x4 drivers/libdrivers.a(dm9000x.o)
 .data          0x33d2d2d0        0x4 drivers/nand/libnand.a(nand.o)
                0x33d2d2d0                nand_curr_device
 .data          0x33d2d2d4      0x298 drivers/nand/libnand.a(nand_base.o)
 .data          0x33d2d56c      0x548 drivers/nand/libnand.a(nand_ids.o)
                0x33d2d56c                nand_manuf_ids
                0x33d2d5a4                nand_flash_ids
 .data          0x33d2dab4      0x110 drivers/nand/libnand.a(nand_bbt.o)
 .data          0x33d2dbc4       0x10 common/libcommon.a(main.o)
 .data          0x33d2dbd4        0x4 common/libcommon.a(cmd_bootm.o)
                0x33d2dbd4                load_addr
 .data          0x33d2dbd8       0x1c common/libcommon.a(cmd_date.o)
                0x33d2dbd8                weekdays
 .data          0x33d2dbf4       0x68 common/libcommon.a(cmd_itest.o)
                0x33d2dbf4                op_table
 .data          0x33d2dc5c        0x4 common/libcommon.a(cmd_load.o)
 .data          0x33d2dc60        0x4 common/libcommon.a(cmd_mem.o)
                0x33d2dc60                dp_last_length
 .data          0x33d2dc64        0x4 common/libcommon.a(cmd_usbslave.o)
                0x33d2dc64                g_bUSBWait
 .data          0x33d2dc68        0xc common/libcommon.a(devices.o)
                0x33d2dc68                stdio_names
 .data          0x33d2dc74      0x414 common/libcommon.a(dlmalloc.o)
 .data          0x33d2e088       0xd8 common/libcommon.a(env_common.o)
                0x33d2e08c                default_environment
                0x33d2e15c                env_get_char
                0x33d2e088                default_environment_size
 .data          0x33d2e160        0x4 common/libcommon.a(env_nand.o)
                0x33d2e160                env_name_spec
 .data          0x33d2e164     0x791f drivers/lcd/liblcd.a(embedsky_lcd.o)
                0x33d2e16b                down_mode
                0x33d2e168                vspw
                0x33d2e167                hbpd
                0x33d2e166                hfpd
                0x33d33d4b                logo_net
                0x33d2fd8b                logo_tqkj
                0x33d2e16a                vbpd
                0x33d2e165                hspw
                0x33d2e164                clkval_tft
                0x33d2e169                vfpd
 .data          0x33d35a83        0x2 modules/usb.module(usbsetup.o)
                0x33d35a83                Selfpwr
                0x33d35a84                Configuration
 .data          0x33d35a85      0x100 lib_generic/libgeneric.a(ctype.o)
                0x33d35a85                _ctype
 *fill*         0x33d35b85        0x3 00
 .data          0x33d35b88      0x2a0 lib_generic/libgeneric.a(zlib.o)
                0x33d35b88                z_errmsg
                0x33d35ba8                zlib_version
 .data          0x33d35e28       0x28 fs/jffs2/libjffs2.a(jffs2_1pass.o)
 .data          0x33d35e50       0x13 fs/jffs2/libjffs2.a(mini_inflate.o)
 *fill*         0x33d35e63        0x1 00
 .data          0x33d35e64       0x30 rtc/librtc.a(date.o)
 .data          0x33d35e94      0x258 drivers/nand/libnand.a(nand_util.o)

.got.plt        0x33d360ec        0xc
 .got.plt       0x33d360ec        0xc /opt/EmbedSky/crosstools_3.4.5_softfloat/gcc-3.4.5-glibc-2.3.6/arm-linux/lib/gcc/arm-linux/3.4.5/libgcc.a(_udivdi3.oS)
                0x33d360ec                _GLOBAL_OFFSET_TABLE_
                0x33d360f8                . = ALIGN (0x4)

.got            0x33d360f8        0x4
 *(.got)
 .got           0x33d360f8        0x4 /opt/EmbedSky/crosstools_3.4.5_softfloat/gcc-3.4.5-glibc-2.3.6/arm-linux/lib/gcc/arm-linux/3.4.5/libgcc.a(_udivdi3.oS)
                0x33d360fc                . = .
                0x33d360fc                __u_boot_cmd_start = .

.u_boot_cmd     0x33d360fc      0x570
 *(.u_boot_cmd)
 .u_boot_cmd    0x33d360fc       0x48 lib_arm/libarm.a(boot_zImage.o)
                0x33d360fc                __u_boot_cmd_boot_noos
                0x33d36114                __u_boot_cmd_test_zImage
                0x33d3612c                __u_boot_cmd_boot_zImage
 .u_boot_cmd    0x33d36144       0x18 common/libcommon.a(cmd_autoscript.o)
                0x33d36144                __u_boot_cmd_autoscr
 .u_boot_cmd    0x33d3615c       0x18 common/libcommon.a(cmd_bdinfo.o)
                0x33d3615c                __u_boot_cmd_bdinfo
 .u_boot_cmd    0x33d36174       0x30 common/libcommon.a(cmd_boot.o)
                0x33d36174                __u_boot_cmd_reset
                0x33d3618c                __u_boot_cmd_go
 .u_boot_cmd    0x33d361a4       0x78 common/libcommon.a(cmd_bootm.o)
                0x33d36204                __u_boot_cmd_bootm
                0x33d361bc                __u_boot_cmd_iminfo
                0x33d361a4                __u_boot_cmd_imls
                0x33d361d4                __u_boot_cmd_bootd
                0x33d361ec                __u_boot_cmd_boot
 .u_boot_cmd    0x33d3621c       0x30 common/libcommon.a(cmd_cache.o)
                0x33d3621c                __u_boot_cmd_dcache
                0x33d36234                __u_boot_cmd_icache
 .u_boot_cmd    0x33d3624c       0x18 common/libcommon.a(cmd_console.o)
                0x33d3624c                __u_boot_cmd_coninfo
 .u_boot_cmd    0x33d36264       0x18 common/libcommon.a(cmd_date.o)
                0x33d36264                __u_boot_cmd_date
 .u_boot_cmd    0x33d3627c       0x30 common/libcommon.a(cmd_elf.o)
                0x33d36294                __u_boot_cmd_bootelf
                0x33d3627c                __u_boot_cmd_bootvx
 .u_boot_cmd    0x33d362ac       0x48 common/libcommon.a(cmd_flash.o)
                0x33d362dc                __u_boot_cmd_flinfo
                0x33d362ac                __u_boot_cmd_protect
                0x33d362c4                __u_boot_cmd_erase
 .u_boot_cmd    0x33d362f4       0x18 common/libcommon.a(cmd_itest.o)
                0x33d362f4                __u_boot_cmd_itest
 .u_boot_cmd    0x33d3630c       0x78 common/libcommon.a(cmd_jffs2.o)
                0x33d3633c                __u_boot_cmd_fsinfo
                0x33d36324                __u_boot_cmd_chpart
                0x33d3630c                __u_boot_cmd_mtdparts
                0x33d36354                __u_boot_cmd_ls
                0x33d3636c                __u_boot_cmd_fsload
 .u_boot_cmd    0x33d36384       0x48 common/libcommon.a(cmd_load.o)
                0x33d36384                __u_boot_cmd_loady
                0x33d363b4                __u_boot_cmd_loads
                0x33d3639c                __u_boot_cmd_loadb
 .u_boot_cmd    0x33d363cc       0xf0 common/libcommon.a(cmd_mem.o)
                0x33d3648c                __u_boot_cmd_mm
                0x33d36444                __u_boot_cmd_cp
                0x33d363e4                __u_boot_cmd_loop
                0x33d363fc                __u_boot_cmd_base
                0x33d3645c                __u_boot_cmd_mw
                0x33d3642c                __u_boot_cmd_cmp
                0x33d36474                __u_boot_cmd_nm
                0x33d363cc                __u_boot_cmd_mtest
                0x33d36414                __u_boot_cmd_crc32
                0x33d364a4                __u_boot_cmd_md
 .u_boot_cmd    0x33d364bc       0x18 common/libcommon.a(cmd_misc.o)
                0x33d364bc                __u_boot_cmd_sleep
 .u_boot_cmd    0x33d364d4       0x30 common/libcommon.a(cmd_nand.o)
                0x33d364ec                __u_boot_cmd_nand
                0x33d364d4                __u_boot_cmd_nboot
 .u_boot_cmd    0x33d36504       0x78 common/libcommon.a(cmd_net.o)
                0x33d36504                __u_boot_cmd_ping
                0x33d3651c                __u_boot_cmd_nfs
                0x33d36534                __u_boot_cmd_rarpboot
                0x33d36564                __u_boot_cmd_bootp
                0x33d3654c                __u_boot_cmd_tftpboot
 .u_boot_cmd    0x33d3657c       0x60 common/libcommon.a(cmd_nvedit.o)
                0x33d365ac                __u_boot_cmd_setenv
                0x33d365c4                __u_boot_cmd_printenv
                0x33d36594                __u_boot_cmd_saveenv
                0x33d3657c                __u_boot_cmd_run
 .u_boot_cmd    0x33d365dc       0x18 common/libcommon.a(cmd_usbslave.o)
                0x33d365dc                __u_boot_cmd_usbslave
 .u_boot_cmd    0x33d365f4       0x18 common/libcommon.a(cmd_menu.o)
                0x33d365f4                __u_boot_cmd_menu
 .u_boot_cmd    0x33d3660c       0x60 common/libcommon.a(command.o)
                0x33d36654                __u_boot_cmd_version
                0x33d3663c                __u_boot_cmd_echo
                0x33d36624                __u_boot_cmd_help
                0x33d3660c                __u_boot_cmd_question_mark
                0x33d3666c                __u_boot_cmd_end = .
                0x33d3666c                . = ALIGN (0x4)
                0x33d3666c                __bss_start = .

.bss            0x33d3666c    0x46488
 *(.bss)
 .bss           0x33d3666c        0x2 board/smdk2410/boot_init.o
                0x33d3666c                bLARGEBLOCK
                0x33d3666d                b128MB
 *fill*         0x33d3666e        0x2 00
 .bss           0x33d36670       0xe0 cpu/arm920t/s3c24x0/libs3c24x0.a(interrupts.o)
                0x33d36674                isr_handle_array
                0x33d3673c                intregs
                0x33d36740                g_TimerIntHappen
                0x33d36670                timer_load_val
 .bss           0x33d36750       0x10 lib_arm/libarm.a(board.o)
                0x33d36750                monitor_flash_len
 .bss           0x33d36760     0x25d0 net/libnet.a(net.o)
                0x33d368b8                PktBuf
                0x33d367f4                NetOurDNSIP
                0x33d36814                NetRxPackets
                0x33d367b2                NetOurHostName
                0x33d3680c                NetOurIP
                0x33d367f8                NetOurGatewayIP
                0x33d36834                BootFile
                0x33d36760                NetTxPacket
                0x33d386ec                NetArpWaitPacketBuf
                0x33d367d2                NetOurNISDomain
                0x33d36772                NetOurRootPath
                0x33d3676a                NetServerEther
                0x33d36830                NetState
                0x33d367fc                NetOurSubnetMask
                0x33d386d8                NetArpWaitPacketIP
                0x33d38d0c                NetArpWaitTimerStart
                0x33d36810                NetServerIP
                0x33d36764                NetEtherNullAddr
                0x33d386dc                NetArpWaitReplyIP
                0x33d386e0                NetArpWaitPacketMAC
                0x33d36804                NetOurEther
                0x33d3682c                NetIPID
                0x33d386e8                NetArpWaitTxPacketSize
                0x33d386e4                NetArpWaitTxPacket
                0x33d36770                NetBootFileSize
                0x33d38d10                NetArpWaitTry
                0x33d368b4                NetPingIP
                0x33d36828                NetRxPktLen
                0x33d36800                NetBootFileXferSize
                0x33d36824                NetRxPkt
 .bss           0x33d38d30       0x34 net/libnet.a(tftp.o)
 .bss           0x33d38d64        0x8 net/libnet.a(bootp.o)
                0x33d38d68                BootpTry
                0x33d38d64                BootpID
 .bss           0x33d38d6c        0x4 net/libnet.a(rarp.o)
                0x33d38d6c                RarpTry
 .bss           0x33d38d70      0x8b0 net/libnet.a(nfs.o)
 .bss           0x33d39620       0xa4 drivers/libdrivers.a(dm9000x.o)
                0x33d39620                dmfe_info
 .bss           0x33d396c4      0x208 drivers/nand/libnand.a(nand.o)
                0x33d396c4                nand_info
 .bss           0x33d398cc      0x200 common/libcommon.a(main.o)
                0x33d398cc                console_buffer
 .bss           0x33d39acc       0x40 common/libcommon.a(cmd_bootm.o)
                0x33d39acc                header
 .bss           0x33d39b0c      0x2ac common/libcommon.a(cmd_jffs2.o)
                0x33d39b0c                mtdids
                0x33d39b14                devices
 .bss           0x33d39db8       0x88 common/libcommon.a(cmd_load.o)
                0x33d39ddc                his_eol
                0x33d39de8                os_data_init
                0x33d39db8                os_data_count
                0x33d39de4                his_pad_char
                0x33d39e04                send_ptr
                0x33d39de5                his_quote
                0x33d39df0                send_parms
                0x33d39dec                os_data_char
                0x33d39de0                his_pad_count
                0x33d39dbc                os_data_header
 .bss           0x33d39e40       0x14 common/libcommon.a(cmd_mem.o)
                0x33d39e44                dp_last_size
                0x33d39e4c                mm_last_size
                0x33d39e48                mm_last_addr
                0x33d39e40                dp_last_addr
 .bss           0x33d39e54        0x4 common/libcommon.a(cmd_usbslave.o)
                0x33d39e54                g_dwDownloadLen
 .bss           0x33d39e58        0x8 common/libcommon.a(console.o)
 .bss           0x33d39e60       0x10 common/libcommon.a(devices.o)
                0x33d39e60                stdio_devices
                0x33d39e6c                devlist
 .bss           0x33d39e70       0x3c common/libcommon.a(dlmalloc.o)
 .bss           0x33d39eac        0x4 common/libcommon.a(env_nand.o)
                0x33d39eac                env_ptr
 .bss           0x33d39eb0      0x43c common/libcommon.a(xyzModem.o)
 .bss           0x33d3a2ec    0x3fc04 drivers/lcd/liblcd.a(embedsky_lcd.o)
                0x33d3a2ec                currWidth
                0x33d3a2f0                embedsky_LCD_BUFFER
 .bss           0x33d79ef0     0x1008 modules/usb.module(usbmain.o)
                0x33d79ef0                dbgStrWrPt
                0x33d79ef4                dbgStrRdPt
                0x33d79ef8                dbgStrFifo
 .bss           0x33d7aef8       0x61 modules/usb.module(usbout.o)
                0x33d7aef8                ep3Buf
 *fill*         0x33d7af59        0x3 00
 .bss           0x33d7af5c       0x68 modules/usb.module(usbsetup.o)
                0x33d7af88                descConf
                0x33d7af6c                descSetup
                0x33d7af60                ep0SubState
                0x33d7af6a                endpoint3_status
                0x33d7afa0                descEndpt0
                0x33d7af65                AlterSetting
                0x33d7afb4                InterfaceGet
                0x33d7af67                interface_status
                0x33d7af94                descIf
                0x33d7af74                descDev
                0x33d7af69                endpoint1_status
                0x33d7af5c                ep0State
                0x33d7af64                Rwuen
                0x33d7afb8                StatusGet
                0x33d7af66                device_status
                0x33d7af68                endpoint0_status
                0x33d7afa8                descEndpt1
                0x33d7afb0                ConfigSet
 .bss           0x33d7afc4       0x5c modules/usb.module(usbinit.o)
                0x33d7afec                downPt
                0x33d7afe4                downloadAddress
                0x33d7afd4                usbdevregs
                0x33d7aff8                totalDmaCount
                0x33d7afc8                download_run
                0x33d7b000                tempDownloadAddress
                0x33d7afd0                restart
                0x33d7afe0                gpioregs
                0x33d7b01c                consoleNum
                0x33d7afd8                dmaregs
                0x33d7affc                isUsbdSetConfiguration
                0x33d7afcc                err
                0x33d7aff4                checkSum
                0x33d7aff0                downloadFileSize
                0x33d7afe8                run
                0x33d7b018                dwUSBBufSize
                0x33d7b008                dwUSBBufWritePtr
                0x33d7afdc                clk_powerregs
                0x33d7b00c                dwWillDMACnt
                0x33d7b004                dwUSBBufReadPtr
                0x33d7b014                dwUSBBufBase
                0x33d7b010                bDMAPending
                0x33d7afc4                menuUsed
 .bss           0x33d7b020       0x24 modules/usb.module(usbin.o)
                0x33d7b020                transferIndex
                0x33d7b024                ep1Buf
 .bss           0x33d7b044        0x4 lib_generic/libgeneric.a(string.o)
                0x33d7b044                ___strtok
 .bss           0x33d7b048     0x10a8 lib_generic/libgeneric.a(zlib.o)
 .bss           0x33d7c0f0       0x6c board/smdk2410/libsmdk2410.a(flash.o)
                0x33d7c0f0                flash_info
 .bss           0x33d7c15c        0x4 cpu/arm920t/s3c24x0/libs3c24x0.a(serial.o)
                0x33d7c15c                getc_errno
 .bss           0x33d7c160        0x4 lib_arm/libarm.a(armlinux.o)
 .bss           0x33d7c164       0x4c fs/cramfs/libcramfs.a(cramfs.o)
                0x33d7c164                super
 .bss           0x33d7c1b0       0x34 fs/cramfs/libcramfs.a(uncompress.o)
 .bss           0x33d7c1e4        0x8 fs/jffs2/libjffs2.a(jffs2_1pass.o)
 .bss           0x33d7c1ec      0x908 drivers/nand/libnand.a(nand_util.o)

.rel.dyn
                0x33d7caf4                _end = .
Address of section .text set to 0x33d00000
LOAD cpu/arm920t/start.o
START GROUP
LOAD lib_generic/libgeneric.a
LOAD board/smdk2410/libsmdk2410.a
LOAD cpu/arm920t/libarm920t.a
LOAD cpu/arm920t/s3c24x0/libs3c24x0.a
LOAD lib_arm/libarm.a
LOAD fs/cramfs/libcramfs.a
LOAD fs/fat/libfat.a
LOAD fs/fdos/libfdos.a
LOAD fs/jffs2/libjffs2.a
LOAD fs/reiserfs/libreiserfs.a
LOAD fs/ext2/libext2fs.a
LOAD net/libnet.a
LOAD disk/libdisk.a
LOAD rtc/librtc.a
LOAD dtt/libdtt.a
LOAD drivers/libdrivers.a
LOAD drivers/nand/libnand.a
LOAD drivers/nand_legacy/libnand_legacy.a
LOAD drivers/sk98lin/libsk98lin.a
LOAD post/libpost.a
LOAD post/cpu/libcpu.a
LOAD common/libcommon.a
LOAD drivers/lcd/liblcd.a
LOAD modules/usb.module
END GROUP
LOAD /opt/EmbedSky/crosstools_3.4.5_softfloat/gcc-3.4.5-glibc-2.3.6/arm-linux/lib/gcc/arm-linux/3.4.5/libgcc.a
OUTPUT(u-boot elf32-littlearm)

.debug_line     0x00000000     0xa465
 .debug_line    0x00000000       0xa1 cpu/arm920t/start.o
 .debug_line    0x000000a1      0x149 board/smdk2410/boot_init.o
 .debug_line    0x000001ea       0x46 board/smdk2410/lowlevel_init.o
 .debug_line    0x00000230       0xb6 cpu/arm920t/libarm920t.a(interrupts.o)
 .debug_line    0x000002e6      0x198 cpu/arm920t/s3c24x0/libs3c24x0.a(interrupts.o)
 .debug_line    0x0000047e       0xfc cpu/arm920t/s3c24x0/libs3c24x0.a(speed.o)
 .debug_line    0x0000057a       0x5c lib_arm/libarm.a(_udivsi3.o)
 .debug_line    0x000005d6      0x1cf lib_arm/libarm.a(board.o)
 .debug_line    0x000007a5       0x33 lib_arm/libarm.a(div0.o)
 .debug_line    0x000007d8      0x16b lib_arm/libarm.a(boot_zImage.o)
 .debug_line    0x00000943      0x6ad net/libnet.a(net.o)
 .debug_line    0x00000ff0      0x25e net/libnet.a(tftp.o)
 .debug_line    0x0000124e      0x2a1 net/libnet.a(bootp.o)
 .debug_line    0x000014ef       0xe0 net/libnet.a(rarp.o)
 .debug_line    0x000015cf       0xa1 net/libnet.a(eth.o)
 .debug_line    0x00001670      0x47a net/libnet.a(nfs.o)
 .debug_line    0x00001aea      0x238 drivers/libdrivers.a(dm9000x.o)
 .debug_line    0x00001d22      0x152 drivers/nand/libnand.a(nand.o)
 .debug_line    0x00001e74      0x821 drivers/nand/libnand.a(nand_base.o)
 .debug_line    0x00002695       0x62 drivers/nand/libnand.a(nand_ids.o)
 .debug_line    0x000026f7      0x19a drivers/nand/libnand.a(nand_ecc.o)
 .debug_line    0x00002891      0x457 drivers/nand/libnand.a(nand_bbt.o)
 .debug_line    0x00002ce8      0x1db common/libcommon.a(main.o)
 .debug_line    0x00002ec3      0x1ce common/libcommon.a(cmd_autoscript.o)
 .debug_line    0x00003091      0x101 common/libcommon.a(cmd_bdinfo.o)
 .debug_line    0x00003192       0xbb common/libcommon.a(cmd_boot.o)
 .debug_line    0x0000324d      0x4cd common/libcommon.a(cmd_bootm.o)
 .debug_line    0x0000371a       0x9f common/libcommon.a(cmd_cache.o)
 .debug_line    0x000037b9       0x9a common/libcommon.a(cmd_console.o)
 .debug_line    0x00003853      0x142 common/libcommon.a(cmd_date.o)
 .debug_line    0x00003995      0x18a common/libcommon.a(cmd_elf.o)
 .debug_line    0x00003b1f      0x2d7 common/libcommon.a(cmd_flash.o)
 .debug_line    0x00003df6      0x100 common/libcommon.a(cmd_itest.o)
 .debug_line    0x00003ef6      0x913 common/libcommon.a(cmd_jffs2.o)
 .debug_line    0x00004809      0x378 common/libcommon.a(cmd_load.o)
 .debug_line    0x00004b81      0x284 common/libcommon.a(cmd_mem.o)
 .debug_line    0x00004e05       0xb4 common/libcommon.a(cmd_misc.o)
 .debug_line    0x00004eb9      0x407 common/libcommon.a(cmd_nand.o)
 .debug_line    0x000052c0      0x123 common/libcommon.a(cmd_net.o)
 .debug_line    0x000053e3      0x27b common/libcommon.a(cmd_nvedit.o)
 .debug_line    0x0000565e      0x139 common/libcommon.a(cmd_usbslave.o)
 .debug_line    0x00005797      0x1bc common/libcommon.a(cmd_menu.o)
 .debug_line    0x00005953      0x104 common/libcommon.a(command.o)
 .debug_line    0x00005a57      0x255 common/libcommon.a(console.o)
 .debug_line    0x00005cac      0x126 common/libcommon.a(devices.o)
 .debug_line    0x00005dd2      0x37c common/libcommon.a(dlmalloc.o)
 .debug_line    0x0000614e      0x125 common/libcommon.a(env_common.o)
 .debug_line    0x00006273      0x1f2 common/libcommon.a(env_nand.o)
 .debug_line    0x00006465       0xc1 common/libcommon.a(exports.o)
 .debug_line    0x00006526      0x12b common/libcommon.a(flash.o)
 .debug_line    0x00006651       0xf8 common/libcommon.a(lists.o)
 .debug_line    0x00006749       0xfa common/libcommon.a(s_record.o)
 .debug_line    0x00006843      0x21b common/libcommon.a(xyzModem.o)
 .debug_line    0x00006a5e       0xa9 common/libcommon.a(crc16.o)
 .debug_line    0x00006b07      0x2c9 drivers/lcd/liblcd.a(embedsky_lcd.o)
 .debug_line    0x00006dd0       0x99 modules/usb.module(usbmain.o)
 .debug_line    0x00006e69       0xf2 modules/usb.module(usbout.o)
 .debug_line    0x00006f5b      0x1f1 modules/usb.module(usbsetup.o)
 .debug_line    0x0000714c      0x224 modules/usb.module(usbinit.o)
 .debug_line    0x00007370       0x7d modules/usb.module(usbin.o)
 .debug_line    0x000073ed       0xea modules/usb.module(usblib.o)
 .debug_line    0x000074d7       0x8b lib_generic/libgeneric.a(crc32.o)
 .debug_line    0x00007562       0x25 lib_generic/libgeneric.a(ctype.o)
 .debug_line    0x00007587       0x92 lib_generic/libgeneric.a(display_options.o)
 .debug_line    0x00007619      0x1a0 lib_generic/libgeneric.a(string.o)
 .debug_line    0x000077b9      0x1ee lib_generic/libgeneric.a(vsprintf.o)
 .debug_line    0x000079a7      0x5c6 lib_generic/libgeneric.a(zlib.o)
 .debug_line    0x00007f6d      0x125 board/smdk2410/libsmdk2410.a(smdk2410.o)
 .debug_line    0x00008092      0x1f4 board/smdk2410/libsmdk2410.a(flash.o)
 .debug_line    0x00008286      0x124 cpu/arm920t/libarm920t.a(cpu.o)
 .debug_line    0x000083aa      0x16c cpu/arm920t/s3c24x0/libs3c24x0.a(serial.o)
 .debug_line    0x00008516      0x1ae cpu/arm920t/s3c24x0/libs3c24x0.a(nand_flash.o)
 .debug_line    0x000086c4       0x3d lib_arm/libarm.a(_ashldi3.o)
 .debug_line    0x00008701       0x3d lib_arm/libarm.a(_ashrdi3.o)
 .debug_line    0x0000873e       0x63 lib_arm/libarm.a(_divsi3.o)
 .debug_line    0x000087a1       0x51 lib_arm/libarm.a(_modsi3.o)
 .debug_line    0x000087f2       0x63 lib_arm/libarm.a(_umodsi3.o)
 .debug_line    0x00008855      0x20a lib_arm/libarm.a(armlinux.o)
 .debug_line    0x00008a5f       0x34 lib_arm/libarm.a(cache.o)
 .debug_line    0x00008a93      0x237 fs/cramfs/libcramfs.a(cramfs.o)
 .debug_line    0x00008cca       0x95 fs/cramfs/libcramfs.a(uncompress.o)
 .debug_line    0x00008d5f      0x6ad fs/jffs2/libjffs2.a(jffs2_1pass.o)
 .debug_line    0x0000940c       0x90 fs/jffs2/libjffs2.a(compr_rtime.o)
 .debug_line    0x0000949c       0xbb fs/jffs2/libjffs2.a(compr_rubin.o)
 .debug_line    0x00009557       0x6f fs/jffs2/libjffs2.a(compr_zlib.o)
 .debug_line    0x000095c6      0x3b4 fs/jffs2/libjffs2.a(mini_inflate.o)
 .debug_line    0x0000997a       0xb7 rtc/librtc.a(date.o)
 .debug_line    0x00009a31      0x128 rtc/librtc.a(s3c24x0_rtc.o)
 .debug_line    0x00009b59      0x392 drivers/nand/libnand.a(nand_util.o)
 .debug_line    0x00009eeb      0x1ef /opt/EmbedSky/crosstools_3.4.5_softfloat/gcc-3.4.5-glibc-2.3.6/arm-linux/lib/gcc/arm-linux/3.4.5/libgcc.a(_addsubdf3.oS)
 .debug_line    0x0000a0da      0x287 /opt/EmbedSky/crosstools_3.4.5_softfloat/gcc-3.4.5-glibc-2.3.6/arm-linux/lib/gcc/arm-linux/3.4.5/libgcc.a(_muldivdf3.oS)
 .debug_line    0x0000a361       0xd0 /opt/EmbedSky/crosstools_3.4.5_softfloat/gcc-3.4.5-glibc-2.3.6/arm-linux/lib/gcc/arm-linux/3.4.5/libgcc.a(_fixdfsi.oS)
 .debug_line    0x0000a431       0x1a /opt/EmbedSky/crosstools_3.4.5_softfloat/gcc-3.4.5-glibc-2.3.6/arm-linux/lib/gcc/arm-linux/3.4.5/libgcc.a(_udivdi3.oS)
 .debug_line    0x0000a44b       0x1a /opt/EmbedSky/crosstools_3.4.5_softfloat/gcc-3.4.5-glibc-2.3.6/arm-linux/lib/gcc/arm-linux/3.4.5/libgcc.a(_clz.oS)

.debug_info     0x00000000    0x28dc4
 .debug_info    0x00000000       0x58 cpu/arm920t/start.o
 .debug_info    0x00000058      0x81e board/smdk2410/boot_init.o
 .debug_info    0x00000876       0x63 board/smdk2410/lowlevel_init.o
 .debug_info    0x000008d9      0x273 cpu/arm920t/libarm920t.a(interrupts.o)
 .debug_info    0x00000b4c      0x9c1 cpu/arm920t/s3c24x0/libs3c24x0.a(interrupts.o)
 .debug_info    0x0000150d      0x268 cpu/arm920t/s3c24x0/libs3c24x0.a(speed.o)
 .debug_info    0x00001775       0x57 lib_arm/libarm.a(_udivsi3.o)
 .debug_info    0x000017cc      0x51c lib_arm/libarm.a(board.o)
 .debug_info    0x00001ce8       0x44 lib_arm/libarm.a(div0.o)
 .debug_info    0x00001d2c      0x741 lib_arm/libarm.a(boot_zImage.o)
 .debug_info    0x0000246d     0x168e net/libnet.a(net.o)
 .debug_info    0x00003afb      0x41a net/libnet.a(tftp.o)
 .debug_info    0x00003f15      0x8c2 net/libnet.a(bootp.o)
 .debug_info    0x000047d7      0x245 net/libnet.a(rarp.o)
 .debug_info    0x00004a1c      0x17d net/libnet.a(eth.o)
 .debug_info    0x00004b99      0xe3a net/libnet.a(nfs.o)
 .debug_info    0x000059d3      0x6d4 drivers/libdrivers.a(dm9000x.o)
 .debug_info    0x000060a7      0xc63 drivers/nand/libnand.a(nand.o)
 .debug_info    0x00006d0a     0x2346 drivers/nand/libnand.a(nand_base.o)
 .debug_info    0x00009050      0x156 drivers/nand/libnand.a(nand_ids.o)
 .debug_info    0x000091a6      0x7e4 drivers/nand/libnand.a(nand_ecc.o)
 .debug_info    0x0000998a     0x1794 drivers/nand/libnand.a(nand_bbt.o)
 .debug_info    0x0000b11e      0x6d2 common/libcommon.a(main.o)
 .debug_info    0x0000b7f0      0x3fc common/libcommon.a(cmd_autoscript.o)
 .debug_info    0x0000bbec      0x368 common/libcommon.a(cmd_bdinfo.o)
 .debug_info    0x0000bf54      0x1c8 common/libcommon.a(cmd_boot.o)
 .debug_info    0x0000c11c     0x1364 common/libcommon.a(cmd_bootm.o)
 .debug_info    0x0000d480      0x218 common/libcommon.a(cmd_cache.o)
 .debug_info    0x0000d698      0x37d common/libcommon.a(cmd_console.o)
 .debug_info    0x0000da15      0x4fb common/libcommon.a(cmd_date.o)
 .debug_info    0x0000df10      0x506 common/libcommon.a(cmd_elf.o)
 .debug_info    0x0000e416      0x9bb common/libcommon.a(cmd_flash.o)
 .debug_info    0x0000edd1      0x42a common/libcommon.a(cmd_itest.o)
 .debug_info    0x0000f1fb     0x201b common/libcommon.a(cmd_jffs2.o)
 .debug_info    0x00011216      0xd34 common/libcommon.a(cmd_load.o)
 .debug_info    0x00011f4a      0xa16 common/libcommon.a(cmd_mem.o)
 .debug_info    0x00012960      0x1aa common/libcommon.a(cmd_misc.o)
 .debug_info    0x00012b0a     0x1861 common/libcommon.a(cmd_nand.o)
 .debug_info    0x0001436b      0x533 common/libcommon.a(cmd_net.o)
 .debug_info    0x0001489e      0x827 common/libcommon.a(cmd_nvedit.o)
 .debug_info    0x000150c5      0x24b common/libcommon.a(cmd_usbslave.o)
 .debug_info    0x00015310      0x4aa common/libcommon.a(cmd_menu.o)
 .debug_info    0x000157ba      0x3f4 common/libcommon.a(command.o)
 .debug_info    0x00015bae      0x855 common/libcommon.a(console.o)
 .debug_info    0x00016403      0x485 common/libcommon.a(devices.o)
 .debug_info    0x00016888      0xb59 common/libcommon.a(dlmalloc.o)
 .debug_info    0x000173e1      0x378 common/libcommon.a(env_common.o)
 .debug_info    0x00017759      0xa33 common/libcommon.a(env_nand.o)
 .debug_info    0x0001818c      0x255 common/libcommon.a(exports.o)
 .debug_info    0x000183e1      0x2f4 common/libcommon.a(flash.o)
 .debug_info    0x000186d5      0x4df common/libcommon.a(lists.o)
 .debug_info    0x00018bb4      0x17a common/libcommon.a(s_record.o)
 .debug_info    0x00018d2e      0x625 common/libcommon.a(xyzModem.o)
 .debug_info    0x00019353      0x10f common/libcommon.a(crc16.o)
 .debug_info    0x00019462      0xe01 drivers/lcd/liblcd.a(embedsky_lcd.o)
 .debug_info    0x0001a263      0x611 modules/usb.module(usbmain.o)
 .debug_info    0x0001a874      0x769 modules/usb.module(usbout.o)
 .debug_info    0x0001afdd      0xb09 modules/usb.module(usbsetup.o)
 .debug_info    0x0001bae6      0xe64 modules/usb.module(usbinit.o)
 .debug_info    0x0001c94a      0x589 modules/usb.module(usbin.o)
 .debug_info    0x0001ced3      0x882 modules/usb.module(usblib.o)
 .debug_info    0x0001d755      0x16d lib_generic/libgeneric.a(crc32.o)
 .debug_info    0x0001d8c2       0x56 lib_generic/libgeneric.a(ctype.o)
 .debug_info    0x0001d918      0x120 lib_generic/libgeneric.a(display_options.o)
 .debug_info    0x0001da38      0x828 lib_generic/libgeneric.a(string.o)
 .debug_info    0x0001e260      0x401 lib_generic/libgeneric.a(vsprintf.o)
 .debug_info    0x0001e661     0x16ca lib_generic/libgeneric.a(zlib.o)
 .debug_info    0x0001fd2b      0x5c2 board/smdk2410/libsmdk2410.a(smdk2410.o)
 .debug_info    0x000202ed      0x3e4 board/smdk2410/libsmdk2410.a(flash.o)
 .debug_info    0x000206d1      0x49b cpu/arm920t/libarm920t.a(cpu.o)
 .debug_info    0x00020b6c      0x555 cpu/arm920t/s3c24x0/libs3c24x0.a(serial.o)
 .debug_info    0x000210c1      0xfca cpu/arm920t/s3c24x0/libs3c24x0.a(nand_flash.o)
 .debug_info    0x0002208b       0x57 lib_arm/libarm.a(_ashldi3.o)
 .debug_info    0x000220e2       0x57 lib_arm/libarm.a(_ashrdi3.o)
 .debug_info    0x00022139       0x56 lib_arm/libarm.a(_divsi3.o)
 .debug_info    0x0002218f       0x56 lib_arm/libarm.a(_modsi3.o)
 .debug_info    0x000221e5       0x57 lib_arm/libarm.a(_umodsi3.o)
 .debug_info    0x0002223c      0xa94 lib_arm/libarm.a(armlinux.o)
 .debug_info    0x00022cd0       0xa8 lib_arm/libarm.a(cache.o)
 .debug_info    0x00022d78      0x770 fs/cramfs/libcramfs.a(cramfs.o)
 .debug_info    0x000234e8      0x35c fs/cramfs/libcramfs.a(uncompress.o)
 .debug_info    0x00023844     0x260f fs/jffs2/libjffs2.a(jffs2_1pass.o)
 .debug_info    0x00025e53      0x139 fs/jffs2/libjffs2.a(compr_rtime.o)
 .debug_info    0x00025f8c      0x1e8 fs/jffs2/libjffs2.a(compr_rubin.o)
 .debug_info    0x00026174       0xd7 fs/jffs2/libjffs2.a(compr_zlib.o)
 .debug_info    0x0002624b      0xc25 fs/jffs2/libjffs2.a(mini_inflate.o)
 .debug_info    0x00026e70      0x253 rtc/librtc.a(date.o)
 .debug_info    0x000270c3      0x6ac rtc/librtc.a(s3c24x0_rtc.o)
 .debug_info    0x0002776f     0x13af drivers/nand/libnand.a(nand_util.o)
 .debug_info    0x00028b1e       0xe2 /opt/EmbedSky/crosstools_3.4.5_softfloat/gcc-3.4.5-glibc-2.3.6/arm-linux/lib/gcc/arm-linux/3.4.5/libgcc.a(_addsubdf3.oS)
 .debug_info    0x00028c00       0xe2 /opt/EmbedSky/crosstools_3.4.5_softfloat/gcc-3.4.5-glibc-2.3.6/arm-linux/lib/gcc/arm-linux/3.4.5/libgcc.a(_muldivdf3.oS)
 .debug_info    0x00028ce2       0xe2 /opt/EmbedSky/crosstools_3.4.5_softfloat/gcc-3.4.5-glibc-2.3.6/arm-linux/lib/gcc/arm-linux/3.4.5/libgcc.a(_fixdfsi.oS)

.debug_abbrev   0x00000000     0x81d6
 .debug_abbrev  0x00000000       0x14 cpu/arm920t/start.o
 .debug_abbrev  0x00000014      0x274 board/smdk2410/boot_init.o
 .debug_abbrev  0x00000288       0x14 board/smdk2410/lowlevel_init.o
 .debug_abbrev  0x0000029c       0xf1 cpu/arm920t/libarm920t.a(interrupts.o)
 .debug_abbrev  0x0000038d      0x250 cpu/arm920t/s3c24x0/libs3c24x0.a(interrupts.o)
 .debug_abbrev  0x000005dd      0x107 cpu/arm920t/s3c24x0/libs3c24x0.a(speed.o)
 .debug_abbrev  0x000006e4       0x14 lib_arm/libarm.a(_udivsi3.o)
 .debug_abbrev  0x000006f8      0x20b lib_arm/libarm.a(board.o)
 .debug_abbrev  0x00000903       0x3a lib_arm/libarm.a(div0.o)
 .debug_abbrev  0x0000093d      0x25b lib_arm/libarm.a(boot_zImage.o)
 .debug_abbrev  0x00000b98      0x2fc net/libnet.a(net.o)
 .debug_abbrev  0x00000e94      0x19e net/libnet.a(tftp.o)
 .debug_abbrev  0x00001032      0x261 net/libnet.a(bootp.o)
 .debug_abbrev  0x00001293      0x108 net/libnet.a(rarp.o)
 .debug_abbrev  0x0000139b       0xac net/libnet.a(eth.o)
 .debug_abbrev  0x00001447      0x2e3 net/libnet.a(nfs.o)
 .debug_abbrev  0x0000172a      0x23d drivers/libdrivers.a(dm9000x.o)
 .debug_abbrev  0x00001967      0x17d drivers/nand/libnand.a(nand.o)
 .debug_abbrev  0x00001ae4      0x32a drivers/nand/libnand.a(nand_base.o)
 .debug_abbrev  0x00001e0e       0x83 drivers/nand/libnand.a(nand_ids.o)
 .debug_abbrev  0x00001e91      0x171 drivers/nand/libnand.a(nand_ecc.o)
 .debug_abbrev  0x00002002      0x2b1 drivers/nand/libnand.a(nand_bbt.o)
 .debug_abbrev  0x000022b3      0x259 common/libcommon.a(main.o)
 .debug_abbrev  0x0000250c      0x141 common/libcommon.a(cmd_autoscript.o)
 .debug_abbrev  0x0000264d      0x119 common/libcommon.a(cmd_bdinfo.o)
 .debug_abbrev  0x00002766       0xd6 common/libcommon.a(cmd_boot.o)
 .debug_abbrev  0x0000283c      0x2c2 common/libcommon.a(cmd_bootm.o)
 .debug_abbrev  0x00002afe       0xe5 common/libcommon.a(cmd_cache.o)
 .debug_abbrev  0x00002be3      0x134 common/libcommon.a(cmd_console.o)
 .debug_abbrev  0x00002d17      0x15a common/libcommon.a(cmd_date.o)
 .debug_abbrev  0x00002e71      0x178 common/libcommon.a(cmd_elf.o)
 .debug_abbrev  0x00002fe9      0x1b8 common/libcommon.a(cmd_flash.o)
 .debug_abbrev  0x000031a1      0x17f common/libcommon.a(cmd_itest.o)
 .debug_abbrev  0x00003320      0x342 common/libcommon.a(cmd_jffs2.o)
 .debug_abbrev  0x00003662      0x301 common/libcommon.a(cmd_load.o)
 .debug_abbrev  0x00003963      0x1c0 common/libcommon.a(cmd_mem.o)
 .debug_abbrev  0x00003b23       0xc7 common/libcommon.a(cmd_misc.o)
 .debug_abbrev  0x00003bea      0x2d3 common/libcommon.a(cmd_nand.o)
 .debug_abbrev  0x00003ebd      0x17b common/libcommon.a(cmd_net.o)
 .debug_abbrev  0x00004038      0x22e common/libcommon.a(cmd_nvedit.o)
 .debug_abbrev  0x00004266       0xfe common/libcommon.a(cmd_usbslave.o)
 .debug_abbrev  0x00004364      0x1a1 common/libcommon.a(cmd_menu.o)
 .debug_abbrev  0x00004505      0x18b common/libcommon.a(command.o)
 .debug_abbrev  0x00004690      0x23a common/libcommon.a(console.o)
 .debug_abbrev  0x000048ca      0x15b common/libcommon.a(devices.o)
 .debug_abbrev  0x00004a25      0x1d6 common/libcommon.a(dlmalloc.o)
 .debug_abbrev  0x00004bfb      0x149 common/libcommon.a(env_common.o)
 .debug_abbrev  0x00004d44      0x22a common/libcommon.a(env_nand.o)
 .debug_abbrev  0x00004f6e       0xf3 common/libcommon.a(exports.o)
 .debug_abbrev  0x00005061      0x116 common/libcommon.a(flash.o)
 .debug_abbrev  0x00005177      0x18e common/libcommon.a(lists.o)
 .debug_abbrev  0x00005305       0xac common/libcommon.a(s_record.o)
 .debug_abbrev  0x000053b1      0x214 common/libcommon.a(xyzModem.o)
 .debug_abbrev  0x000055c5       0x9f common/libcommon.a(crc16.o)
 .debug_abbrev  0x00005664      0x27c drivers/lcd/liblcd.a(embedsky_lcd.o)
 .debug_abbrev  0x000058e0      0x159 modules/usb.module(usbmain.o)
 .debug_abbrev  0x00005a39      0x167 modules/usb.module(usbout.o)
 .debug_abbrev  0x00005ba0      0x17e modules/usb.module(usbsetup.o)
 .debug_abbrev  0x00005d1e      0x1e6 modules/usb.module(usbinit.o)
 .debug_abbrev  0x00005f04      0x13a modules/usb.module(usbin.o)
 .debug_abbrev  0x0000603e      0x140 modules/usb.module(usblib.o)
 .debug_abbrev  0x0000617e       0x90 lib_generic/libgeneric.a(crc32.o)
 .debug_abbrev  0x0000620e       0x42 lib_generic/libgeneric.a(ctype.o)
 .debug_abbrev  0x00006250       0xc3 lib_generic/libgeneric.a(display_options.o)
 .debug_abbrev  0x00006313      0x136 lib_generic/libgeneric.a(string.o)
 .debug_abbrev  0x00006449      0x1ad lib_generic/libgeneric.a(vsprintf.o)
 .debug_abbrev  0x000065f6      0x271 lib_generic/libgeneric.a(zlib.o)
 .debug_abbrev  0x00006867      0x13b board/smdk2410/libsmdk2410.a(smdk2410.o)
 .debug_abbrev  0x000069a2      0x18e board/smdk2410/libsmdk2410.a(flash.o)
 .debug_abbrev  0x00006b30      0x164 cpu/arm920t/libarm920t.a(cpu.o)
 .debug_abbrev  0x00006c94      0x19c cpu/arm920t/s3c24x0/libs3c24x0.a(serial.o)
 .debug_abbrev  0x00006e30      0x1ef cpu/arm920t/s3c24x0/libs3c24x0.a(nand_flash.o)
 .debug_abbrev  0x0000701f       0x14 lib_arm/libarm.a(_ashldi3.o)
 .debug_abbrev  0x00007033       0x14 lib_arm/libarm.a(_ashrdi3.o)
 .debug_abbrev  0x00007047       0x14 lib_arm/libarm.a(_divsi3.o)
 .debug_abbrev  0x0000705b       0x14 lib_arm/libarm.a(_modsi3.o)
 .debug_abbrev  0x0000706f       0x14 lib_arm/libarm.a(_umodsi3.o)
 .debug_abbrev  0x00007083      0x1f7 lib_arm/libarm.a(armlinux.o)
 .debug_abbrev  0x0000727a       0x4e lib_arm/libarm.a(cache.o)
 .debug_abbrev  0x000072c8      0x1ac fs/cramfs/libcramfs.a(cramfs.o)
 .debug_abbrev  0x00007474      0x150 fs/cramfs/libcramfs.a(uncompress.o)
 .debug_abbrev  0x000075c4      0x31a fs/jffs2/libjffs2.a(jffs2_1pass.o)
 .debug_abbrev  0x000078de       0x9d fs/jffs2/libjffs2.a(compr_rtime.o)
 .debug_abbrev  0x0000797b       0xc4 fs/jffs2/libjffs2.a(compr_rubin.o)
 .debug_abbrev  0x00007a3f       0x66 fs/jffs2/libjffs2.a(compr_zlib.o)
 .debug_abbrev  0x00007aa5      0x253 fs/jffs2/libjffs2.a(mini_inflate.o)
 .debug_abbrev  0x00007cf8       0xdc rtc/librtc.a(date.o)
 .debug_abbrev  0x00007dd4      0x1c0 rtc/librtc.a(s3c24x0_rtc.o)
 .debug_abbrev  0x00007f94      0x206 drivers/nand/libnand.a(nand_util.o)
 .debug_abbrev  0x0000819a       0x14 /opt/EmbedSky/crosstools_3.4.5_softfloat/gcc-3.4.5-glibc-2.3.6/arm-linux/lib/gcc/arm-linux/3.4.5/libgcc.a(_addsubdf3.oS)
 .debug_abbrev  0x000081ae       0x14 /opt/EmbedSky/crosstools_3.4.5_softfloat/gcc-3.4.5-glibc-2.3.6/arm-linux/lib/gcc/arm-linux/3.4.5/libgcc.a(_muldivdf3.oS)
 .debug_abbrev  0x000081c2       0x14 /opt/EmbedSky/crosstools_3.4.5_softfloat/gcc-3.4.5-glibc-2.3.6/arm-linux/lib/gcc/arm-linux/3.4.5/libgcc.a(_fixdfsi.oS)

.debug_aranges  0x00000000      0xb40
 .debug_aranges
                0x00000000       0x20 cpu/arm920t/start.o
 .debug_aranges
                0x00000020       0x20 board/smdk2410/boot_init.o
 .debug_aranges
                0x00000040       0x20 board/smdk2410/lowlevel_init.o
 .debug_aranges
                0x00000060       0x20 cpu/arm920t/libarm920t.a(interrupts.o)
 .debug_aranges
                0x00000080       0x20 cpu/arm920t/s3c24x0/libs3c24x0.a(interrupts.o)
 .debug_aranges
                0x000000a0       0x20 cpu/arm920t/s3c24x0/libs3c24x0.a(speed.o)
 .debug_aranges
                0x000000c0       0x20 lib_arm/libarm.a(_udivsi3.o)
 .debug_aranges
                0x000000e0       0x20 lib_arm/libarm.a(board.o)
 .debug_aranges
                0x00000100       0x20 lib_arm/libarm.a(div0.o)
 .debug_aranges
                0x00000120       0x20 lib_arm/libarm.a(boot_zImage.o)
 .debug_aranges
                0x00000140       0x20 net/libnet.a(net.o)
 .debug_aranges
                0x00000160       0x20 net/libnet.a(tftp.o)
 .debug_aranges
                0x00000180       0x20 net/libnet.a(bootp.o)
 .debug_aranges
                0x000001a0       0x20 net/libnet.a(rarp.o)
 .debug_aranges
                0x000001c0       0x20 net/libnet.a(eth.o)
 .debug_aranges
                0x000001e0       0x20 net/libnet.a(nfs.o)
 .debug_aranges
                0x00000200       0x20 drivers/libdrivers.a(dm9000x.o)
 .debug_aranges
                0x00000220       0x20 drivers/nand/libnand.a(nand.o)
 .debug_aranges
                0x00000240       0x20 drivers/nand/libnand.a(nand_base.o)
 .debug_aranges
                0x00000260       0x20 drivers/nand/libnand.a(nand_ecc.o)
 .debug_aranges
                0x00000280       0x20 drivers/nand/libnand.a(nand_bbt.o)
 .debug_aranges
                0x000002a0       0x20 common/libcommon.a(main.o)
 .debug_aranges
                0x000002c0       0x20 common/libcommon.a(cmd_autoscript.o)
 .debug_aranges
                0x000002e0       0x20 common/libcommon.a(cmd_bdinfo.o)
 .debug_aranges
                0x00000300       0x20 common/libcommon.a(cmd_boot.o)
 .debug_aranges
                0x00000320       0x20 common/libcommon.a(cmd_bootm.o)
 .debug_aranges
                0x00000340       0x20 common/libcommon.a(cmd_cache.o)
 .debug_aranges
                0x00000360       0x20 common/libcommon.a(cmd_console.o)
 .debug_aranges
                0x00000380       0x20 common/libcommon.a(cmd_date.o)
 .debug_aranges
                0x000003a0       0x20 common/libcommon.a(cmd_elf.o)
 .debug_aranges
                0x000003c0       0x20 common/libcommon.a(cmd_flash.o)
 .debug_aranges
                0x000003e0       0x20 common/libcommon.a(cmd_itest.o)
 .debug_aranges
                0x00000400       0x20 common/libcommon.a(cmd_jffs2.o)
 .debug_aranges
                0x00000420       0x20 common/libcommon.a(cmd_load.o)
 .debug_aranges
                0x00000440       0x20 common/libcommon.a(cmd_mem.o)
 .debug_aranges
                0x00000460       0x20 common/libcommon.a(cmd_misc.o)
 .debug_aranges
                0x00000480       0x20 common/libcommon.a(cmd_nand.o)
 .debug_aranges
                0x000004a0       0x20 common/libcommon.a(cmd_net.o)
 .debug_aranges
                0x000004c0       0x20 common/libcommon.a(cmd_nvedit.o)
 .debug_aranges
                0x000004e0       0x20 common/libcommon.a(cmd_usbslave.o)
 .debug_aranges
                0x00000500       0x20 common/libcommon.a(cmd_menu.o)
 .debug_aranges
                0x00000520       0x20 common/libcommon.a(command.o)
 .debug_aranges
                0x00000540       0x20 common/libcommon.a(console.o)
 .debug_aranges
                0x00000560       0x20 common/libcommon.a(devices.o)
 .debug_aranges
                0x00000580       0x20 common/libcommon.a(dlmalloc.o)
 .debug_aranges
                0x000005a0       0x20 common/libcommon.a(env_common.o)
 .debug_aranges
                0x000005c0       0x20 common/libcommon.a(env_nand.o)
 .debug_aranges
                0x000005e0       0x20 common/libcommon.a(exports.o)
 .debug_aranges
                0x00000600       0x20 common/libcommon.a(flash.o)
 .debug_aranges
                0x00000620       0x20 common/libcommon.a(lists.o)
 .debug_aranges
                0x00000640       0x20 common/libcommon.a(s_record.o)
 .debug_aranges
                0x00000660       0x20 common/libcommon.a(xyzModem.o)
 .debug_aranges
                0x00000680       0x20 common/libcommon.a(crc16.o)
 .debug_aranges
                0x000006a0       0x20 drivers/lcd/liblcd.a(embedsky_lcd.o)
 .debug_aranges
                0x000006c0       0x20 modules/usb.module(usbmain.o)
 .debug_aranges
                0x000006e0       0x20 modules/usb.module(usbout.o)
 .debug_aranges
                0x00000700       0x20 modules/usb.module(usbsetup.o)
 .debug_aranges
                0x00000720       0x20 modules/usb.module(usbinit.o)
 .debug_aranges
                0x00000740       0x20 modules/usb.module(usbin.o)
 .debug_aranges
                0x00000760       0x20 modules/usb.module(usblib.o)
 .debug_aranges
                0x00000780       0x20 lib_generic/libgeneric.a(crc32.o)
 .debug_aranges
                0x000007a0       0x20 lib_generic/libgeneric.a(display_options.o)
 .debug_aranges
                0x000007c0       0x20 lib_generic/libgeneric.a(string.o)
 .debug_aranges
                0x000007e0       0x20 lib_generic/libgeneric.a(vsprintf.o)
 .debug_aranges
                0x00000800       0x20 lib_generic/libgeneric.a(zlib.o)
 .debug_aranges
                0x00000820       0x20 board/smdk2410/libsmdk2410.a(smdk2410.o)
 .debug_aranges
                0x00000840       0x20 board/smdk2410/libsmdk2410.a(flash.o)
 .debug_aranges
                0x00000860       0x20 cpu/arm920t/libarm920t.a(cpu.o)
 .debug_aranges
                0x00000880       0x20 cpu/arm920t/s3c24x0/libs3c24x0.a(serial.o)
 .debug_aranges
                0x000008a0       0x20 cpu/arm920t/s3c24x0/libs3c24x0.a(nand_flash.o)
 .debug_aranges
                0x000008c0       0x20 lib_arm/libarm.a(_ashldi3.o)
 .debug_aranges
                0x000008e0       0x20 lib_arm/libarm.a(_ashrdi3.o)
 .debug_aranges
                0x00000900       0x20 lib_arm/libarm.a(_divsi3.o)
 .debug_aranges
                0x00000920       0x20 lib_arm/libarm.a(_modsi3.o)
 .debug_aranges
                0x00000940       0x20 lib_arm/libarm.a(_umodsi3.o)
 .debug_aranges
                0x00000960       0x20 lib_arm/libarm.a(armlinux.o)
 .debug_aranges
                0x00000980       0x20 lib_arm/libarm.a(cache.o)
 .debug_aranges
                0x000009a0       0x20 fs/cramfs/libcramfs.a(cramfs.o)
 .debug_aranges
                0x000009c0       0x20 fs/cramfs/libcramfs.a(uncompress.o)
 .debug_aranges
                0x000009e0       0x20 fs/jffs2/libjffs2.a(jffs2_1pass.o)
 .debug_aranges
                0x00000a00       0x20 fs/jffs2/libjffs2.a(compr_rtime.o)
 .debug_aranges
                0x00000a20       0x20 fs/jffs2/libjffs2.a(compr_rubin.o)
 .debug_aranges
                0x00000a40       0x20 fs/jffs2/libjffs2.a(compr_zlib.o)
 .debug_aranges
                0x00000a60       0x20 fs/jffs2/libjffs2.a(mini_inflate.o)
 .debug_aranges
                0x00000a80       0x20 rtc/librtc.a(date.o)
 .debug_aranges
                0x00000aa0       0x20 rtc/librtc.a(s3c24x0_rtc.o)
 .debug_aranges
                0x00000ac0       0x20 drivers/nand/libnand.a(nand_util.o)
 .debug_aranges
                0x00000ae0       0x20 /opt/EmbedSky/crosstools_3.4.5_softfloat/gcc-3.4.5-glibc-2.3.6/arm-linux/lib/gcc/arm-linux/3.4.5/libgcc.a(_addsubdf3.oS)
 .debug_aranges
                0x00000b00       0x20 /opt/EmbedSky/crosstools_3.4.5_softfloat/gcc-3.4.5-glibc-2.3.6/arm-linux/lib/gcc/arm-linux/3.4.5/libgcc.a(_muldivdf3.oS)
 .debug_aranges
                0x00000b20       0x20 /opt/EmbedSky/crosstools_3.4.5_softfloat/gcc-3.4.5-glibc-2.3.6/arm-linux/lib/gcc/arm-linux/3.4.5/libgcc.a(_fixdfsi.oS)

.debug_frame    0x00000000     0x4084
 .debug_frame   0x00000000      0x15c board/smdk2410/boot_init.o
 .debug_frame   0x0000015c      0x110 cpu/arm920t/libarm920t.a(interrupts.o)
 .debug_frame   0x0000026c      0x1cc cpu/arm920t/s3c24x0/libs3c24x0.a(interrupts.o)
 .debug_frame   0x00000438       0x7c cpu/arm920t/s3c24x0/libs3c24x0.a(speed.o)
 .debug_frame   0x000004b4       0x9c lib_arm/libarm.a(board.o)
 .debug_frame   0x00000550       0x20 lib_arm/libarm.a(div0.o)
 .debug_frame   0x00000570      0x100 lib_arm/libarm.a(boot_zImage.o)
 .debug_frame   0x00000670      0x2c0 net/libnet.a(net.o)
 .debug_frame   0x00000930       0x8c net/libnet.a(tftp.o)
 .debug_frame   0x000009bc       0x8c net/libnet.a(bootp.o)
 .debug_frame   0x00000a48       0x60 net/libnet.a(rarp.o)
 .debug_frame   0x00000aa8       0x20 net/libnet.a(eth.o)
 .debug_frame   0x00000ac8      0x14c net/libnet.a(nfs.o)
 .debug_frame   0x00000c14       0xf4 drivers/libdrivers.a(dm9000x.o)
 .debug_frame   0x00000d08       0x28 drivers/nand/libnand.a(nand.o)
 .debug_frame   0x00000d30      0x460 drivers/nand/libnand.a(nand_base.o)
 .debug_frame   0x00001190       0x54 drivers/nand/libnand.a(nand_ecc.o)
 .debug_frame   0x000011e4      0x1a0 drivers/nand/libnand.a(nand_bbt.o)
 .debug_frame   0x00001384       0xb4 common/libcommon.a(main.o)
 .debug_frame   0x00001438       0x4c common/libcommon.a(cmd_autoscript.o)
 .debug_frame   0x00001484       0x3c common/libcommon.a(cmd_bdinfo.o)
 .debug_frame   0x000014c0       0x2c common/libcommon.a(cmd_boot.o)
 .debug_frame   0x000014ec      0x120 common/libcommon.a(cmd_bootm.o)
 .debug_frame   0x0000160c       0x58 common/libcommon.a(cmd_cache.o)
 .debug_frame   0x00001664       0x30 common/libcommon.a(cmd_console.o)
 .debug_frame   0x00001694       0x64 common/libcommon.a(cmd_date.o)
 .debug_frame   0x000016f8       0x88 common/libcommon.a(cmd_elf.o)
 .debug_frame   0x00001780      0x124 common/libcommon.a(cmd_flash.o)
 .debug_frame   0x000018a4       0x74 common/libcommon.a(cmd_itest.o)
 .debug_frame   0x00001918      0x2ac common/libcommon.a(cmd_jffs2.o)
 .debug_frame   0x00001bc4      0x198 common/libcommon.a(cmd_load.o)
 .debug_frame   0x00001d5c      0x184 common/libcommon.a(cmd_mem.o)
 .debug_frame   0x00001ee0       0x30 common/libcommon.a(cmd_misc.o)
 .debug_frame   0x00001f10       0xac common/libcommon.a(cmd_nand.o)
 .debug_frame   0x00001fbc       0x90 common/libcommon.a(cmd_net.o)
 .debug_frame   0x0000204c      0x108 common/libcommon.a(cmd_nvedit.o)
 .debug_frame   0x00002154       0x30 common/libcommon.a(cmd_usbslave.o)
 .debug_frame   0x00002184       0xf0 common/libcommon.a(cmd_menu.o)
 .debug_frame   0x00002274       0x98 common/libcommon.a(command.o)
 .debug_frame   0x0000230c      0x214 common/libcommon.a(console.o)
 .debug_frame   0x00002520       0x5c common/libcommon.a(devices.o)
 .debug_frame   0x0000257c      0x13c common/libcommon.a(dlmalloc.o)
 .debug_frame   0x000026b8       0x7c common/libcommon.a(env_common.o)
 .debug_frame   0x00002734       0x88 common/libcommon.a(env_nand.o)
 .debug_frame   0x000027bc       0x48 common/libcommon.a(exports.o)
 .debug_frame   0x00002804       0x80 common/libcommon.a(flash.o)
 .debug_frame   0x00002884      0x134 common/libcommon.a(lists.o)
 .debug_frame   0x000029b8       0x64 common/libcommon.a(s_record.o)
 .debug_frame   0x00002a1c      0x128 common/libcommon.a(xyzModem.o)
 .debug_frame   0x00002b44       0x28 common/libcommon.a(crc16.o)
 .debug_frame   0x00002b6c      0x1ac drivers/lcd/liblcd.a(embedsky_lcd.o)
 .debug_frame   0x00002d18       0x70 modules/usb.module(usbmain.o)
 .debug_frame   0x00002d88       0x80 modules/usb.module(usbout.o)
 .debug_frame   0x00002e08       0x70 modules/usb.module(usbsetup.o)
 .debug_frame   0x00002e78      0x128 modules/usb.module(usbinit.o)
 .debug_frame   0x00002fa0       0x48 modules/usb.module(usbin.o)
 .debug_frame   0x00002fe8       0xd0 modules/usb.module(usblib.o)
 .debug_frame   0x000030b8       0x40 lib_generic/libgeneric.a(crc32.o)
 .debug_frame   0x000030f8       0x48 lib_generic/libgeneric.a(display_options.o)
 .debug_frame   0x00003140      0x1dc lib_generic/libgeneric.a(string.o)
 .debug_frame   0x0000331c       0xe4 lib_generic/libgeneric.a(vsprintf.o)
 .debug_frame   0x00003400      0x1f4 lib_generic/libgeneric.a(zlib.o)
 .debug_frame   0x000035f4       0x38 board/smdk2410/libsmdk2410.a(smdk2410.o)
 .debug_frame   0x0000362c       0xc0 board/smdk2410/libsmdk2410.a(flash.o)
 .debug_frame   0x000036ec      0x114 cpu/arm920t/libarm920t.a(cpu.o)
 .debug_frame   0x00003800       0xb8 cpu/arm920t/s3c24x0/libs3c24x0.a(serial.o)
 .debug_frame   0x000038b8       0x58 cpu/arm920t/s3c24x0/libs3c24x0.a(nand_flash.o)
 .debug_frame   0x00003910       0x38 lib_arm/libarm.a(armlinux.o)
 .debug_frame   0x00003948       0x20 lib_arm/libarm.a(cache.o)
 .debug_frame   0x00003968      0x118 fs/cramfs/libcramfs.a(cramfs.o)
 .debug_frame   0x00003a80       0x80 fs/cramfs/libcramfs.a(uncompress.o)
 .debug_frame   0x00003b00      0x208 fs/jffs2/libjffs2.a(jffs2_1pass.o)
 .debug_frame   0x00003d08       0x34 fs/jffs2/libjffs2.a(compr_rtime.o)
 .debug_frame   0x00003d3c       0x4c fs/jffs2/libjffs2.a(compr_rubin.o)
 .debug_frame   0x00003d88       0x20 fs/jffs2/libjffs2.a(compr_zlib.o)
 .debug_frame   0x00003da8       0xe8 fs/jffs2/libjffs2.a(mini_inflate.o)
 .debug_frame   0x00003e90       0x6c rtc/librtc.a(date.o)
 .debug_frame   0x00003efc       0x94 rtc/librtc.a(s3c24x0_rtc.o)
 .debug_frame   0x00003f90       0xf4 drivers/nand/libnand.a(nand_util.o)

.debug_pubnames
                0x00000000     0x2e55